###############################################################################
#
# IAR ELF Linker V7.80.1.11864/W32 for ARM                29/Sep/2022  19:03:45
# Copyright 2007-2016 IAR Systems AB.
#
#    Output file  =  
#        d:\Embedded\Projects\OpenSource\Multizone_temperature_sensor\KW40_Firmware\OUTPUT\EXE\BLE.out.tmp
#    Map file     =  
#        d:\Embedded\Projects\OpenSource\Multizone_temperature_sensor\KW40_Firmware\OUTPUT\LIST\BLE.map
#    Command line =  
#        d:\Embedded\Projects\OpenSource\Multizone_temperature_sensor\KW40_Firmware\OUTPUT\OBJ\App_comm_channel.o
#        d:\Embedded\Projects\OpenSource\Multizone_temperature_sensor\KW40_Firmware\OUTPUT\OBJ\App_CommandService.o
#        d:\Embedded\Projects\OpenSource\Multizone_temperature_sensor\KW40_Firmware\OUTPUT\OBJ\App_CommunicationService.o
#        d:\Embedded\Projects\OpenSource\Multizone_temperature_sensor\KW40_Firmware\OUTPUT\OBJ\battery_service.o
#        d:\Embedded\Projects\OpenSource\Multizone_temperature_sensor\KW40_Firmware\OUTPUT\OBJ\BLE_common_app.o
#        d:\Embedded\Projects\OpenSource\Multizone_temperature_sensor\KW40_Firmware\OUTPUT\OBJ\ble_controller_task.o
#        d:\Embedded\Projects\OpenSource\Multizone_temperature_sensor\KW40_Firmware\OUTPUT\OBJ\ble_globals.o
#        d:\Embedded\Projects\OpenSource\Multizone_temperature_sensor\KW40_Firmware\OUTPUT\OBJ\ble_host_tasks.o
#        d:\Embedded\Projects\OpenSource\Multizone_temperature_sensor\KW40_Firmware\OUTPUT\OBJ\BLE_Perfomance_Test.o
#        d:\Embedded\Projects\OpenSource\Multizone_temperature_sensor\KW40_Firmware\OUTPUT\OBJ\BLE_peripheral_app.o
#        d:\Embedded\Projects\OpenSource\Multizone_temperature_sensor\KW40_Firmware\OUTPUT\OBJ\BSP.o
#        d:\Embedded\Projects\OpenSource\Multizone_temperature_sensor\KW40_Firmware\OUTPUT\OBJ\BSP_clocks.o
#        d:\Embedded\Projects\OpenSource\Multizone_temperature_sensor\KW40_Firmware\OUTPUT\OBJ\BSP_DMA.o
#        d:\Embedded\Projects\OpenSource\Multizone_temperature_sensor\KW40_Firmware\OUTPUT\OBJ\BSP_pins.o
#        d:\Embedded\Projects\OpenSource\Multizone_temperature_sensor\KW40_Firmware\OUTPUT\OBJ\BSP_PIT.o
#        d:\Embedded\Projects\OpenSource\Multizone_temperature_sensor\KW40_Firmware\OUTPUT\OBJ\BSP_SPI.o
#        d:\Embedded\Projects\OpenSource\Multizone_temperature_sensor\KW40_Firmware\OUTPUT\OBJ\CopyToRam.o
#        d:\Embedded\Projects\OpenSource\Multizone_temperature_sensor\KW40_Firmware\OUTPUT\OBJ\CRC_utils.o
#        d:\Embedded\Projects\OpenSource\Multizone_temperature_sensor\KW40_Firmware\OUTPUT\OBJ\croutine.o
#        d:\Embedded\Projects\OpenSource\Multizone_temperature_sensor\KW40_Firmware\OUTPUT\OBJ\DCDC.o
#        d:\Embedded\Projects\OpenSource\Multizone_temperature_sensor\KW40_Firmware\OUTPUT\OBJ\DEFlashPartition.o
#        d:\Embedded\Projects\OpenSource\Multizone_temperature_sensor\KW40_Firmware\OUTPUT\OBJ\device_info_service.o
#        d:\Embedded\Projects\OpenSource\Multizone_temperature_sensor\KW40_Firmware\OUTPUT\OBJ\DFlashGetProtection.o
#        d:\Embedded\Projects\OpenSource\Multizone_temperature_sensor\KW40_Firmware\OUTPUT\OBJ\DFlashSetProtection.o
#        d:\Embedded\Projects\OpenSource\Multizone_temperature_sensor\KW40_Firmware\OUTPUT\OBJ\EEEWrite.o
#        d:\Embedded\Projects\OpenSource\Multizone_temperature_sensor\KW40_Firmware\OUTPUT\OBJ\EERAMGetProtection.o
#        d:\Embedded\Projects\OpenSource\Multizone_temperature_sensor\KW40_Firmware\OUTPUT\OBJ\EERAMSetProtection.o
#        d:\Embedded\Projects\OpenSource\Multizone_temperature_sensor\KW40_Firmware\OUTPUT\OBJ\event_groups.o
#        d:\Embedded\Projects\OpenSource\Multizone_temperature_sensor\KW40_Firmware\OUTPUT\OBJ\Flash_Adapter.o
#        d:\Embedded\Projects\OpenSource\Multizone_temperature_sensor\KW40_Firmware\OUTPUT\OBJ\FlashCheckSum.o
#        d:\Embedded\Projects\OpenSource\Multizone_temperature_sensor\KW40_Firmware\OUTPUT\OBJ\FlashCommandSequence.o
#        d:\Embedded\Projects\OpenSource\Multizone_temperature_sensor\KW40_Firmware\OUTPUT\OBJ\FlashEraseAllBlock.o
#        d:\Embedded\Projects\OpenSource\Multizone_temperature_sensor\KW40_Firmware\OUTPUT\OBJ\FlashEraseResume.o
#        d:\Embedded\Projects\OpenSource\Multizone_temperature_sensor\KW40_Firmware\OUTPUT\OBJ\FlashEraseSector.o
#        d:\Embedded\Projects\OpenSource\Multizone_temperature_sensor\KW40_Firmware\OUTPUT\OBJ\FlashEraseSuspend.o
#        d:\Embedded\Projects\OpenSource\Multizone_temperature_sensor\KW40_Firmware\OUTPUT\OBJ\FlashGetSecurityState.o
#        d:\Embedded\Projects\OpenSource\Multizone_temperature_sensor\KW40_Firmware\OUTPUT\OBJ\FlashInit.o
#        d:\Embedded\Projects\OpenSource\Multizone_temperature_sensor\KW40_Firmware\OUTPUT\OBJ\FlashProgram.o
#        d:\Embedded\Projects\OpenSource\Multizone_temperature_sensor\KW40_Firmware\OUTPUT\OBJ\FlashProgramCheck.o
#        d:\Embedded\Projects\OpenSource\Multizone_temperature_sensor\KW40_Firmware\OUTPUT\OBJ\FlashProgramOnce.o
#        d:\Embedded\Projects\OpenSource\Multizone_temperature_sensor\KW40_Firmware\OUTPUT\OBJ\FlashProgramSection.o
#        d:\Embedded\Projects\OpenSource\Multizone_temperature_sensor\KW40_Firmware\OUTPUT\OBJ\FlashReadOnce.o
#        d:\Embedded\Projects\OpenSource\Multizone_temperature_sensor\KW40_Firmware\OUTPUT\OBJ\FlashReadResource.o
#        d:\Embedded\Projects\OpenSource\Multizone_temperature_sensor\KW40_Firmware\OUTPUT\OBJ\FlashSecurityBypass.o
#        d:\Embedded\Projects\OpenSource\Multizone_temperature_sensor\KW40_Firmware\OUTPUT\OBJ\FlashVerifyAllBlock.o
#        d:\Embedded\Projects\OpenSource\Multizone_temperature_sensor\KW40_Firmware\OUTPUT\OBJ\FlashVerifyBlock.o
#        d:\Embedded\Projects\OpenSource\Multizone_temperature_sensor\KW40_Firmware\OUTPUT\OBJ\FlashVerifySection.o
#        d:\Embedded\Projects\OpenSource\Multizone_temperature_sensor\KW40_Firmware\OUTPUT\OBJ\fsl_adc16_common.o
#        d:\Embedded\Projects\OpenSource\Multizone_temperature_sensor\KW40_Firmware\OUTPUT\OBJ\fsl_adc16_driver.o
#        d:\Embedded\Projects\OpenSource\Multizone_temperature_sensor\KW40_Firmware\OUTPUT\OBJ\fsl_adc16_hal.o
#        d:\Embedded\Projects\OpenSource\Multizone_temperature_sensor\KW40_Firmware\OUTPUT\OBJ\fsl_clock_manager.o
#        d:\Embedded\Projects\OpenSource\Multizone_temperature_sensor\KW40_Firmware\OUTPUT\OBJ\fsl_clock_manager_common.o
#        d:\Embedded\Projects\OpenSource\Multizone_temperature_sensor\KW40_Firmware\OUTPUT\OBJ\fsl_clock_MKW40Z4.o
#        d:\Embedded\Projects\OpenSource\Multizone_temperature_sensor\KW40_Firmware\OUTPUT\OBJ\fsl_cmp_common.o
#        d:\Embedded\Projects\OpenSource\Multizone_temperature_sensor\KW40_Firmware\OUTPUT\OBJ\fsl_cmp_driver.o
#        d:\Embedded\Projects\OpenSource\Multizone_temperature_sensor\KW40_Firmware\OUTPUT\OBJ\fsl_cmp_hal.o
#        d:\Embedded\Projects\OpenSource\Multizone_temperature_sensor\KW40_Firmware\OUTPUT\OBJ\fsl_cmt_common.o
#        d:\Embedded\Projects\OpenSource\Multizone_temperature_sensor\KW40_Firmware\OUTPUT\OBJ\fsl_cmt_driver.o
#        d:\Embedded\Projects\OpenSource\Multizone_temperature_sensor\KW40_Firmware\OUTPUT\OBJ\fsl_cmt_hal.o
#        d:\Embedded\Projects\OpenSource\Multizone_temperature_sensor\KW40_Firmware\OUTPUT\OBJ\fsl_cop_common.o
#        d:\Embedded\Projects\OpenSource\Multizone_temperature_sensor\KW40_Firmware\OUTPUT\OBJ\fsl_cop_driver.o
#        d:\Embedded\Projects\OpenSource\Multizone_temperature_sensor\KW40_Firmware\OUTPUT\OBJ\fsl_cop_hal.o
#        d:\Embedded\Projects\OpenSource\Multizone_temperature_sensor\KW40_Firmware\OUTPUT\OBJ\fsl_dac_common.o
#        d:\Embedded\Projects\OpenSource\Multizone_temperature_sensor\KW40_Firmware\OUTPUT\OBJ\fsl_dac_driver.o
#        d:\Embedded\Projects\OpenSource\Multizone_temperature_sensor\KW40_Firmware\OUTPUT\OBJ\fsl_dac_hal.o
#        d:\Embedded\Projects\OpenSource\Multizone_temperature_sensor\KW40_Firmware\OUTPUT\OBJ\fsl_dma_common.o
#        d:\Embedded\Projects\OpenSource\Multizone_temperature_sensor\KW40_Firmware\OUTPUT\OBJ\fsl_dma_driver.o
#        d:\Embedded\Projects\OpenSource\Multizone_temperature_sensor\KW40_Firmware\OUTPUT\OBJ\fsl_dma_hal.o
#        d:\Embedded\Projects\OpenSource\Multizone_temperature_sensor\KW40_Firmware\OUTPUT\OBJ\fsl_dmamux_hal.o
#        d:\Embedded\Projects\OpenSource\Multizone_temperature_sensor\KW40_Firmware\OUTPUT\OBJ\fsl_dspi_common.o
#        d:\Embedded\Projects\OpenSource\Multizone_temperature_sensor\KW40_Firmware\OUTPUT\OBJ\fsl_dspi_dma_master_driver.o
#        d:\Embedded\Projects\OpenSource\Multizone_temperature_sensor\KW40_Firmware\OUTPUT\OBJ\fsl_dspi_dma_slave_driver.o
#        d:\Embedded\Projects\OpenSource\Multizone_temperature_sensor\KW40_Firmware\OUTPUT\OBJ\fsl_dspi_hal.o
#        d:\Embedded\Projects\OpenSource\Multizone_temperature_sensor\KW40_Firmware\OUTPUT\OBJ\fsl_dspi_master_driver.o
#        d:\Embedded\Projects\OpenSource\Multizone_temperature_sensor\KW40_Firmware\OUTPUT\OBJ\fsl_dspi_shared_function.o
#        d:\Embedded\Projects\OpenSource\Multizone_temperature_sensor\KW40_Firmware\OUTPUT\OBJ\fsl_dspi_slave_driver.o
#        d:\Embedded\Projects\OpenSource\Multizone_temperature_sensor\KW40_Firmware\OUTPUT\OBJ\fsl_gpio_common.o
#        d:\Embedded\Projects\OpenSource\Multizone_temperature_sensor\KW40_Firmware\OUTPUT\OBJ\fsl_gpio_driver.o
#        d:\Embedded\Projects\OpenSource\Multizone_temperature_sensor\KW40_Firmware\OUTPUT\OBJ\fsl_gpio_hal.o
#        d:\Embedded\Projects\OpenSource\Multizone_temperature_sensor\KW40_Firmware\OUTPUT\OBJ\fsl_hwtimer.o
#        d:\Embedded\Projects\OpenSource\Multizone_temperature_sensor\KW40_Firmware\OUTPUT\OBJ\fsl_hwtimer_pit.o
#        d:\Embedded\Projects\OpenSource\Multizone_temperature_sensor\KW40_Firmware\OUTPUT\OBJ\fsl_hwtimer_systick.o
#        d:\Embedded\Projects\OpenSource\Multizone_temperature_sensor\KW40_Firmware\OUTPUT\OBJ\fsl_i2c_hal.o
#        d:\Embedded\Projects\OpenSource\Multizone_temperature_sensor\KW40_Firmware\OUTPUT\OBJ\fsl_interrupt_manager.o
#        d:\Embedded\Projects\OpenSource\Multizone_temperature_sensor\KW40_Firmware\OUTPUT\OBJ\fsl_llwu_hal.o
#        d:\Embedded\Projects\OpenSource\Multizone_temperature_sensor\KW40_Firmware\OUTPUT\OBJ\fsl_lptmr_common.o
#        d:\Embedded\Projects\OpenSource\Multizone_temperature_sensor\KW40_Firmware\OUTPUT\OBJ\fsl_lptmr_driver.o
#        d:\Embedded\Projects\OpenSource\Multizone_temperature_sensor\KW40_Firmware\OUTPUT\OBJ\fsl_lptmr_hal.o
#        d:\Embedded\Projects\OpenSource\Multizone_temperature_sensor\KW40_Firmware\OUTPUT\OBJ\fsl_lpuart_common.o
#        d:\Embedded\Projects\OpenSource\Multizone_temperature_sensor\KW40_Firmware\OUTPUT\OBJ\fsl_lpuart_dma_driver.o
#        d:\Embedded\Projects\OpenSource\Multizone_temperature_sensor\KW40_Firmware\OUTPUT\OBJ\fsl_lpuart_driver.o
#        d:\Embedded\Projects\OpenSource\Multizone_temperature_sensor\KW40_Firmware\OUTPUT\OBJ\fsl_ltc_common.o
#        d:\Embedded\Projects\OpenSource\Multizone_temperature_sensor\KW40_Firmware\OUTPUT\OBJ\fsl_ltc_driver.o
#        d:\Embedded\Projects\OpenSource\Multizone_temperature_sensor\KW40_Firmware\OUTPUT\OBJ\fsl_ltc_driver_aes.o
#        d:\Embedded\Projects\OpenSource\Multizone_temperature_sensor\KW40_Firmware\OUTPUT\OBJ\fsl_ltc_driver_aes_ccm.o
#        d:\Embedded\Projects\OpenSource\Multizone_temperature_sensor\KW40_Firmware\OUTPUT\OBJ\fsl_ltc_driver_hash.o
#        d:\Embedded\Projects\OpenSource\Multizone_temperature_sensor\KW40_Firmware\OUTPUT\OBJ\fsl_ltc_hal.o
#        d:\Embedded\Projects\OpenSource\Multizone_temperature_sensor\KW40_Firmware\OUTPUT\OBJ\fsl_mcg_hal.o
#        d:\Embedded\Projects\OpenSource\Multizone_temperature_sensor\KW40_Firmware\OUTPUT\OBJ\fsl_mcg_hal_modes.o
#        d:\Embedded\Projects\OpenSource\Multizone_temperature_sensor\KW40_Firmware\OUTPUT\OBJ\fsl_os_abstraction_free_rtos.o
#        d:\Embedded\Projects\OpenSource\Multizone_temperature_sensor\KW40_Firmware\OUTPUT\OBJ\fsl_pit_common.o
#        d:\Embedded\Projects\OpenSource\Multizone_temperature_sensor\KW40_Firmware\OUTPUT\OBJ\fsl_pit_driver.o
#        d:\Embedded\Projects\OpenSource\Multizone_temperature_sensor\KW40_Firmware\OUTPUT\OBJ\fsl_pit_hal.o
#        d:\Embedded\Projects\OpenSource\Multizone_temperature_sensor\KW40_Firmware\OUTPUT\OBJ\fsl_port_hal.o
#        d:\Embedded\Projects\OpenSource\Multizone_temperature_sensor\KW40_Firmware\OUTPUT\OBJ\fsl_power_manager.o
#        d:\Embedded\Projects\OpenSource\Multizone_temperature_sensor\KW40_Firmware\OUTPUT\OBJ\fsl_rcm_hal.o
#        d:\Embedded\Projects\OpenSource\Multizone_temperature_sensor\KW40_Firmware\OUTPUT\OBJ\fsl_rtc_common.o
#        d:\Embedded\Projects\OpenSource\Multizone_temperature_sensor\KW40_Firmware\OUTPUT\OBJ\fsl_rtc_driver.o
#        d:\Embedded\Projects\OpenSource\Multizone_temperature_sensor\KW40_Firmware\OUTPUT\OBJ\fsl_rtc_hal.o
#        d:\Embedded\Projects\OpenSource\Multizone_temperature_sensor\KW40_Firmware\OUTPUT\OBJ\fsl_sim_hal_MKW40Z4.o
#        d:\Embedded\Projects\OpenSource\Multizone_temperature_sensor\KW40_Firmware\OUTPUT\OBJ\fsl_smc_hal.o
#        d:\Embedded\Projects\OpenSource\Multizone_temperature_sensor\KW40_Firmware\OUTPUT\OBJ\fsl_tpm_common.o
#        d:\Embedded\Projects\OpenSource\Multizone_temperature_sensor\KW40_Firmware\OUTPUT\OBJ\fsl_tpm_driver.o
#        d:\Embedded\Projects\OpenSource\Multizone_temperature_sensor\KW40_Firmware\OUTPUT\OBJ\fsl_tpm_hal.o
#        d:\Embedded\Projects\OpenSource\Multizone_temperature_sensor\KW40_Firmware\OUTPUT\OBJ\fsl_trng_common.o
#        d:\Embedded\Projects\OpenSource\Multizone_temperature_sensor\KW40_Firmware\OUTPUT\OBJ\fsl_trng_driver.o
#        d:\Embedded\Projects\OpenSource\Multizone_temperature_sensor\KW40_Firmware\OUTPUT\OBJ\fsl_trng_hal.o
#        d:\Embedded\Projects\OpenSource\Multizone_temperature_sensor\KW40_Firmware\OUTPUT\OBJ\fsl_tsi_common.o
#        d:\Embedded\Projects\OpenSource\Multizone_temperature_sensor\KW40_Firmware\OUTPUT\OBJ\fsl_tsi_driver.o
#        d:\Embedded\Projects\OpenSource\Multizone_temperature_sensor\KW40_Firmware\OUTPUT\OBJ\fsl_tsi_hal.o
#        d:\Embedded\Projects\OpenSource\Multizone_temperature_sensor\KW40_Firmware\OUTPUT\OBJ\fsl_tsi_v4_driver_specific.o
#        d:\Embedded\Projects\OpenSource\Multizone_temperature_sensor\KW40_Firmware\OUTPUT\OBJ\fsl_tsi_v4_hal_specific.o
#        d:\Embedded\Projects\OpenSource\Multizone_temperature_sensor\KW40_Firmware\OUTPUT\OBJ\FunctionLib.o
#        d:\Embedded\Projects\OpenSource\Multizone_temperature_sensor\KW40_Firmware\OUTPUT\OBJ\FwkInit.o
#        d:\Embedded\Projects\OpenSource\Multizone_temperature_sensor\KW40_Firmware\OUTPUT\OBJ\gatt_database.o
#        d:\Embedded\Projects\OpenSource\Multizone_temperature_sensor\KW40_Firmware\OUTPUT\OBJ\GenericList.o
#        d:\Embedded\Projects\OpenSource\Multizone_temperature_sensor\KW40_Firmware\OUTPUT\OBJ\GPIO_IrqAdapter.o
#        d:\Embedded\Projects\OpenSource\Multizone_temperature_sensor\KW40_Firmware\OUTPUT\OBJ\hcit_serial_interface.o
#        d:\Embedded\Projects\OpenSource\Multizone_temperature_sensor\KW40_Firmware\OUTPUT\OBJ\heap_1.o
#        d:\Embedded\Projects\OpenSource\Multizone_temperature_sensor\KW40_Firmware\OUTPUT\OBJ\heap_2.o
#        d:\Embedded\Projects\OpenSource\Multizone_temperature_sensor\KW40_Firmware\OUTPUT\OBJ\heap_3.o
#        d:\Embedded\Projects\OpenSource\Multizone_temperature_sensor\KW40_Firmware\OUTPUT\OBJ\heap_4.o
#        d:\Embedded\Projects\OpenSource\Multizone_temperature_sensor\KW40_Firmware\OUTPUT\OBJ\heap_5.o
#        d:\Embedded\Projects\OpenSource\Multizone_temperature_sensor\KW40_Firmware\OUTPUT\OBJ\heart_rate_client.o
#        d:\Embedded\Projects\OpenSource\Multizone_temperature_sensor\KW40_Firmware\OUTPUT\OBJ\heart_rate_service.o
#        d:\Embedded\Projects\OpenSource\Multizone_temperature_sensor\KW40_Firmware\OUTPUT\OBJ\hid_service.o
#        d:\Embedded\Projects\OpenSource\Multizone_temperature_sensor\KW40_Firmware\OUTPUT\OBJ\ifr_mkw40z4_radio.o
#        d:\Embedded\Projects\OpenSource\Multizone_temperature_sensor\KW40_Firmware\OUTPUT\OBJ\immediate_alert_service.o
#        d:\Embedded\Projects\OpenSource\Multizone_temperature_sensor\KW40_Firmware\OUTPUT\OBJ\KW4xXcvrDrv.o
#        d:\Embedded\Projects\OpenSource\Multizone_temperature_sensor\KW40_Firmware\OUTPUT\OBJ\link_loss_service.o
#        d:\Embedded\Projects\OpenSource\Multizone_temperature_sensor\KW40_Firmware\OUTPUT\OBJ\list.o
#        d:\Embedded\Projects\OpenSource\Multizone_temperature_sensor\KW40_Firmware\OUTPUT\OBJ\Main.o
#        d:\Embedded\Projects\OpenSource\Multizone_temperature_sensor\KW40_Firmware\OUTPUT\OBJ\MemManager.o
#        d:\Embedded\Projects\OpenSource\Multizone_temperature_sensor\KW40_Firmware\OUTPUT\OBJ\Messaging.o
#        d:\Embedded\Projects\OpenSource\Multizone_temperature_sensor\KW40_Firmware\OUTPUT\OBJ\Panic.o
#        d:\Embedded\Projects\OpenSource\Multizone_temperature_sensor\KW40_Firmware\OUTPUT\OBJ\PFlashGetProtection.o
#        d:\Embedded\Projects\OpenSource\Multizone_temperature_sensor\KW40_Firmware\OUTPUT\OBJ\PFlashSetProtection.o
#        d:\Embedded\Projects\OpenSource\Multizone_temperature_sensor\KW40_Firmware\OUTPUT\OBJ\PFlashSwap.o
#        d:\Embedded\Projects\OpenSource\Multizone_temperature_sensor\KW40_Firmware\OUTPUT\OBJ\PFlashSwapCtl.o
#        d:\Embedded\Projects\OpenSource\Multizone_temperature_sensor\KW40_Firmware\OUTPUT\OBJ\port.o
#        d:\Embedded\Projects\OpenSource\Multizone_temperature_sensor\KW40_Firmware\OUTPUT\OBJ\portasm.o
#        d:\Embedded\Projects\OpenSource\Multizone_temperature_sensor\KW40_Firmware\OUTPUT\OBJ\PWR.o
#        d:\Embedded\Projects\OpenSource\Multizone_temperature_sensor\KW40_Firmware\OUTPUT\OBJ\PWR_BLE.o
#        d:\Embedded\Projects\OpenSource\Multizone_temperature_sensor\KW40_Firmware\OUTPUT\OBJ\PWR_Platform.o
#        d:\Embedded\Projects\OpenSource\Multizone_temperature_sensor\KW40_Firmware\OUTPUT\OBJ\PWRLib.o
#        d:\Embedded\Projects\OpenSource\Multizone_temperature_sensor\KW40_Firmware\OUTPUT\OBJ\queue.o
#        d:\Embedded\Projects\OpenSource\Multizone_temperature_sensor\KW40_Firmware\OUTPUT\OBJ\Reset.o
#        d:\Embedded\Projects\OpenSource\Multizone_temperature_sensor\KW40_Firmware\OUTPUT\OBJ\RNG.o
#        d:\Embedded\Projects\OpenSource\Multizone_temperature_sensor\KW40_Firmware\OUTPUT\OBJ\SecLib.o
#        d:\Embedded\Projects\OpenSource\Multizone_temperature_sensor\KW40_Firmware\OUTPUT\OBJ\SEGGER_RTT.o
#        d:\Embedded\Projects\OpenSource\Multizone_temperature_sensor\KW40_Firmware\OUTPUT\OBJ\SEGGER_RTT_printf.o
#        d:\Embedded\Projects\OpenSource\Multizone_temperature_sensor\KW40_Firmware\OUTPUT\OBJ\SerialManager.o
#        d:\Embedded\Projects\OpenSource\Multizone_temperature_sensor\KW40_Firmware\OUTPUT\OBJ\SetEEEEnable.o
#        d:\Embedded\Projects\OpenSource\Multizone_temperature_sensor\KW40_Firmware\OUTPUT\OBJ\startup_MKW40Z4.o
#        d:\Embedded\Projects\OpenSource\Multizone_temperature_sensor\KW40_Firmware\OUTPUT\OBJ\tasks.o
#        d:\Embedded\Projects\OpenSource\Multizone_temperature_sensor\KW40_Firmware\OUTPUT\OBJ\timers.o
#        d:\Embedded\Projects\OpenSource\Multizone_temperature_sensor\KW40_Firmware\OUTPUT\OBJ\TimersManager.o
#        d:\Embedded\Projects\OpenSource\Multizone_temperature_sensor\KW40_Firmware\OUTPUT\OBJ\TMR_Adapter.o
#        d:\Embedded\Projects\OpenSource\Multizone_temperature_sensor\KW40_Firmware\OUTPUT\OBJ\tsm_ll_timing.o
#        d:\Embedded\Projects\OpenSource\Multizone_temperature_sensor\KW40_Firmware\OUTPUT\OBJ\tx_power_service.o
#        --redirect _Printf=_PrintfSmall --redirect _Scanf=_ScanfSmall -o
#        d:\Embedded\Projects\OpenSource\Multizone_temperature_sensor\KW40_Firmware\OUTPUT\EXE\BLE.out.tmp
#        --config_def gUseNVMLink_d=1 --config_def __heap_size__=0 --config_def
#        __stack_size__=384 --config_def __ram_vector_table__=1 --map
#        d:\Embedded\Projects\OpenSource\Multizone_temperature_sensor\KW40_Firmware\OUTPUT\LIST\BLE.map
#        --config
#        d:\Embedded\Projects\OpenSource\Multizone_temperature_sensor\KW40_Firmware\MKW40Z160xxx4_BLE.icf
#        --semihosting
#        d:\Embedded\Projects\OpenSource\Multizone_temperature_sensor\KW40_Firmware\BLE\BLE_Stack\ble_host_lib.a
#        d:\Embedded\Projects\OpenSource\Multizone_temperature_sensor\KW40_Firmware\BLE\BLE_Stack\ble_controller_lib.a
#        d:\Embedded\Projects\OpenSource\Multizone_temperature_sensor\KW40_Firmware\BLE\BLE_Stack\lib_crypto_IAR_M0.a
#        --entry __iar_program_start --no_vfe
#
###############################################################################

*******************************************************************************
*** RUNTIME MODEL ATTRIBUTES
***

CppFlavor                   = *
__SystemLibrary             = DLib
__dlib_jmp_buf_num_elements = 8


*******************************************************************************
*** PLACEMENT SUMMARY
***

"A0":  place at 0x00000000 { ro section .intvec };
"P1":  place in [from 0x00000000 to 0x000003ff] |
                [from 0x00000410 to 0x00026bff] { ro };
"P2":  place in [from 0x1ffff0c0 to 0x20003e7f] { rw, zi };
"P4":  place in [from 0x20003e80 to 0x20003fff] { block CSTACK };
"P5":  place in [from 0x00000400 to 0x0000040f] { section FlashConfig };
initialize by copy { rw, section .textrw };

  Section             Kind        Address     Size  Object
  -------             ----        -------     ----  ------
"A0":                                         0xc0
  .intvec             ro code  0x00000000     0xc0  startup_MKW40Z4.o [2]
                             - 0x000000c0     0xc0

"P1", part 1 of 2:                             0x0
  .rodata             const    0x000000c0      0x0  zero_init3.o [8]
  .rodata             const    0x000000c0      0x0  lz77_init.o [8]

"P5":                                         0x10
  FlashConfig         ro code  0x00000400     0x10  startup_MKW40Z4.o [2]
                             - 0x00000410     0x10

"P1", part 2 of 2:                         0x1ee90
  .text               ro code  0x00000410   0x242c  ll_connection.o [3]
  .text               ro code  0x0000283c    0x10a  FunctionLib.o [2]
  .text               ro code  0x00002946     0x32  FlashCommandSequence.o [2]
  .text               ro code  0x00002978   0x1194  ll_pdu.o [3]
  .text               ro code  0x00003b0c    0x60c  ll.o [3]
  .text               ro code  0x00004118    0xd70  llh_api.o [3]
  .text               ro code  0x00004e88     0xd2  bt_fw_os_al.o [3]
  .rodata             const    0x00004f5a      0x6  ble_controller_task.o [2]
  .text               ro code  0x00004f60    0x174  platform_rf_driver.o [3]
  .text               ro code  0x000050d4    0x21c  MemManager.o [2]
  .text               ro code  0x000052f0     0x20  Messaging.o [2]
  .text               ro code  0x00005310    0x300  Main.o [2]
  .text               ro code  0x00005610    0x142  ll_utils.o [3]
  .text               ro code  0x00005752      0x2  startup_MKW40Z4.o [2]
  .text               ro code  0x00005754    0x2a8  ll_policies.o [3]
  .text               ro code  0x000059fc     0xb6  platform_llh_interface.o [3]
  .text               ro code  0x00005ab2      0x2  startup_MKW40Z4.o [2]
  .text               ro code  0x00005ab4    0x3f4  lec_hci_le_conn_commands.o [3]
  .text               ro code  0x00005ea8    0x3d4  lec_hci_le_commands.o [3]
  .text               ro code  0x0000627c     0x4e  hci_td_api.o [3]
  .text               ro code  0x000062cc    0x1ac  lec_hci_le.o [3]
  .text               ro code  0x00006478     0xe0  I32DivModFast.o [8]
  .text               ro code  0x00006558    0x5ca  SecLib.o [2]
  .text               ro code  0x00006b24    0x1ba  RNG.o [2]
  .text               ro code  0x00006ce0     0xa6  llh_utils.o [3]
  .text               ro code  0x00006d88    0x246  ll_advertiser.o [3]
  .text               ro code  0x00006fd0    0x220  ll_scanner.o [3]
  .text               ro code  0x000071f0      0x6  ll_timers.o [3]
  .text               ro code  0x000071f8     0xb0  lec_hci_le_utils.o [3]
  .text               ro code  0x000072a8     0x4c  lec_hci_le_encryption_commands.o [3]
  .text               ro code  0x000072f4    0x128  lec_hci_le_common_commands.o [3]
  .text               ro code  0x0000741c     0x9e  GenericList.o [2]
  .text               ro code  0x000074bc    0x460  fsl_os_abstraction_free_rtos.o [2]
  .text               ro code  0x0000791c     0x5c  ABImemcpy.o [8]
  .text               ro code  0x00007978    0x134  App_comm_channel.o [2]
  .text               ro code  0x00007aac     0x64  ABImemset.o [8]
  .text               ro code  0x00007b10    0x150  Flash_Adapter.o [2]
  .text               ro code  0x00007c60      0x2  SEGGER_RTT.o [2]
  .text               ro code  0x00007c64    0x878  TimersManager.o [2]
  .text               ro code  0x000084dc     0x98  BSP_DMA.o [2]
  .text               ro code  0x00008574     0x68  BSP_PIT.o [2]
  .text               ro code  0x000085dc     0x68  BSP_SPI.o [2]
  .text               ro code  0x00008644    0x44c  BLE_peripheral_app.o [2]
  .text               ro code  0x00008a90   0x1c58  KW4xXcvrDrv.o [2]
  .text               ro code  0x0000a6e8    0x2e0  BLE_common_app.o [2]
  .text               ro code  0x0000a9c8      0x2  Panic.o [2]
  .text               ro code  0x0000a9cc    0x122  platform_board_init.o [3]
  .text               ro code  0x0000aaf0     0xbc  hci_td.o [3]
  .text               ro code  0x0000abac    0x194  lec_hci_le_vendor_commands.o [3]
  .text               ro code  0x0000ad40    0x394  lec_hci_br_edr_commands.o [3]
  .text               ro code  0x0000b0d4      0x2  IntDivZer.o [8]
  .text               ro code  0x0000b0d8    0xaec  fsl_ltc_driver.o [2]
  .text               ro code  0x0000bbc4    0x1b8  fsl_ltc_driver_aes.o [2]
  .text               ro code  0x0000bd7c    0x544  fsl_ltc_driver_aes_ccm.o [2]
  .text               ro code  0x0000c2c0    0x164  SW_SHA1.o [6]
  .text               ro code  0x0000c424    0x454  fsl_trng_driver.o [2]
  .text               ro code  0x0000c878     0x1e  lec_hci_le_scan_commands.o [3]
  .text               ro code  0x0000c898     0x24  ABIassert.o [9]
  .text               ro code  0x0000c8bc    0x818  queue.o [2]
  .text               ro code  0x0000d0d4     0xd0  port.o [2]
  .text               ro code  0x0000d1a4    0x7f0  tasks.o [2]
  .text               ro code  0x0000d994    0x18c  event_groups.o [2]
  .text               ro code  0x0000db20    0x2ec  timers.o [2]
  .text               ro code  0x0000de0c    0x10c  fsl_interrupt_manager.o [2]
  CODE                ro code  0x0000df18     0xb4  portasm.o [2]
  .text               ro code  0x0000dfcc    0x198  BLE_Perfomance_Test.o [2]
  .text               ro code  0x0000e164    0x19c  BSP_pins.o [2]
  .text               ro code  0x0000e300     0xc4  App_CommunicationService.o [2]
  .text               ro code  0x0000e3c4     0xe8  App_CommandService.o [2]
  .text               ro code  0x0000e4ac      0xa  FlashInit.o [2]
  .text               ro code  0x0000e4b6     0x54  CopyToRam.o [2]
  .text               ro code  0x0000e50a     0x8a  FlashProgram.o [2]
  .text               ro code  0x0000e594     0x6a  FlashEraseSector.o [2]
  .text               ro code  0x0000e600    0x150  TMR_Adapter.o [2]
  .text               ro code  0x0000e750     0x6a  I64DivMod.o [8]
  .text               ro code  0x0000e7bc     0x32  I64Mul.o [8]
  .text               ro code  0x0000e7f0    0x50c  gap_api2msg.o [4]
  .text               ro code  0x0000ecfc    0x104  gatt_api2msg.o [4]
  .text               ro code  0x0000ee00    0x108  battery_service.o [2]
  .text               ro code  0x0000ef08    0x31c  l2ca_main.o [4]
  .text               ro code  0x0000f224     0x10  strlen.o [8]
  .text               ro code  0x0000f234    0x388  ifr_mkw40z4_radio.o [2]
  .text               ro code  0x0000f5bc     0x1e  I32ToFlt.o [7]
  .text               ro code  0x0000f5da     0xb0  FltMul.o [7]
  .text               ro code  0x0000f68c    0x118  tsm_ll_timing.o [2]
  .rodata             const    0x0000f7a4     0x54  BLE_peripheral_app.o [2]
  .text               ro code  0x0000f7f8    0x880  pow.o [7]
  .text               ro code  0x00010078    0x184  DblMul.o [7]
  .text               ro code  0x000101fc     0x48  round.o [7]
  .text               ro code  0x00010244     0x4e  DblToI32.o [7]
  .text               ro code  0x00010292     0x32  DblCmpGe.o [7]
  .text               ro code  0x000102c4     0x32  FltToDbl.o [7]
  .text               ro code  0x000102f6     0xc2  DblDiv.o [7]
  .text               ro code  0x000103b8    0x1b4  DblAddSub.o [7]
  .text               ro code  0x0001056c     0xd0  ble_controller_task.o [2]
  .text               ro code  0x0001063c     0x64  bt_le_bluetooth.o [3]
  .text               ro code  0x000106a0     0xe8  ble_host_tasks.o [2]
  .text               ro code  0x00010788    0x2b6  lec_hci_param_converter.o [3]
  .text               ro code  0x00010a40    0x1e8  platform_vendor_cmds.o [3]
  .text               ro code  0x00010c28    0x3c0  lec_hci_param_validation.o [3]
  .text               ro code  0x00010fe8    0x1ed  fsl_clock_MKW40Z4.o [2]
  .text               ro code  0x000111d6    0x190  fsl_ltc_hal.o [2]
  .text               ro code  0x00011368    0x368  fsl_trng_hal.o [2]
  .text               ro code  0x000116d0      0xa  abort.o [5]
  .text               ro code  0x000116da     0xba  list.o [2]
  .text               ro code  0x00011794     0x60  heap_1.o [2]
  .text               ro code  0x000117f4     0x18  setjmp.o [8]
  .text               ro code  0x0001180c    0x478  CRC_utils.o [2]
  .text               ro code  0x00011c84    0x220  gatt_db_app.o [4]
  .text               ro code  0x00011ea4     0xcc  rand.o [5]
  .text               ro code  0x00011f70     0x74  fsl_tpm_hal.o [2]
  .text               ro code  0x00011fe4    0x10c  fsl_tpm_driver.o [2]
  .text               ro code  0x000120f0      0x2  I64DivZer.o [8]
  .text               ro code  0x000120f4    0xfd0  gap.o [4]
  .text               ro code  0x000130c4     0x1e  gatt.o [4]
  .text               ro code  0x000130e4    0x834  gatt_server.o [4]
  .text               ro code  0x00013918    0x744  l2ca_resource_manager.o [4]
  .text               ro code  0x0001405c    0xb10  l2ca_signaling.o [4]
  .text               ro code  0x00014b6c    0xe3c  hci_commands.o [4]
  .text               ro code  0x000159a8     0x84  xdint.o [7]
  .text               ro code  0x00015a2c     0x24  DblCmpEq.o [7]
  .text               ro code  0x00015a50     0x10  errno.o [5]
  .text               ro code  0x00015a60     0x32  DblCmpLe.o [7]
  .text               ro code  0x00015a94     0x30  I32ToDbl.o [7]
  .text               ro code  0x00015ac4     0xa4  xlog.o [7]
  .text               ro code  0x00015b68    0x2f8  xexp.o [7]
  .text               ro code  0x00015e60     0x44  llf_task.o [3]
  .text               ro code  0x00015ea4      0x2  platform_abs.o [3]
  .text               ro code  0x00015ea8    0x420  host_hl_task.o [4]
  .text               ro code  0x000162c8     0x18  fsl_sim_hal_MKW40Z4.o [2]
  .text               ro code  0x000162e0    0x180  fsl_mcg_hal.o [2]
  .text               ro code  0x00016460     0x14  exit.o [9]
  .text               ro code  0x00016474     0xfc  gatt_database.o [2]
  .text               ro code  0x00016570      0x2  xtls.o [5]
  .text               ro code  0x00016574    0x500  sm_core.o [4]
  .text               ro code  0x00016a74    0x574  device_db.o [4]
  .text               ro code  0x00016fe8    0x3bc  gap_cm.o [4]
  .text               ro code  0x000173a4    0xc9c  gatt_db_att.o [4]
  .text               ro code  0x00018040    0x6d4  att.o [4]
  .text               ro code  0x00018714   0x16cc  gatt_client.o [4]
  .text               ro code  0x00019de0    0x8c8  att_cb.o [4]
  .text               ro code  0x0001a6a8     0xec  gatt_db_prepare_write_queue.o [4]
  .text               ro code  0x0001a794     0x1e  U64Shr.o [8]
  .text               ro code  0x0001a7b4     0x14  uwrite4.o [8]
  .text               ro code  0x0001a7c8     0x16  uread4.o [8]
  .text               ro code  0x0001a7e0     0x80  xdscale.o [7]
  .text               ro code  0x0001a860    0x1bc  ll_tasks.o [3]
  .text               ro code  0x0001aa1c    0x694  gap_hci_cb.o [4]
  .text               ro code  0x0001b0b0   0x2300  sm_states.o [4]
  .text               ro code  0x0001d3b0     0x30  sm_debug.o [4]
  .text               ro code  0x0001d3e0    0x268  sm_states_tb.o [4]
  .text               ro code  0x0001d648    0x1e4  sm_states_hci.o [4]
  .text               ro code  0x0001d82c     0x62  DblToFlt.o [7]
  .text               ro code  0x0001d890     0x26  FltToU32.o [7]
  .text               ro code  0x0001d8b6    0x120  FltAddSub.o [7]
  .text               ro code  0x0001d9d8     0x28  FltCmpGe.o [7]
  .text               ro code  0x0001da00    0x3c4  sm_packet_op.o [4]
  .text               ro code  0x0001ddc4    0x1f8  sm_crypto.o [4]
  .text               ro code  0x0001dfbc    0x350  fsl_mcg_hal_modes.o [2]
  .text               ro code  0x0001e30c    0x34a  gap_sm_cb.o [4]
  .text               ro code  0x0001e658    0x2dc  fsl_clock_manager.o [2]
  .text               ro code  0x0001e934    0x1d0  lz77_init.o [8]
  .text               ro code  0x0001eb04     0x90  BSP.o [2]
  .text               ro code  0x0001eb94     0x70  BSP_clocks.o [2]
  .rodata             const    0x0001ec04     0x68  KW4xXcvrDrv.o [2]
  .text               ro code  0x0001ec6c     0x3c  zero_init3.o [8]
  .text               ro code  0x0001eca8     0x28  data_init.o [8]
  .iar.init_table     const    0x0001ecd0     0x2c  - Linker created -
  .text               ro code  0x0001ecfc     0x20  lec_hci_le_adv_commands.o [3]
  .text               ro code  0x0001ed1c     0x1c  startup_MKW40Z4.o [2]
  .text               ro code  0x0001ed38     0x1a  ll_isr.o [3]
  .text               ro code  0x0001ed54     0x1a  cmain.o [8]
  .text               ro code  0x0001ed6e      0x4  low_level_init.o [5]
  .text               ro code  0x0001ed72      0x8  exit.o [5]
  .text               ro code  0x0001ed7c      0xa  cexit.o [8]
  .rodata             const    0x0001ed88     0x10  fsl_tpm_common.o [2]
  .rodata             const    0x0001ed98     0x10  SecLib.o [2]
  .text               ro code  0x0001eda8      0xc  cstartup_M.o [8]
  .text               ro code  0x0001edb4      0x8  startup_MKW40Z4.o [2]
  .rodata             const    0x0001edbc      0x5  fsl_ltc_common.o [2]
  .rodata             const    0x0001edc4      0x5  fsl_trng_common.o [2]
  Initializer bytes   const    0x0001edc9    0x4d7  <for P2 s0>
                             - 0x0001f2a0  0x1ee90

"P2", part 1 of 2:                          0x1a13
  P2 s0                        0x1ffff0c0   0x1a13  <Init block>
    .data             inited   0x1ffff0c0    0xfb4  MemManager.o [2]
    .data             inited   0x20000074    0x380  gatt_database.o [2]
    .data             inited   0x200003f4    0x1a0  gatt_database.o [2]
    .data             inited   0x20000594    0x124  platform_board_init.o [3]
    .data             inited   0x200006b8     0x9c  tasks.o [2]
    __DLIB_PERTHREAD  inited   0x20000754     0x8c  rand.o [5]
    .data             inited   0x200007e0     0x68  Flash_Adapter.o [2]
    .data             inited   0x20000848     0x50  BLE_peripheral_app.o [2]
    .data             inited   0x20000898     0x48  port.o [2]
    .data             inited   0x200008e0     0x38  gap_cm.o [4]
    .data             inited   0x20000918     0x34  BLE_peripheral_app.o [2]
    .data             inited   0x2000094c     0x28  hci_commands.o [4]
    .data             inited   0x20000974     0x1c  KW4xXcvrDrv.o [2]
    .data             inited   0x20000990     0x18  BLE_peripheral_app.o [2]
    .data             inited   0x200009a8     0x18  RNG.o [2]
    .data             inited   0x200009c0     0x14  gatt_database.o [2]
    .data             inited   0x200009d4     0x14  gatt_database.o [2]
    .data             inited   0x200009e8     0x14  sm_debug.o [4]
    .data             inited   0x200009fc     0x10  fsl_mcg_hal.o [2]
    .data             inited   0x20000a0c      0x8  ble_controller_task.o [2]
    .data             inited   0x20000a14      0x8  gatt_database.o [2]
    .data             inited   0x20000a1c      0x8  gatt_database.o [2]
    .data             inited   0x20000a24      0x8  gatt_database.o [2]
    .data             inited   0x20000a2c      0x8  gatt_database.o [2]
    .data             inited   0x20000a34      0x8  gatt_database.o [2]
    .data             inited   0x20000a3c      0x8  gatt_database.o [2]
    .data             inited   0x20000a44      0x8  gatt_database.o [2]
    .data             inited   0x20000a4c      0x8  gatt_database.o [2]
    .data             inited   0x20000a54      0x8  gatt_database.o [2]
    .data             inited   0x20000a5c      0x8  gatt_database.o [2]
    .data             inited   0x20000a64      0x8  gatt_database.o [2]
    .data             inited   0x20000a6c      0x8  gatt_database.o [2]
    .data             inited   0x20000a74      0x8  gatt_database.o [2]
    .data             inited   0x20000a7c      0x8  gatt_database.o [2]
    .data             inited   0x20000a84      0x8  gatt_database.o [2]
    .data             inited   0x20000a8c      0x8  gatt_database.o [2]
    .data             inited   0x20000a94      0x8  gatt_database.o [2]
    .data             inited   0x20000a9c      0x8  gatt_database.o [2]
    .data             inited   0x20000aa4      0x8  gatt_database.o [2]
    .data             inited   0x20000aac      0x4  App_comm_channel.o [2]
    .data             inited   0x20000ab0      0x4  gatt_database.o [2]
    .data             inited   0x20000ab4      0x4  gatt_database.o [2]
    .data             inited   0x20000ab8      0x4  gatt_database.o [2]
    .data             inited   0x20000abc      0x4  gap.o [4]
    __DLIB_PERTHREAD  inited   0x20000ac0      0x4  errno.o [5]
    .data             inited   0x20000ac4      0x2  gatt_database.o [2]
    .data             inited   0x20000ac6      0x2  gatt_database.o [2]
    .data             inited   0x20000ac8      0x2  gatt_database.o [2]
    .data             inited   0x20000aca      0x2  gatt_database.o [2]
    .data             inited   0x20000acc      0x2  gatt_database.o [2]
    .data             inited   0x20000ace      0x1  ble_globals.o [2]
    .data             inited   0x20000acf      0x1  gatt_database.o [2]
    .data             inited   0x20000ad0      0x1  Main.o [2]
    .data             inited   0x20000ad1      0x1  gap.o [4]
    .data             inited   0x20000ad2      0x1  gap.o [4]
                             - 0x20000ad3   0x1a13

"P2", part 2 of 2:                          0x2ecc
  .bss                zero     0x20000ad4   0x1d54  heap_1.o [2]
  .bss                zero     0x20002828    0x2dc  device_db.o [4]
  .bss                zero     0x20002b04    0x2d0  ble_globals.o [2]
  .bss                zero     0x20002dd4    0x168  tasks.o [2]
  .bss                zero     0x20002f40    0x138  TimersManager.o [2]
  .bss                zero     0x20003078     0xe8  ll.o [3]
  .bss                zero     0x20003160     0xc8  device_db.o [4]
  .bss                zero     0x20003228     0x80  ll_utils.o [3]
  .bss                zero     0x200032a8     0x74  att_cb.o [4]
  .bss                zero     0x2000331c     0x64  hci_td_api.o [3]
  .bss                zero     0x20003380     0x68  l2ca_resource_manager.o [4]
  .bss                zero     0x200033e8     0x60  App_comm_channel.o [2]
  .bss                zero     0x20003448     0x54  MemManager.o [2]
  .bss                zero     0x2000349c     0x48  ble_host_tasks.o [2]
  .bss                zero     0x200034e4     0x48  Flash_Adapter.o [2]
  .bss                zero     0x2000352c     0x44  gap.o [4]
  .bss                zero     0x20003570     0x44  BLE_Perfomance_Test.o [2]
  .bss                zero     0x200035b4     0x40  gatt_client.o [4]
  .bss                zero     0x200035f4     0x38  timers.o [2]
  .bss                zero     0x2000362c     0x38  lec_hci_le_utils.o [3]
  .bss                zero     0x20003664     0x30  BSP_DMA.o [2]
  .bss                zero     0x20003694     0x28  ble_controller_task.o [2]
  .bss                zero     0x200036bc     0x24  BLE_common_app.o [2]
  .bss                zero     0x200036e0     0x24  fsl_os_abstraction_free_rtos.o [2]
  .bss                zero     0x20003704     0x24  gap.o [4]
  .bss                zero     0x20003728     0x24  gatt_server.o [4]
  .bss                zero     0x2000374c     0x24  lec_hci_le.o [3]
  .bss                zero     0x20003770     0x18  App_comm_channel.o [2]
  .bss                zero     0x20003788     0x18  App_comm_channel.o [2]
  .bss                zero     0x200037a0     0x18  gatt_database.o [2]
  .bss                zero     0x200037b8     0x18  Main.o [2]
  .bss                zero     0x200037d0     0x18  gatt_server.o [4]
  .bss                zero     0x200037e8     0x18  att.o [4]
  .bss                zero     0x20003800     0x14  gatt_database.o [2]
  .bss                zero     0x20003814     0x14  gatt_database.o [2]
  .bss                zero     0x20003828     0x14  gatt_database.o [2]
  .bss                zero     0x2000383c     0x14  gatt_database.o [2]
  .bss                zero     0x20003850     0x14  gatt_database.o [2]
  .bss                zero     0x20003864     0x14  gatt_database.o [2]
  .bss                zero     0x20003878     0x14  device_db.o [4]
  .bss                zero     0x2000388c     0x10  App_comm_channel.o [2]
  .bss                zero     0x2000389c     0x10  fsl_trng_driver.o [2]
  .bss                zero     0x200038ac     0x10  gatt_database.o [2]
  .bss                zero     0x200038bc     0x10  TimersManager.o [2]
  .bss                zero     0x200038cc      0xc  hci_commands.o [4]
  .bss                zero     0x200038d8      0xc  ll.o [3]
  .bss                zero     0x200038e4      0xc  sm_core.o [4]
  .bss                zero     0x200038f0      0xc  gap_hci_cb.o [4]
  .bss                zero     0x200038fc      0x8  App_comm_channel.o [2]
  .bss                zero     0x20003904      0x8  App_comm_channel.o [2]
  .bss                zero     0x2000390c      0x8  KW4xXcvrDrv.o [2]
  .bss                zero     0x20003914      0x8  gap.o [4]
  .bss                zero     0x2000391c      0x8  gap.o [4]
  .bss                zero     0x20003924      0x8  gatt_client.o [4]
  .bss                zero     0x2000392c      0x8  att.o [4]
  .bss                zero     0x20003934      0x8  device_db.o [4]
  .bss                zero     0x2000393c      0x8  gatt_db_prepare_write_queue.o [4]
  .bss                zero     0x20003944      0x8  llh_api.o [3]
  .bss                zero     0x2000394c      0x8  llh_api.o [3]
  .bss                zero     0x20003954      0x4  App_comm_channel.o [2]
  .bss                zero     0x20003958      0x4  BSP.o [2]
  .bss                zero     0x2000395c      0x4  fsl_ltc_driver.o [2]
  .bss                zero     0x20003960      0x4  gatt_database.o [2]
  .bss                zero     0x20003964      0x4  gatt_database.o [2]
  .bss                zero     0x20003968      0x4  RNG.o [2]
  .bss                zero     0x2000396c      0x4  bt_le_bluetooth.o [3]
  .bss                zero     0x20003970      0x4  platform_board_init.o [3]
  .bss                zero     0x20003974      0x4  platform_board_init.o [3]
  .bss                zero     0x20003978      0x4  gap.o [4]
  .bss                zero     0x2000397c      0x4  gatt_client.o [4]
  .bss                zero     0x20003980      0x4  gatt_client.o [4]
  .bss                zero     0x20003984      0x4  att_cb.o [4]
  .bss                zero     0x20003988      0x4  llh_api.o [3]
  .bss                zero     0x2000398c      0x2  gatt_database.o [2]
  .bss                zero     0x2000398e      0x2  gatt_database.o [2]
  .bss                zero     0x20003990      0x2  gatt_database.o [2]
  .bss                zero     0x20003992      0x2  gatt_database.o [2]
  .bss                zero     0x20003994      0x2  gatt_database.o [2]
  .bss                zero     0x20003996      0x1  App_CommandService.o [2]
  .bss                zero     0x20003997      0x1  battery_service.o [2]
  .bss                zero     0x20003998      0x1  l2ca_main.o [4]
  .bss                zero     0x20003999      0x1  platform_board_init.o [3]
  .bss                zero     0x2000399a      0x1  platform_board_init.o [3]
  .bss                zero     0x2000399b      0x1  gap.o [4]
  .bss                zero     0x2000399c      0x1  platform_abs.o [3]
  .bss                zero     0x2000399d      0x1  device_db.o [4]
  .bss                zero     0x2000399e      0x1  ll_policies.o [3]
                             - 0x2000399f   0x2ecb

"P4":                                        0x180
  CSTACK                       0x20003e80    0x180  <Block>
    CSTACK            uninit   0x20003e80    0x180  <Block tail>
                             - 0x20004000    0x180


*******************************************************************************
*** INIT TABLE
***

          Address     Size
          -------     ----
Zero (__iar_zero_init3)
    1 destination range, total size 0x2ecb:
          0x20000ad4  0x2ecb

Copy/lz77 (__iar_lz77_init3)
    1 source range, total size 0x4d7 (18% of destination):
          0x0001edc9   0x4d7
    1 destination range, total size 0x1a13:
          0x1ffff0c0  0x1a13



*******************************************************************************
*** MODULE SUMMARY
***

    Module                            ro code  ro data  rw data
    ------                            -------  -------  -------
command line: [1]
    -----------------------------------------------------------
    Total:

d:\Embedded\Projects\OpenSource\Multizone_temperature_sensor\KW40_Firmware\OUTPUT\OBJ: [2]
    App_CommandService.o                  232                 1
    App_CommunicationService.o            196
    App_comm_channel.o                    308        1      184
    BLE_Perfomance_Test.o                 408                68
    BLE_common_app.o                      736                36
    BLE_peripheral_app.o                1 100      113      156
    BSP.o                                 144                 4
    BSP_DMA.o                             152                48
    BSP_PIT.o                             104
    BSP_SPI.o                             104
    BSP_clocks.o                          112
    BSP_pins.o                            412
    CRC_utils.o                         1 144
    CopyToRam.o                            84
    FlashCommandSequence.o                 50
    FlashEraseSector.o                    106
    FlashInit.o                            10
    FlashProgram.o                        138
    Flash_Adapter.o                       336       20      176
    FunctionLib.o                         266
    GenericList.o                         158
    KW4xXcvrDrv.o                       7 256      110       36
    Main.o                                768                25
    MemManager.o                          540      746    4 104
    Messaging.o                            32
    Panic.o                                 2
    RNG.o                                 442        4       28
    SEGGER_RTT.o                            2
    SecLib.o                            1 482       16
    TMR_Adapter.o                         336
    TimersManager.o                     2 168               328
    battery_service.o                     264                 1
    ble_controller_task.o                 208        7       48
    ble_globals.o                                           721
    ble_host_tasks.o                      232                72
    event_groups.o                        396
    fsl_clock_MKW40Z4.o                   493
    fsl_clock_manager.o                   732
    fsl_interrupt_manager.o               268
    fsl_ltc_common.o                                 5
    fsl_ltc_driver.o                    2 796                 4
    fsl_ltc_driver_aes.o                  440
    fsl_ltc_driver_aes_ccm.o            1 348
    fsl_ltc_hal.o                         400
    fsl_mcg_hal.o                         384        3       16
    fsl_mcg_hal_modes.o                   848
    fsl_os_abstraction_free_rtos.o      1 120                36
    fsl_sim_hal_MKW40Z4.o                  24
    fsl_tpm_common.o                                16
    fsl_tpm_driver.o                      268
    fsl_tpm_hal.o                         116
    fsl_trng_common.o                                5
    fsl_trng_driver.o                   1 108                16
    fsl_trng_hal.o                        872
    gatt_database.o                       252      283    1 705
    heap_1.o                               96             7 508
    ifr_mkw40z4_radio.o                   904
    list.o                                186
    port.o                                208       13       72
    portasm.o                             180
    queue.o                             2 072
    startup_MKW40Z4.o                     248
    tasks.o                             2 032       29      516
    timers.o                              748                56
    tsm_ll_timing.o                       280
    -----------------------------------------------------------
    Total:                             38 851    1 371   15 965

ble_controller_lib.a: [3]
    bt_fw_os_al.o                         210
    bt_le_bluetooth.o                     100                 4
    hci_td.o                              188
    hci_td_api.o                           78               100
    lec_hci_br_edr_commands.o             916
    lec_hci_le.o                          428                36
    lec_hci_le_adv_commands.o              32
    lec_hci_le_commands.o                 980
    lec_hci_le_common_commands.o          296
    lec_hci_le_conn_commands.o          1 012
    lec_hci_le_encryption_commands.o       76
    lec_hci_le_scan_commands.o             30
    lec_hci_le_utils.o                    176                56
    lec_hci_le_vendor_commands.o          404
    lec_hci_param_converter.o             694
    lec_hci_param_validation.o            960
    ll.o                                1 548               244
    ll_advertiser.o                       582
    ll_connection.o                     9 260
    ll_isr.o                               26
    ll_pdu.o                            4 500
    ll_policies.o                         680                 1
    ll_scanner.o                          544
    ll_tasks.o                            444
    ll_timers.o                             6
    ll_utils.o                            322               128
    llf_task.o                             68
    llh_api.o                           3 440                20
    llh_utils.o                           166
    platform_abs.o                          2                 1
    platform_board_init.o                 290       54      302
    platform_llh_interface.o              182
    platform_rf_driver.o                  372
    platform_vendor_cmds.o                488
    -----------------------------------------------------------
    Total:                             29 500       54      892

ble_host_lib.a: [4]
    att.o                               1 748                32
    att_cb.o                            2 248               120
    device_db.o                         1 396               961
    gap.o                               4 048        2      131
    gap_api2msg.o                       1 292
    gap_cm.o                              956       10       56
    gap_hci_cb.o                        1 684                12
    gap_sm_cb.o                           842
    gatt.o                                 30
    gatt_api2msg.o                        260
    gatt_client.o                       5 836                80
    gatt_db_app.o                         544
    gatt_db_att.o                       3 228
    gatt_db_prepare_write_queue.o         236                 8
    gatt_server.o                       2 100                60
    hci_commands.o                      3 644        7       52
    host_hl_task.o                      1 056
    l2ca_main.o                           796                 1
    l2ca_resource_manager.o             1 860               104
    l2ca_signaling.o                    2 832
    sm_core.o                           1 280                12
    sm_crypto.o                           504
    sm_debug.o                             48        4       20
    sm_packet_op.o                        964
    sm_states.o                         8 960
    sm_states_hci.o                       484
    sm_states_tb.o                        616
    -----------------------------------------------------------
    Total:                             49 492       23    1 649

dl6M_tln.a: [5]
    abort.o                                10
    errno.o                                16        1        4
    exit.o                                  8
    low_level_init.o                        4
    rand.o                                204       26      140
    xtls.o                                  2
    -----------------------------------------------------------
    Total:                                244       27      144

lib_crypto_IAR_M0.a: [6]
    SW_SHA1.o                             356
    -----------------------------------------------------------
    Total:                                356

m6M_tl.a: [7]
    DblAddSub.o                           436
    DblCmpEq.o                             36
    DblCmpGe.o                             50
    DblCmpLe.o                             50
    DblDiv.o                              194
    DblMul.o                              388
    DblToFlt.o                             98
    DblToI32.o                             78
    FltAddSub.o                           288
    FltCmpGe.o                             40
    FltMul.o                              176
    FltToDbl.o                             50
    FltToU32.o                             38
    I32ToDbl.o                             48
    I32ToFlt.o                             30
    pow.o                               2 176
    round.o                                72
    xdint.o                               132
    xdscale.o                             128
    xexp.o                                760
    xlog.o                                164
    -----------------------------------------------------------
    Total:                              5 432

rt6M_tl.a: [8]
    ABImemcpy.o                            92
    ABImemset.o                           100
    I32DivModFast.o                       224
    I64DivMod.o                           106
    I64DivZer.o                             2
    I64Mul.o                               50
    IntDivZer.o                             2
    U64Shr.o                               30
    cexit.o                                10
    cmain.o                                26
    cstartup_M.o                           12
    data_init.o                            40
    lz77_init.o                           464
    setjmp.o                               24
    strlen.o                               16
    uread4.o                               22
    uwrite4.o                              20
    zero_init3.o                           60
    -----------------------------------------------------------
    Total:                              1 300

shb_l.a: [9]
    ABIassert.o                            36
    exit.o                                 20
    -----------------------------------------------------------
    Total:                                 56

    Gaps                                   61        5        4
    Linker created                                  44      384
---------------------------------------------------------------
    Grand Total:                      125 292    1 524   19 038


*******************************************************************************
*** ENTRY LIST
***

Entry                      Address    Size  Type      Object
-----                      -------    ----  ----      ------
.iar.init_table$$Base   0x0001ecd0           --   Gb  - Linker created -
.iar.init_table$$Limit  0x0001ecfc           --   Gb  - Linker created -
?main                   0x0001ed55          Code  Gb  cmain.o [8]
AES_128_CCM             0x00006905    0x58  Code  Gb  SecLib.o [2]
AES_128_CMAC_LsbFirstInput
                        0x0000657d   0x386  Code  Gb  SecLib.o [2]
AES_128_Encrypt         0x00006567    0x16  Code  Gb  SecLib.o [2]
App_AdvertisingCallback
                        0x0000a925    0x2c  Code  Lc  BLE_common_app.o [2]
App_ConnectionCallback  0x0000a829    0xf6  Code  Lc  BLE_common_app.o [2]
App_GattServerCallback  0x0000a965    0x5c  Code  Lc  BLE_common_app.o [2]
App_GenericCallback     0x0000a7f7    0x32  Code  Gb  BLE_common_app.o [2]
App_HandleHostMessageInput
                        0x0000a73d    0xba  Code  Gb  BLE_common_app.o [2]
App_NvmErase            0x000054fd    0x18  Code  Gb  Main.o [2]
App_NvmRead             0x00005535    0x12  Code  Gb  Main.o [2]
App_NvmWrite            0x00005515    0x18  Code  Gb  Main.o [2]
App_RegisterGattServerCallback
                        0x0000a72b    0x12  Code  Gb  BLE_common_app.o [2]
App_StartAdvertising    0x0000a715    0x16  Code  Gb  BLE_common_app.o [2]
App_accept_parameter    0x0000534b    0x74  Code  Gb  Main.o [2]
App_reset               0x0000559f     0xc  Code  Gb  Main.o [2]
AttClient_SendExchangeMtuRequest
                        0x000180bd     0xc  Code  Gb  att.o [4]
AttClient_SendExecuteWriteRequest
                        0x0001814d     0xc  Code  Gb  att.o [4]
AttClient_SendFindByTypeValueRequest
                        0x000180d5     0xc  Code  Gb  att.o [4]
AttClient_SendFindInformationRequest
                        0x000180c9     0xc  Code  Gb  att.o [4]
AttClient_SendHandleValueConfirmation
                        0x00018159     0xc  Code  Gb  att.o [4]
AttClient_SendPrepareWriteRequest
                        0x00018141     0xc  Code  Gb  att.o [4]
AttClient_SendReadBlobRequest
                        0x000180f9     0xc  Code  Gb  att.o [4]
AttClient_SendReadByGroupTypeRequest
                        0x00018111     0xc  Code  Gb  att.o [4]
AttClient_SendReadByTypeRequest
                        0x000180e1     0xc  Code  Gb  att.o [4]
AttClient_SendReadMultipleRequest
                        0x00018105     0xc  Code  Gb  att.o [4]
AttClient_SendReadRequest
                        0x000180ed     0xc  Code  Gb  att.o [4]
AttClient_SendSignedWriteCommand
                        0x00018135     0xc  Code  Gb  att.o [4]
AttClient_SendWriteCommand
                        0x00018129     0xc  Code  Gb  att.o [4]
AttClient_SendWriteRequest
                        0x0001811d     0xc  Code  Gb  att.o [4]
AttServer_SendErrorResponse
                        0x00018165     0xc  Code  Gb  att.o [4]
AttServer_SendExchangeMtuResponse
                        0x00018171     0xc  Code  Gb  att.o [4]
AttServer_SendExecuteWriteResponse
                        0x000181e9     0xc  Code  Gb  att.o [4]
AttServer_SendFindByTypeValueResponse
                        0x00018189     0xc  Code  Gb  att.o [4]
AttServer_SendFindInformationResponse
                        0x0001817d     0xc  Code  Gb  att.o [4]
AttServer_SendHandleValueIndication
                        0x00018201     0xc  Code  Gb  att.o [4]
AttServer_SendHandleValueNotification
                        0x000181f5     0xc  Code  Gb  att.o [4]
AttServer_SendPrepareWriteResponse
                        0x000181dd     0xc  Code  Gb  att.o [4]
AttServer_SendReadBlobResponse
                        0x000181ad     0xc  Code  Gb  att.o [4]
AttServer_SendReadByGroupTypeResponse
                        0x000181c5     0xc  Code  Gb  att.o [4]
AttServer_SendReadByTypeResponse
                        0x00018195     0xc  Code  Gb  att.o [4]
AttServer_SendReadMultipleResponse
                        0x000181b9     0xc  Code  Gb  att.o [4]
AttServer_SendReadResponse
                        0x000181a1     0xc  Code  Gb  att.o [4]
AttServer_SendWriteResponse
                        0x000181d1     0xc  Code  Gb  att.o [4]
Att_GetMtu              0x00018099    0x20  Code  Gb  att.o [4]
Att_Init                0x00018041     0xe  Code  Gb  att.o [4]
Att_NotifyConnection    0x0001804f    0x1e  Code  Gb  att.o [4]
Att_NotifyDisconnection
                        0x0001806d    0x28  Code  Gb  att.o [4]
Att_RegisterOpcodeCallback
                        0x00019de1    0xec  Code  Gb  att_cb.o [4]
Att_RegisterTimeoutCallback
                        0x00019ed5     0x8  Code  Gb  att_cb.o [4]
Att_RegisterUnsupportedOpcodeCallback
                        0x00019ecd     0x8  Code  Gb  att_cb.o [4]
Att_SetMtu              0x00018095     0x4  Code  Gb  att.o [4]
BASE_UUID               0x00018030    0x10  Data  Lc  gatt_db_att.o [4]
BLE_SignalFromISRCallback
                        0x000054fb     0x2  Code  Lc  Main.o [2]
BLOCK_1_IFR             0x0000f584    0x38  Data  Gb  ifr_mkw40z4_radio.o [2]
BOARD_pins_conf         0x0000e238    0xc8  Data  Lc  BSP_pins.o [2]
BSP_ClearFIFO_SPI1      0x00008607     0xe  Code  Gb  BSP_SPI.o [2]
BSP_DMA_SPI_init_transfer
                        0x00008505    0x2e  Code  Gb  BSP_DMA.o [2]
BSP_DMA_init            0x000084dd    0x28  Code  Gb  BSP_DMA.o [2]
BSP_Init_PIT            0x00008575    0x32  Code  Gb  BSP_PIT.o [2]
BSP_Init_Pins           0x0000e1d9    0x24  Code  Gb  BSP_pins.o [2]
BSP_Init_SPI1           0x000085dd    0x2a  Code  Gb  BSP_SPI.o [2]
BSP_Read_PIT            0x000085a7    0x1c  Code  Gb  BSP_PIT.o [2]
BSP_SPI_DMA_Get_rx_buf  0x00008549     0x4  Code  Gb  BSP_DMA.o [2]
BSP_SPI_DMA_Get_tx_buf  0x00008545     0x4  Code  Gb  BSP_DMA.o [2]
BSP_SPI_DMA_read_write  0x00008615    0x1c  Code  Gb  BSP_SPI.o [2]
BSP_SPI_DMA_wait_transfer_done
                        0x00008533    0x12  Code  Gb  BSP_DMA.o [2]
Bas_RecordBatteryMeasurement
                        0x0000ee89    0x6a  Code  Gb  battery_service.o [2]
Bas_Start               0x0000ee01    0x74  Code  Gb  battery_service.o [2]
Bas_Subscribe           0x0000ee75     0x8  Code  Gb  battery_service.o [2]
Bas_Unsubscribe         0x0000ee7d     0xa  Code  Gb  battery_service.o [2]
BleApp_AdvertisingCallback
                        0x00008753    0x2e  Code  Lc  BLE_peripheral_app.o [2]
BleApp_ConnectionCallback
                        0x00008781   0x194  Code  Lc  BLE_peripheral_app.o [2]
BleApp_GattServerCallback
                        0x00008921    0xa6  Code  Lc  BLE_peripheral_app.o [2]
BleApp_GenericCallback  0x00008689    0xca  Code  Gb  BLE_peripheral_app.o [2]
BleApp_Restart_Advertising
                        0x00008645    0x44  Code  Gb  BLE_peripheral_app.o [2]
BleApp_setup_names      0x000089e9    0x88  Code  Gb  BLE_peripheral_app.o [2]
Ble_HciRecv             0x00015345   0x5bc  Code  Gb  hci_commands.o [4]
Ble_HostInitialize      0x0000e7f1     0x8  Code  Gb  gap_api2msg.o [4]
Ble_HostTaskInit        0x000106a1    0xa2  Code  Gb  ble_host_tasks.o [2]
Ble_Initialize          0x0000a6e9    0x2c  Code  Gb  BLE_common_app.o [2]
CLOCK_HAL_GetFllClk     0x000162ed    0xaa  Code  Gb  fsl_mcg_hal.o [2]
CLOCK_HAL_GetInternalRefClk
                        0x0001640d    0x34  Code  Gb  fsl_mcg_hal.o [2]
CLOCK_HAL_GetMcgMode    0x0001dfbd    0x5c  Code  Gb  fsl_mcg_hal_modes.o [2]
CLOCK_HAL_PrepareOsc    0x000162e1     0xc  Code  Gb  fsl_mcg_hal.o [2]
CLOCK_HAL_SetBlpeMode   0x0001e2f7    0x16  Code  Gb  fsl_mcg_hal_modes.o [2]
CLOCK_HAL_SetBlpiMode   0x0001e2c1    0x36  Code  Gb  fsl_mcg_hal_modes.o [2]
CLOCK_HAL_SetFbeMode    0x0001e1f1    0xc8  Code  Gb  fsl_mcg_hal_modes.o [2]
CLOCK_HAL_SetFbiMode    0x0001e13d    0xb4  Code  Gb  fsl_mcg_hal_modes.o [2]
CLOCK_HAL_SetFeeMode    0x0001e095    0xa8  Code  Gb  fsl_mcg_hal_modes.o [2]
CLOCK_HAL_SetFeiMode    0x0001e019    0x7c  Code  Gb  fsl_mcg_hal_modes.o [2]
CLOCK_HAL_SetOutDiv     0x000162c9    0x14  Code  Gb  fsl_sim_hal_MKW40Z4.o [2]
CLOCK_HAL_TestFllFreq::fllFactorTable
                        0x00016450    0x10  Data  Lc  fsl_mcg_hal.o [2]
CLOCK_HAL_UpdateFastClkInternalRefDiv
                        0x00016397    0x5e  Code  Gb  fsl_mcg_hal.o [2]
CLOCK_SYS_EnableLtcClock
                        0x000110d9    0x42  Code  Gb  fsl_clock_MKW40Z4.o [2]
CLOCK_SYS_EnableTpmClock
                        0x00011055    0x44  Code  Gb  fsl_clock_MKW40Z4.o [2]
CLOCK_SYS_FllStableDelay
                        0x0001e659     0xc  Code  Lc  fsl_clock_manager.o [2]
CLOCK_SYS_GetTpmFreq    0x00011015    0x34  Code  Gb  fsl_clock_MKW40Z4.o [2]
CLOCK_SYS_RtcOscInit    0x0001e7e5    0x5e  Code  Gb  fsl_clock_manager.o [2]
CLOCK_SYS_SetMcgMode    0x0001e665   0x17a  Code  Gb  fsl_clock_manager.o [2]
CLOCK_SYS_SetSimConfigration
                        0x00010fe9    0x22  Code  Gb  fsl_clock_MKW40Z4.o [2]
CSTACK$$Base            0x20003e80           --   Gb  - Linker created -
CSTACK$$Limit           0x20004000           --   Gb  - Linker created -
CTRLR_stack             0x2000369c     0x4  Data  Gb  ble_controller_task.o [2]
Clock_init              0x0001eb95    0x48  Code  Gb  BSP_clocks.o [2]
CommandService_read     0x0000e473    0x2a  Code  Gb  App_CommandService.o [2]
CommandService_write    0x0000e3c5    0x5a  Code  Gb  App_CommandService.o [2]
CommandService_write_attribute
                        0x0000e41f    0x54  Code  Gb  App_CommandService.o [2]
Config_pin              0x0000e165    0x74  Code  Gb  BSP_pins.o [2]
ControllerTask          0x0001056d     0xe  Code  Lc  ble_controller_task.o [2]
Controller_Init         0x0001063d    0x3c  Code  Gb  bt_le_bluetooth.o [3]
Controller_InterruptHandler
                        0x0001ed3d    0x16  Code  Gb  ll_isr.o [3]
Controller_RecvPacket   0x00010679     0x8  Code  Gb  bt_le_bluetooth.o [3]
Controller_SetTxPowerLevel
                        0x00010689    0x18  Code  Gb  bt_le_bluetooth.o [3]
Controller_TaskHandler  0x00015e61    0x44  Code  Gb  llf_task.o [3]
Controller_TaskInit     0x0001057d    0x9a  Code  Gb  ble_controller_task.o [2]
Cu8_hci_le_supported_commands_array
                        0x000073f8    0x24  Data  Gb  lec_hci_le_common_commands.o [3]
DMA_SPI_rx_buf          0x2000367c    0x18  Data  Lc  BSP_DMA.o [2]
DMA_SPI_tx_buf          0x20003664    0x18  Data  Lc  BSP_DMA.o [2]
DevDb_AddConnection     0x00016ab9    0x4e  Code  Gb  device_db.o [4]
DevDb_CheckIfBondedDeviceAddressIsStatic
                        0x00016db5    0x4a  Code  Gb  device_db.o [4]
DevDb_CheckIfBondedDeviceHasDistributedIrk
                        0x00016e05    0x24  Code  Gb  device_db.o [4]
DevDb_CheckIfBondedDeviceIsActive
                        0x00016ec5    0x40  Code  Gb  device_db.o [4]
DevDb_GetBondedDeviceAddress
                        0x00016e29    0x18  Code  Gb  device_db.o [4]
DevDb_GetBondedDeviceCsrk
                        0x00016e6f    0x26  Code  Gb  device_db.o [4]
DevDb_GetBondedDeviceIrk
                        0x00016e41    0x24  Code  Gb  device_db.o [4]
DevDb_GetBondedDeviceSignCounter
                        0x00016e9d    0x1c  Code  Gb  device_db.o [4]
DevDb_GetCccd           0x00016bb3    0x38  Code  Gb  device_db.o [4]
DevDb_GetDeviceId       0x00016b2f    0x10  Code  Gb  device_db.o [4]
DevDb_GetNbBondedDevices
                        0x00016b73     0x6  Code  Gb  device_db.o [4]
DevDb_Init              0x00016a75    0x44  Code  Gb  device_db.o [4]
DevDb_LoadMostRecentlyUsedDeviceAddressAndType
                        0x00016f49    0x38  Code  Gb  device_db.o [4]
DevDb_LoadPublicDeviceAddress
                        0x00016f35    0x14  Code  Gb  device_db.o [4]
DevDb_MarkDeviceAsBonded
                        0x00016b3f    0x34  Code  Gb  device_db.o [4]
DevDb_ReleaseConnection
                        0x00016b07    0x28  Code  Gb  device_db.o [4]
DevDb_SaveCccd          0x00016b79    0x3a  Code  Gb  device_db.o [4]
DevDb_SaveKeys          0x00016c9d   0x114  Code  Gb  device_db.o [4]
DevDb_SaveLocalPublicAddress
                        0x00016f05    0x14  Code  Gb  device_db.o [4]
DevDb_SaveMostRecentlyUsedAddressType
                        0x00016f19     0x8  Code  Gb  device_db.o [4]
DevDb_SaveMostRecentlyUsedRandomAddress
                        0x00016f21    0x14  Code  Gb  device_db.o [4]
DevDb_SignalDevicePaired
                        0x00016bf3    0x24  Code  Gb  device_db.o [4]
DevDb_SignalDevicePairedAndBonded
                        0x00016c2d    0x6a  Code  Gb  device_db.o [4]
EnablePrivacy           0x0001305d    0x1a  Code  Lc  gap.o [4]
FLib_MemCmp             0x000028bb    0x50  Code  Gb  FunctionLib.o [2]
FLib_MemCpy             0x0000283d    0x3a  Code  Gb  FunctionLib.o [2]
FLib_MemCpyReverseOrder
                        0x00002877    0x44  Code  Gb  FunctionLib.o [2]
FLib_MemSet             0x0000290b    0x3c  Code  Gb  FunctionLib.o [2]
FREESCALE_PROD_DATA_BASE_ADDR {Abs}
                        0x00027c00          Data  Gb  command line/config [1]
Finish_CRC32            0x0001180d     0xa  Code  Gb  CRC_utils.o [2]
FlashCommandSequence    0x00002947    0x32  Code  Gb  FlashCommandSequence.o [2]
FlashEraseSector        0x0000e595    0x6a  Code  Gb  FlashEraseSector.o [2]
FlashInit               0x0000e4ad     0xa  Code  Gb  FlashInit.o [2]
FlashProgram            0x0000e50b    0x8a  Code  Gb  FlashProgram.o [2]
Gap_AcceptPairingRequest
                        0x0000ea51    0x46  Code  Gb  gap_api2msg.o [4]
Gap_AddDeviceToWhiteList
                        0x0000ec51    0x3c  Code  Gb  gap_api2msg.o [4]
Gap_CheckIfBonded       0x0000ec49     0x8  Code  Gb  gap_api2msg.o [4]
Gap_CheckNotificationStatus
                        0x0000e9ff     0x8  Code  Gb  gap_api2msg.o [4]
Gap_DenyLongTermKey     0x0000ec0d    0x30  Code  Gb  gap_api2msg.o [4]
Gap_GetBondedStaticAddresses
                        0x0000ea07     0x8  Code  Gb  gap_api2msg.o [4]
Gap_ProvideLongTermKey  0x0000ebb1    0x5c  Code  Gb  gap_api2msg.o [4]
Gap_ReadPublicDeviceAddress
                        0x0000ec8d    0x2c  Code  Gb  gap_api2msg.o [4]
Gap_ReadRadioPowerLevel
                        0x0000ecbd    0x38  Code  Gb  gap_api2msg.o [4]
Gap_RegisterDeviceSecurityRequirements
                        0x0000e7f9     0x8  Code  Gb  gap_api2msg.o [4]
Gap_SendSlaveSecurityRequest
                        0x0000ea0f    0x38  Code  Gb  gap_api2msg.o [4]
Gap_SendSmpKeys         0x0000ea9d   0x10e  Code  Gb  gap_api2msg.o [4]
Gap_SetAdvertisingData  0x0000e841   0x18a  Code  Gb  gap_api2msg.o [4]
Gap_SetAdvertisingParameters
                        0x0000e801    0x40  Code  Gb  gap_api2msg.o [4]
Gap_SetLocalPasskey     0x0000ec41     0x8  Code  Gb  gap_api2msg.o [4]
Gap_StartAdvertising    0x0000e9cb    0x34  Code  Gb  gap_api2msg.o [4]
GattDb_AttExecuteWrite  0x00017c6d    0x30  Code  Gb  gatt_db_att.o [4]
GattDb_AttExecuteWriteFromQueue
                        0x00017c9d    0x86  Code  Gb  gatt_db_att.o [4]
GattDb_AttFindByTypeValue
                        0x000174e7    0xee  Code  Gb  gatt_db_att.o [4]
GattDb_AttFindInformation
                        0x000173a5   0x142  Code  Gb  gatt_db_att.o [4]
GattDb_AttPrepareNotificationIndication
                        0x00017d23    0x7a  Code  Gb  gatt_db_att.o [4]
GattDb_AttPrepareWrite  0x00017bf9    0x74  Code  Gb  gatt_db_att.o [4]
GattDb_AttRead          0x0001775f    0x74  Code  Gb  gatt_db_att.o [4]
GattDb_AttReadBlob      0x000177dd    0x98  Code  Gb  gatt_db_att.o [4]
GattDb_AttReadByGroupType
                        0x00017939   0x1bc  Code  Gb  gatt_db_att.o [4]
GattDb_AttReadByType    0x000175dd   0x182  Code  Gb  gatt_db_att.o [4]
GattDb_AttReadMultiple  0x00017879    0xc0  Code  Gb  gatt_db_att.o [4]
GattDb_AttSignedWriteCommand
                        0x00017bb5    0x3e  Code  Gb  gatt_db_att.o [4]
GattDb_AttWrite         0x00017afd    0x66  Code  Gb  gatt_db_att.o [4]
GattDb_AttWriteCommand  0x00017b63    0x52  Code  Gb  gatt_db_att.o [4]
GattDb_FindCccdHandleForCharValueHandle
                        0x00011de9    0x56  Code  Gb  gatt_db_app.o [4]
GattDb_FindCharValueHandleInService
                        0x00011cef    0xe8  Code  Gb  gatt_db_app.o [4]
GattDb_GetIndexOfHandle
                        0x00016533    0x30  Code  Gb  gatt_database.o [2]
GattDb_GetServiceHandleForAttributeIndex
                        0x00017fe7    0x38  Code  Gb  gatt_db_att.o [4]
GattDb_Init             0x00016475    0xbe  Code  Gb  gatt_database.o [2]
GattDb_WriteAttribute   0x00011c85    0x6a  Code  Gb  gatt_db_app.o [4]
GattServer_RegisterCallback
                        0x0000ed05     0xa  Code  Gb  gatt_api2msg.o [4]
GattServer_RegisterHandlesForReadNotifications
                        0x0000ed6d    0x20  Code  Gb  gatt_api2msg.o [4]
GattServer_RegisterHandlesForWriteNotifications
                        0x0000ed0f    0x20  Code  Gb  gatt_api2msg.o [4]
GattServer_SendAttributeReadStatus
                        0x0000ed8d    0x38  Code  Gb  gatt_api2msg.o [4]
GattServer_SendAttributeWrittenStatus
                        0x0000ed2f    0x38  Code  Gb  gatt_api2msg.o [4]
GattServer_SendNotification
                        0x0000edc5    0x34  Code  Gb  gatt_api2msg.o [4]
Gatt_Init               0x0000ecfd     0x8  Code  Gb  gatt_api2msg.o [4]
Get_PTC6_state          0x0000e21f     0xa  Code  Gb  BSP_pins.o [2]
Get_boggest_pool_free_block_cnt
                        0x000050d5     0xa  Code  Gb  MemManager.o [2]
HOSTCHAN_stack          0x20003904     0x4  Data  Gb  App_comm_channel.o [2]
HOST_stack              0x200034ac     0x4  Data  Gb  ble_host_tasks.o [2]
HWDCoffsetCal           0x20000976     0x1  Data  Lc  KW4xXcvrDrv.o [2]
Hci_Disconnect          0x00014dc1    0x24  Code  Gb  hci_commands.o [4]
Hci_EventHandler        0x00015291    0xa2  Code  Lc  hci_commands.o [4]
Hci_Init                0x00014b6d    0x2e  Code  Gb  hci_commands.o [4]
Hci_LeAddDeviceToWhiteList
                        0x00014f3d    0x26  Code  Gb  hci_commands.o [4]
Hci_LeClearWhiteList    0x00014f6d     0x8  Code  Gb  hci_commands.o [4]
Hci_LeConnectionUpdate  0x00014e85     0xa  Code  Gb  hci_commands.o [4]
Hci_LeCreateConnection  0x00014de9    0x90  Code  Gb  hci_commands.o [4]
Hci_LeCreateConnectionCancel
                        0x00014e79     0x8  Code  Gb  hci_commands.o [4]
Hci_LeLongTermKeyRequestNegativeReply
                        0x000151ef    0x20  Code  Gb  hci_commands.o [4]
Hci_LeLongTermKeyRequestReply
                        0x000151b1    0x3e  Code  Gb  hci_commands.o [4]
Hci_LeReadAdvertisingChannelTxPower
                        0x0001503d     0x8  Code  Gb  hci_commands.o [4]
Hci_LeReadBufferSize    0x00014c3d     0x6  Code  Gb  hci_commands.o [4]
Hci_LeReadLocalSupportedFeatures
                        0x00014c69     0x8  Code  Gb  hci_commands.o [4]
Hci_LeReadWhiteListSize
                        0x00014f79     0x8  Code  Gb  hci_commands.o [4]
Hci_LeRemoteConnectionParameterRequestNegativeReply
                        0x00014ef7    0x24  Code  Gb  hci_commands.o [4]
Hci_LeRemoteConnectionParameterRequestReply
                        0x00014e8f     0x8  Code  Gb  hci_commands.o [4]
Hci_LeRemoveDeviceFromWhiteList
                        0x00014f85    0x26  Code  Gb  hci_commands.o [4]
Hci_LeSetAdvertiseDisable
                        0x00014c8d    0x18  Code  Gb  hci_commands.o [4]
Hci_LeSetAdvertiseEnable
                        0x00014c75    0x18  Code  Gb  hci_commands.o [4]
Hci_LeSetAdvertisingData
                        0x00014ca5     0xc  Code  Gb  hci_commands.o [4]
Hci_LeSetAdvertisingParameters
                        0x00014cb1    0x5c  Code  Gb  hci_commands.o [4]
Hci_LeSetEventMask      0x00014fb5     0xa  Code  Gb  hci_commands.o [4]
Hci_LeSetRandomAddress  0x00014d0d    0x1e  Code  Gb  hci_commands.o [4]
Hci_LeSetScanEnable     0x00014d6f    0x1e  Code  Gb  hci_commands.o [4]
Hci_LeSetScanParameters
                        0x00014d8d    0x34  Code  Gb  hci_commands.o [4]
Hci_LeSetScanResponseData
                        0x00014d2b     0xa  Code  Gb  hci_commands.o [4]
Hci_LeStartEncryption   0x00015219    0x4a  Code  Gb  hci_commands.o [4]
Hci_ReadBdAddr          0x00014c5d     0x8  Code  Gb  hci_commands.o [4]
Hci_ReadRssi            0x00015017    0x20  Code  Gb  hci_commands.o [4]
Hci_ReadTransmitPowerLevel
                        0x00014ff3    0x24  Code  Gb  hci_commands.o [4]
Hci_RecvAclDataHandler  0x00015275    0x10  Code  Lc  hci_commands.o [4]
Hci_RecvFragmentOfPacket
                        0x00015901    0x9c  Code  Lc  hci_commands.o [4]
Hci_RegisterCommandCompleteEventCallback
                        0x00014bb1    0x16  Code  Gb  hci_commands.o [4]
Hci_RegisterCommandStatusEventCallback
                        0x00014bc7    0x16  Code  Gb  hci_commands.o [4]
Hci_RegisterGenericEventCallback
                        0x00014bdd    0x16  Code  Gb  hci_commands.o [4]
Hci_RegisterL2caCallback
                        0x00014bf3    0x26  Code  Gb  hci_commands.o [4]
Hci_RegisterLeEventCallback
                        0x00014b9b    0x16  Code  Gb  hci_commands.o [4]
Hci_RegisterSmCallback  0x00014c19    0x16  Code  Gb  hci_commands.o [4]
Hci_Reset               0x00014c31     0x8  Code  Gb  hci_commands.o [4]
Hci_SendAclData         0x00015051    0x78  Code  Gb  hci_commands.o [4]
Hci_SendAclDataWithSegmentation
                        0x000150cd    0xe4  Code  Gb  hci_commands.o [4]
Hci_SetEventMask        0x00014f31     0xc  Code  Gb  hci_commands.o [4]
Host_Task               0x00010755     0xe  Code  Lc  ble_host_tasks.o [2]
Host_TaskHandler        0x00015ea9   0x420  Code  Gb  host_hl_task.o [4]
INT_SYS_InstallHandler  0x0000de0d    0x40  Code  Gb  fsl_interrupt_manager.o [2]
InStream_Read           0x0001e949    0x24  Code  Lc  lz77_init.o [8]
InStream_StepRegion     0x0001e935    0x14  Code  Lc  lz77_init.o [8]
Init_master_channel_task
                        0x00007979    0x28  Code  Gb  App_comm_channel.o [2]
InternalBle_Initialize  0x000120f5    0x58  Code  Gb  gap.o [4]
InternalGap_AcceptPairingRequest
                        0x00012477    0x14  Code  Gb  gap.o [4]
InternalGap_AddDeviceToWhiteList
                        0x00012941    0x32  Code  Gb  gap.o [4]
InternalGap_CheckIfBonded
                        0x000128d9    0x1e  Code  Gb  gap.o [4]
InternalGap_CheckIndicationStatus
                        0x000122ff    0x14  Code  Gb  gap.o [4]
InternalGap_CheckNotificationStatus
                        0x000122f3     0xc  Code  Gb  gap.o [4]
InternalGap_ClearWhiteList
                        0x00012921    0x20  Code  Gb  gap.o [4]
InternalGap_Connect     0x0001280f    0x6c  Code  Gb  gap.o [4]
InternalGap_CreateRandomAddress
                        0x000129a5    0x4a  Code  Gb  gap.o [4]
InternalGap_DefaultPair
                        0x0001239b    0x16  Code  Gb  gap.o [4]
InternalGap_DenyLongTermKey
                        0x000126dd    0x26  Code  Gb  gap.o [4]
InternalGap_Disconnect  0x00012881    0x54  Code  Gb  gap.o [4]
InternalGap_EncryptLink
                        0x0001240f    0x68  Code  Gb  gap.o [4]
InternalGap_EnterPasskey
                        0x000124b5    0x44  Code  Gb  gap.o [4]
InternalGap_GetBondedStaticAddresses
                        0x00012313    0x72  Code  Gb  gap.o [4]
InternalGap_LoadEncryptionInformation
[...]
maReadHandles           0x20003734    0x14  Data  Lc  gatt_server.o [4]
maServiceSecurityRequirements
                        0x20003714    0x14  Data  Lc  gap.o [4]
main                    0x00005311    0x3a  Code  Gb  Main.o [2]
main_task_queue         0x200037bc     0xc  Data  Gb  Main.o [2]
masterSecurity          0x0000f7e8     0x4  Data  Lc  BLE_peripheral_app.o [2]
master_queue            0x200033e8    0x58  Data  Gb  App_comm_channel.o [2]
master_queue_head       0x20003440     0x4  Data  Gb  App_comm_channel.o [2]
master_queue_tail       0x20003444     0x4  Data  Gb  App_comm_channel.o [2]
max_timer_period_in_ticks
                        0x200038c0     0x2  Data  Lc  TimersManager.o [2]
mcBondedDevices         0x20000861     0x1  Data  Lc  BLE_peripheral_app.o [2]
mcBondedDevices         0x20003878     0x1  Data  Lc  device_db.o [4]
mcNbBonded              0x200008f9     0x1  Data  Lc  gap_cm.o [4]
mcgModeMatrix           0x0001e910    0x24  Data  Lc  fsl_clock_manager.o [2]
mpAutoConnectParams     0x20003918     0x4  Data  Lc  gap.o [4]
newDevices              0x20002828    0xf4  Data  Lc  device_db.o [4]
numberOfActiveTimers    0x20002f40     0x1  Data  Lc  TimersManager.o [2]
numberOfLowPowerActiveTimers
                        0x20002f41     0x1  Data  Lc  TimersManager.o [2]
nvmSave                 0x00016f9b    0x1c  Code  Lc  device_db.o [4]
panic_fptr_is_valid     0x20000974     0x1  Data  Gb  KW4xXcvrDrv.o [2]
panic_function_ptr      0x20000980     0x4  Data  Gb  KW4xXcvrDrv.o [2]
pfAdvCallback           0x200036bc     0x4  Data  Lc  BLE_common_app.o [2]
pfBLE_ActivityNotify    0x20003970     0x4  Data  Gb  platform_board_init.o [3]
pfBLE_SignalFromISR     0x20003974     0x4  Data  Gb  platform_board_init.o [3]
pfConnCallback          0x200036c4     0x4  Data  Lc  BLE_common_app.o [2]
pfGattClientIndCallback
                        0x200036d4     0x4  Data  Lc  BLE_common_app.o [2]
pfGattClientNotifCallback
                        0x200036d0     0x4  Data  Lc  BLE_common_app.o [2]
pfGattClientProcCallback
                        0x200036cc     0x4  Data  Lc  BLE_common_app.o [2]
pfGattServerCallback    0x200036c8     0x4  Data  Lc  BLE_common_app.o [2]
pfHCI_SendToHostCallback
                        0x2000396c     0x4  Data  Gb  bt_le_bluetooth.o [3]
pfL2caLeCbControlCallback
                        0x200036dc     0x4  Data  Lc  BLE_common_app.o [2]
pfL2caLeCbDataCallback  0x200036d8     0x4  Data  Lc  BLE_common_app.o [2]
pfScanCallback          0x200036c0     0x4  Data  Lc  BLE_common_app.o [2]
pf_get_lfsr_random_number
                        0x0000568d    0x2c  Code  Gb  ll_utils.o [3]
pf_init_abs_layer       0x00015ea5     0x2  Code  Gb  platform_abs.o [3]
pf_le_start_timer       0x000040a5    0x16  Code  Gb  ll.o [3]
pf_le_stop_timer        0x000040bb    0x14  Code  Gb  ll.o [3]
pf_read_platform_reg    0x00010c21     0x8  Code  Gb  platform_vendor_cmds.o [3]
pfd_convert_vendor_command_params
                        0x00010a41    0x4a  Code  Gb  platform_vendor_cmds.o [3]
pfd_get_rng_seed        0x0000aae5     0x8  Code  Gb  platform_board_init.o [3]
pfd_handle_vendor_commands
                        0x00010a8b    0x3a  Code  Gb  platform_vendor_cmds.o [3]
pfd_init                0x0000a9cd    0xae  Code  Gb  platform_board_init.o [3]
pfd_llh_reset           0x0000aaed     0x2  Code  Gb  platform_board_init.o [3]
pfd_read_llh_fifo       0x00005a09    0x3e  Code  Gb  platform_llh_interface.o [3]
pfd_read_llh_register   0x000059fd     0x6  Code  Gb  platform_llh_interface.o [3]
pfd_rf_gen_interface    0x00004f61    0x66  Code  Gb  platform_rf_driver.o [3]
pfd_rf_get_abs_rssi_in_dbm
                        0x0000509d     0x4  Code  Gb  platform_rf_driver.o [3]
pfd_rf_get_tx_power     0x000050b1     0xc  Code  Gb  platform_rf_driver.o [3]
pfd_rf_get_tx_power_in_dbm
                        0x000050a1    0x10  Code  Gb  platform_rf_driver.o [3]
pfd_rf_read_reg         0x00004ffd    0x2e  Code  Gb  platform_rf_driver.o [3]
pfd_rf_read_rssi_val    0x000050c9     0xc  Code  Gb  platform_rf_driver.o [3]
pfd_rf_reset            0x0000502b    0x72  Code  Gb  platform_rf_driver.o [3]
pfd_rf_write_reg        0x00004fc7    0x36  Code  Gb  platform_rf_driver.o [3]
pfd_set_rf_power_level  0x0000aa7b    0x40  Code  Gb  platform_board_init.o [3]
pfd_write_llh_fifo      0x00005a51    0x30  Code  Gb  platform_llh_interface.o [3]
pfd_write_llh_memory    0x00005a81    0x32  Code  Gb  platform_llh_interface.o [3]
pfd_write_llh_register  0x00005a03     0x6  Code  Gb  platform_llh_interface.o [3]
pin_code                0x20000aac     0x4  Data  Gb  App_comm_channel.o [2]
pools_memory            0x1ffff0d4   0xfa0  Data  Gb  MemManager.o [2]
pow                     0x0000fc49     0xe  Code  Gb  pow.o [7]
prepWrQueues            0x20003940     0x4  Data  Gb  gatt_db_prepare_write_queue.o [4]
prev_timer_counter      0x200038be     0x2  Data  Lc  TimersManager.o [2]
privacyTimeout          0x00013085    0x20  Code  Lc  gap.o [4]
prvCheckForValidListAndQueue
                        0x0000dda1    0x44  Code  Lc  timers.o [2]
prvIdleTask             0x0000d82f    0x5a  Code  Lc  tasks.o [2]
prvProcessExpiredTimer  0x0000db5d    0x76  Code  Lc  timers.o [2]
prvProcessReceivedCommands
                        0x0000dc45    0xe8  Code  Lc  timers.o [2]
prvSampleTimeNow::xLastTime
                        0x20003600     0x4  Data  Lc  timers.o [2]
prvSwitchTimerLists     0x0000dd31    0x6c  Code  Lc  timers.o [2]
prvTaskExitError        0x0000d0d5    0x14  Code  Gb  port.o [2]
prvTimerTask            0x0000dbd3    0x70  Code  Lc  timers.o [2]
pvPortMalloc            0x00011795    0x4a  Code  Gb  heap_1.o [2]
pvPortMalloc::pucAlignedHeap
                        0x20000ad8     0x4  Data  Lc  heap_1.o [2]
pvTaskIncrementMutexHeldCount
                        0x0000d979    0x14  Code  Gb  tasks.o [2]
pxCurrentTCB            0x200006e0     0x4  Data  Gb  tasks.o [2]
pxCurrentTimerList      0x200035f4     0x4  Data  Lc  timers.o [2]
pxDelayedTaskList       0x200006e4     0x4  Data  Lc  tasks.o [2]
pxOverflowDelayedTaskList
                        0x200006e8     0x4  Data  Lc  tasks.o [2]
pxOverflowTimerList     0x200035f8     0x4  Data  Lc  timers.o [2]
pxPortInitialiseStack   0x0000d0e9    0x1e  Code  Gb  port.o [2]
pxReadyTasksLists       0x20002dd4   0x168  Data  Lc  tasks.o [2]
queueIndexes            0x2000393d     0x1  Data  Gb  gatt_db_prepare_write_queue.o [4]
rand                    0x00011ea5    0xcc  Code  Gb  rand.o [5]
readAttributeValue      0x00018b3d    0x5e  Code  Lc  gatt_client.o [4]
readByGroupTypeUuidsMatch
                        0x00017ea9     0x2  Code  Lc  gatt_db_att.o [4]
readByTypeUuidsMatch    0x00017ea5     0x4  Code  Lc  gatt_db_att.o [4]
readCccdFlag            0x00012f69    0x24  Code  Lc  gap.o [4]
readPartAttributeValue  0x00017f73    0x74  Code  Lc  gatt_db_att.o [4]
resetActiveDeviceSlot   0x00016f81     0xc  Code  Lc  device_db.o [4]
resetNewDeviceDataSlot  0x00016f8d     0xe  Code  Lc  device_db.o [4]
rf_param_hardcoded      0x20000594    0xdc  Data  Gb  platform_board_init.o [3]
round                   0x000101fd    0x48  Code  Gb  round.o [7]
serviceSecurity         0x0000f7ec     0xc  Data  Lc  BLE_peripheral_app.o [2]
service_battery_valueArray
                        0x20000aca     0x2  Data  Gb  gatt_database.o [2]
service_device_info_valueArray
                        0x20000acc     0x2  Data  Gb  gatt_database.o [2]
service_gap_valueArray  0x20000ac6     0x2  Data  Gb  gatt_database.o [2]
service_gatt_valueArray
                        0x20000ac4     0x2  Data  Gb  gatt_database.o [2]
service_k66_cmd_valueArray
                        0x20000564    0x10  Data  Gb  gatt_database.o [2]
service_k66_perf_test_valueArray
                        0x20000554    0x10  Data  Gb  gatt_database.o [2]
service_otap_valueArray
                        0x20000574    0x10  Data  Gb  gatt_database.o [2]
service_wireless_uart_valueArray
                        0x20000584    0x10  Data  Gb  gatt_database.o [2]
setjmp                  0x000117f5          Code  Gb  setjmp.o [8]
smCallback              0x0001e30d   0x29a  Code  Gb  gap_sm_cb.o [4]
smCoreStruct            0x200038e4     0xc  Data  Gb  sm_core.o [4]
smDebugLogCircularBuffer
                        0x200009e8    0x10  Data  Lc  sm_debug.o [4]
smStateTable            0x0001b388    0x40  Data  Lc  sm_states.o [4]
smpCsrk                 0x0000f7d8    0x10  Data  Lc  BLE_peripheral_app.o [2]
smpIoCapToPairingMethodTable
                        0x0001b488    0x1c  Data  Lc  sm_states.o [4]
smpIrk                  0x0000f7c8    0x10  Data  Lc  BLE_peripheral_app.o [2]
smpLtk                  0x0000f7b0    0x10  Data  Lc  BLE_peripheral_app.o [2]
smpPacketTypeLengthTable
                        0x0001da24     0xc  Data  Lc  sm_packet_op.o [4]
smpRand                 0x0000f7c0     0x8  Data  Lc  BLE_peripheral_app.o [2]
software_revision       0x20003788    0x18  Data  Gb  App_comm_channel.o [2]
spi_chan_task_id        0x20003908     0x4  Data  Gb  App_comm_channel.o [2]
static_gattDatabase     0x20000074   0x380  Data  Gb  gatt_database.o [2]
strlen                  0x0000f225    0x10  Code  Gb  strlen.o [8]
sw_sha1_hash_n          0x0000c2d7   0x126  Code  Gb  SW_SHA1.o [6]
sw_sha1_initialize_output
                        0x0000c2c1    0x16  Code  Gb  SW_SHA1.o [6]
terminatePairing        0x00012fc5    0x28  Code  Lc  gap.o [4]
ticks_for_4ms           0x200038c2     0x2  Data  Lc  TimersManager.o [2]
timer_hardware_is_running
                        0x20002f42     0x1  Data  Lc  TimersManager.o [2]
tmr_task_event_object   0x20003070     0x8  Data  Lc  TimersManager.o [2]
tmr_timer_status_table  0x20002f44     0xc  Data  Lc  TimersManager.o [2]
tmr_timer_table         0x20002f50   0x120  Data  Lc  TimersManager.o [2]
tpmGateTable            0x000110d4     0x4  Data  Lc  fsl_clock_MKW40Z4.o [2]
trim_status             0x20000984     0x4  Data  Lc  KW4xXcvrDrv.o [2]
trng_context            0x2000389c    0x10  Data  Lc  fsl_trng_driver.o [2]
trng_drv_ApplyUserConfig
                        0x0000c499   0x15e  Code  Lc  fsl_trng_driver.o [2]
tsm_ll_timing_init      0x0000f68d    0x44  Code  Gb  tsm_ll_timing.o [2]
ucHeap                  0x20000adc  0x1d4c  Data  Lc  heap_1.o [2]
unhandled_ch            0x200038fc     0x1  Data  Gb  App_comm_channel.o [2]
uuid16BitTo128Bit       0x00017f1d    0x18  Code  Lc  gatt_db_att.o [4]
uuid_char_k66rddata     0x200004c4    0x10  Data  Gb  gatt_database.o [2]
uuid_char_k66wrdata     0x200004b4    0x10  Data  Gb  gatt_database.o [2]
uuid_char_k66wrdata_w_resp
                        0x200004a4    0x10  Data  Gb  gatt_database.o [2]
uuid_char_otap_control_point
                        0x20000514    0x10  Data  Gb  gatt_database.o [2]
uuid_char_otap_data     0x20000524    0x10  Data  Gb  gatt_database.o [2]
uuid_cmd_read           0x200004f4    0x10  Data  Gb  gatt_database.o [2]
uuid_cmd_service        0x200004d4    0x10  Data  Gb  gatt_database.o [2]
uuid_cmd_write          0x200004e4    0x10  Data  Gb  gatt_database.o [2]
uuid_service_k66_perf_test
                        0x20000494    0x10  Data  Gb  gatt_database.o [2]
uuid_service_otap       0x20000504    0x10  Data  Gb  gatt_database.o [2]
uuid_service_wireless_uart
                        0x20000534    0x10  Data  Gb  gatt_database.o [2]
uuid_uart_stream        0x20000544    0x10  Data  Gb  gatt_database.o [2]
uxCriticalNesting       0x20000898     0x4  Data  Lc  port.o [2]
uxCurrentNumberOfTasks  0x20000704     0x4  Data  Lc  tasks.o [2]
uxListRemove            0x00011771    0x24  Code  Gb  list.o [2]
uxPendedTicks           0x20000714     0x4  Data  Lc  tasks.o [2]
uxPortSetInterruptMaskFromISR
                        0x0000df83          Code  Gb  portasm.o [2]
uxSchedulerSuspended    0x20000728     0x4  Data  Lc  tasks.o [2]
uxTaskNumber            0x20000720     0x4  Data  Lc  tasks.o [2]
uxTaskResetEventItemValue
                        0x0000d965    0x14  Code  Gb  tasks.o [2]
uxTasksDeleted          0x200006ec     0x4  Data  Lc  tasks.o [2]
uxTopReadyPriority      0x2000070c     0x4  Data  Lc  tasks.o [2]
vEventGroupSetBitsCallback
                        0x0000db15     0xc  Code  Gb  event_groups.o [2]
vListInitialise         0x000116db    0x1e  Code  Gb  list.o [2]
vListInitialiseItem     0x000116f9     0x6  Code  Gb  list.o [2]
vListInsert             0x00011717    0x5a  Code  Gb  list.o [2]
vListInsertEnd          0x000116ff    0x18  Code  Gb  list.o [2]
vPortClearInterruptMask
                        0x0000df7d          Code  Gb  portasm.o [2]
vPortClearInterruptMaskFromISR
                        0x0000df8b          Code  Gb  portasm.o [2]
vPortEnterCritical      0x0000d155    0x14  Code  Gb  port.o [2]
vPortExitCritical       0x0000d169    0x10  Code  Gb  port.o [2]
vPortFree               0x000117e1     0xa  Code  Gb  heap_1.o [2]
vPortSetInterruptMask   0x0000df77          Code  Gb  portasm.o [2]
vPortStartFirstTask     0x0000dfb5          Code  Gb  portasm.o [2]
vPortYieldFromISR       0x0000d179    0x12  Code  Gb  port.o [2]
vQueueWaitForMessageRestricted
                        0x0000d041    0x94  Code  Gb  queue.o [2]
vSetMSP                 0x0000df2f          Code  Gb  portasm.o [2]
vTaskDelay              0x0000d331    0x58  Code  Gb  tasks.o [2]
vTaskMissedYield        0x0000d827     0x8  Code  Gb  tasks.o [2]
vTaskPlaceOnEventList   0x0000d5c9    0x64  Code  Gb  tasks.o [2]
vTaskPlaceOnEventListRestricted
                        0x0000d6ad    0x4e  Code  Gb  tasks.o [2]
vTaskPlaceOnUnorderedEventList
                        0x0000d631    0x78  Code  Gb  tasks.o [2]
vTaskPriorityInherit    0x0000d8a9    0x60  Code  Gb  tasks.o [2]
vTaskSetTimeOutState    0x0000d7b9    0x14  Code  Gb  tasks.o [2]
vTaskStartScheduler     0x0000d391    0x44  Code  Gb  tasks.o [2]
vTaskSuspendAll         0x0000d3dd     0xa  Code  Gb  tasks.o [2]
vTaskSwitchContext      0x0000d575    0x54  Code  Gb  tasks.o [2]
validateAttWriteParams  0x000138bf    0x46  Code  Lc  gatt_server.o [4]
value_appearance_valueArray
                        0x20000ac8     0x2  Data  Gb  gatt_database.o [2]
value_battery_level_valueArray
                        0x20000acf     0x1  Data  Gb  gatt_database.o [2]
value_device_name_valueArray
                        0x200009c0    0x14  Data  Gb  gatt_database.o [2]
value_fw_rev_valueArray
                        0x20000ab8     0x4  Data  Gb  gatt_database.o [2]
value_hw_rev_valueArray
                        0x20000a74     0x8  Data  Gb  gatt_database.o [2]
value_k66_cmd_read_valueArray
                        0x20003850    0x14  Data  Gb  gatt_database.o [2]
value_k66_cmd_write_valueArray
                        0x2000383c    0x14  Data  Gb  gatt_database.o [2]
value_k66rddata_valueArray
                        0x20003828    0x14  Data  Gb  gatt_database.o [2]
value_k66wrdata_valueArray
                        0x20003814    0x14  Data  Gb  gatt_database.o [2]
value_k66wrdata_w_resp_valueArray
                        0x20003800    0x14  Data  Gb  gatt_database.o [2]
value_manuf_name_valueArray
                        0x20000a54     0x8  Data  Gb  gatt_database.o [2]
value_model_no_valueArray
                        0x20000ab0     0x4  Data  Gb  gatt_database.o [2]
value_otap_control_point_valueArray
                        0x200038ac    0x10  Data  Gb  gatt_database.o [2]
value_otap_data_valueArray
                        0x20003864    0x14  Data  Gb  gatt_database.o [2]
value_ppcp_valueArray   0x20000a34     0x8  Data  Gb  gatt_database.o [2]
value_rcdl_valueArray   0x20003964     0x4  Data  Gb  gatt_database.o [2]
value_serial_no_valueArray
                        0x20000ab4     0x4  Data  Gb  gatt_database.o [2]
value_service_changed_valueArray
                        0x20003960     0x4  Data  Gb  gatt_database.o [2]
value_sw_rev_valueArray
                        0x200009d4    0x14  Data  Gb  gatt_database.o [2]
value_system_id_valueArray
                        0x20000a94     0x8  Data  Gb  gatt_database.o [2]
value_uart_stream_valueArray
                        0x200037a0    0x18  Data  Gb  gatt_database.o [2]
verifySignature         0x00017305    0x94  Code  Lc  gap_cm.o [4]
writeAttribute          0x00017f35    0x1c  Code  Lc  gatt_db_att.o [4]
writeAttributePart      0x00017f51    0x22  Code  Lc  gatt_db_att.o [4]
writeAttributeValue     0x00018d2f   0x1fc  Code  Lc  gatt_client.o [4]
xActiveTimerList1       0x20003604    0x14  Data  Lc  timers.o [2]
xActiveTimerList2       0x20003618    0x14  Data  Lc  timers.o [2]
xDelayedTaskList1       0x2000072c    0x14  Data  Lc  tasks.o [2]
xDelayedTaskList2       0x20000740    0x14  Data  Lc  tasks.o [2]
xEventGroupCreate       0x0000d995    0x1a  Code  Gb  event_groups.o [2]
xEventGroupSetBits      0x0000da95    0x80  Code  Gb  event_groups.o [2]
xEventGroupWaitBits     0x0000d9b1    0xe4  Code  Gb  event_groups.o [2]
xJumpBuf                0x200008a0    0x40  Data  Lc  port.o [2]
xNextFreeByte           0x20000ad4     0x4  Data  Lc  heap_1.o [2]
xNextTaskUnblockTime    0x20000724     0x4  Data  Lc  tasks.o [2]
xNumOfOverflows         0x2000071c     0x4  Data  Lc  tasks.o [2]
xPendingReadyList       0x200006b8    0x14  Data  Lc  tasks.o [2]
xPortStartScheduler     0x0000d107    0x4c  Code  Gb  port.o [2]
xQueueCreateCountingSemaphore
                        0x0000c9e1    0x28  Code  Gb  queue.o [2]
xQueueCreateMutex       0x0000c979    0x4a  Code  Gb  queue.o [2]
xQueueGenericCreate     0x0000c931    0x48  Code  Gb  queue.o [2]
xQueueGenericReceive    0x0000cde9   0x258  Code  Gb  queue.o [2]
xQueueGenericReset      0x0000c8bd    0x74  Code  Gb  queue.o [2]
xQueueGenericSend       0x0000ca09   0x28c  Code  Gb  queue.o [2]
xQueueGenericSendFromISR
                        0x0000cc95    0xea  Code  Gb  queue.o [2]
xQueueGetMutexHolder    0x0000c9c3    0x1c  Code  Gb  queue.o [2]
xQueueGiveFromISR       0x0000cd81    0x68  Code  Gb  queue.o [2]
xSchedulerRunning       0x20000710     0x4  Data  Lc  tasks.o [2]
xSuspendedTaskList      0x200006f0    0x14  Data  Lc  tasks.o [2]
xTaskCheckForTimeOut    0x0000d7d1    0x56  Code  Gb  tasks.o [2]
xTaskGenericCreate      0x0000d1a5   0x18c  Code  Gb  tasks.o [2]
xTaskGetCurrentTaskHandle
                        0x0000d889     0x6  Code  Gb  tasks.o [2]
xTaskGetSchedulerState  0x0000d88f    0x1a  Code  Gb  tasks.o [2]
xTaskGetTickCount       0x0000d489    0x12  Code  Gb  tasks.o [2]
xTaskIncrementTick      0x0000d4a1    0xd4  Code  Gb  tasks.o [2]
xTaskPriorityDisinherit
                        0x0000d90d    0x54  Code  Gb  tasks.o [2]
xTaskRemoveFromEventList
                        0x0000d6fd    0x5e  Code  Gb  tasks.o [2]
xTaskRemoveFromUnorderedEventList
                        0x0000d75d    0x5c  Code  Gb  tasks.o [2]
xTaskResumeAll          0x0000d3ed    0x9c  Code  Gb  tasks.o [2]
xTasksWaitingTermination
                        0x200006cc    0x14  Data  Lc  tasks.o [2]
xTickCount              0x20000708     0x4  Data  Lc  tasks.o [2]
xTimerCreateTimerTask   0x0000db21    0x34  Code  Gb  timers.o [2]
xTimerPendFunctionCallFromISR
                        0x0000dde5    0x24  Code  Gb  timers.o [2]
xTimerQueue             0x200035fc     0x4  Data  Lc  timers.o [2]
xYieldPending           0x20000718     0x4  Data  Lc  tasks.o [2]
zb_bbf_cap_tune         0x20000978     0x1  Data  Gb  KW4xXcvrDrv.o [2]
zb_bbf_res_tune2        0x20000979     0x1  Data  Gb  KW4xXcvrDrv.o [2]
zb_tza_cap_tune         0x20000977     0x1  Data  Gb  KW4xXcvrDrv.o [2]


[1] = command line
[2] = d:\Embedded\Projects\OpenSource\Multizone_temperature_sensor\KW40_Firmware\OUTPUT\OBJ
[3] = ble_controller_lib.a
[4] = ble_host_lib.a
[5] = dl6M_tln.a
[6] = lib_crypto_IAR_M0.a
[7] = m6M_tl.a
[8] = rt6M_tl.a
[9] = shb_l.a

  125 292 bytes of readonly  code memory
    1 524 bytes of readonly  data memory
   19 038 bytes of readwrite data memory

Errors: none
Warnings: none
