###############################################################################
#
# IAR ELF Linker V7.80.1.11864/W32 for ARM                30/Sep/2022  09:07:49
# Copyright 2007-2016 IAR Systems AB.
#
#    Output file  =  
#        d:\Embedded\Projects\OpenSource\Multizone_temperature_sensor\MK66_Firmware\OUTPUT\Exe\MZTS.out
#    Map file     =  
#        d:\Embedded\Projects\OpenSource\Multizone_temperature_sensor\MK66_Firmware\OUTPUT\List\MZTS.map
#    Command line =  
#        -f C:\Users\aly\AppData\Local\Temp\EWD691.tmp
#        (d:\Embedded\Projects\OpenSource\Multizone_temperature_sensor\MK66_Firmware\OUTPUT\Obj\adapter_mqx.o
#        d:\Embedded\Projects\OpenSource\Multizone_temperature_sensor\MK66_Firmware\OUTPUT\Obj\App_logger.o
#        d:\Embedded\Projects\OpenSource\Multizone_temperature_sensor\MK66_Firmware\OUTPUT\Obj\boot.o
#        d:\Embedded\Projects\OpenSource\Multizone_temperature_sensor\MK66_Firmware\OUTPUT\Obj\bsp_cm.o
#        d:\Embedded\Projects\OpenSource\Multizone_temperature_sensor\MK66_Firmware\OUTPUT\Obj\BUTTON.o
#        d:\Embedded\Projects\OpenSource\Multizone_temperature_sensor\MK66_Firmware\OUTPUT\Obj\BUTTON__SetBitmapObj.o
#        d:\Embedded\Projects\OpenSource\Multizone_temperature_sensor\MK66_Firmware\OUTPUT\Obj\BUTTON_Bitmap.o
#        d:\Embedded\Projects\OpenSource\Multizone_temperature_sensor\MK66_Firmware\OUTPUT\Obj\BUTTON_BMP.o
#        d:\Embedded\Projects\OpenSource\Multizone_temperature_sensor\MK66_Firmware\OUTPUT\Obj\BUTTON_Create.o
#        d:\Embedded\Projects\OpenSource\Multizone_temperature_sensor\MK66_Firmware\OUTPUT\Obj\BUTTON_CreateIndirect.o
#        d:\Embedded\Projects\OpenSource\Multizone_temperature_sensor\MK66_Firmware\OUTPUT\Obj\BUTTON_Default.o
#        d:\Embedded\Projects\OpenSource\Multizone_temperature_sensor\MK66_Firmware\OUTPUT\Obj\BUTTON_Get.o
#        d:\Embedded\Projects\OpenSource\Multizone_temperature_sensor\MK66_Firmware\OUTPUT\Obj\BUTTON_IsPressed.o
#        d:\Embedded\Projects\OpenSource\Multizone_temperature_sensor\MK66_Firmware\OUTPUT\Obj\BUTTON_SelfDraw.o
#        d:\Embedded\Projects\OpenSource\Multizone_temperature_sensor\MK66_Firmware\OUTPUT\Obj\BUTTON_SetTextAlign.o
#        d:\Embedded\Projects\OpenSource\Multizone_temperature_sensor\MK66_Firmware\OUTPUT\Obj\BUTTON_StreamedBitmap.o
#        d:\Embedded\Projects\OpenSource\Multizone_temperature_sensor\MK66_Firmware\OUTPUT\Obj\CAN_communication.o
#        d:\Embedded\Projects\OpenSource\Multizone_temperature_sensor\MK66_Firmware\OUTPUT\Obj\CHECKBOX.o
#        d:\Embedded\Projects\OpenSource\Multizone_temperature_sensor\MK66_Firmware\OUTPUT\Obj\CHECKBOX_Create.o
#        d:\Embedded\Projects\OpenSource\Multizone_temperature_sensor\MK66_Firmware\OUTPUT\Obj\CHECKBOX_CreateIndirect.o
#        d:\Embedded\Projects\OpenSource\Multizone_temperature_sensor\MK66_Firmware\OUTPUT\Obj\CHECKBOX_Default.o
#        d:\Embedded\Projects\OpenSource\Multizone_temperature_sensor\MK66_Firmware\OUTPUT\Obj\CHECKBOX_GetState.o
#        d:\Embedded\Projects\OpenSource\Multizone_temperature_sensor\MK66_Firmware\OUTPUT\Obj\CHECKBOX_Image.o
#        d:\Embedded\Projects\OpenSource\Multizone_temperature_sensor\MK66_Firmware\OUTPUT\Obj\CHECKBOX_IsChecked.o
#        d:\Embedded\Projects\OpenSource\Multizone_temperature_sensor\MK66_Firmware\OUTPUT\Obj\CHECKBOX_SetBkColor.o
#        d:\Embedded\Projects\OpenSource\Multizone_temperature_sensor\MK66_Firmware\OUTPUT\Obj\CHECKBOX_SetDefaultImage.o
#        d:\Embedded\Projects\OpenSource\Multizone_temperature_sensor\MK66_Firmware\OUTPUT\Obj\CHECKBOX_SetFont.o
#        d:\Embedded\Projects\OpenSource\Multizone_temperature_sensor\MK66_Firmware\OUTPUT\Obj\CHECKBOX_SetImage.o
#        d:\Embedded\Projects\OpenSource\Multizone_temperature_sensor\MK66_Firmware\OUTPUT\Obj\CHECKBOX_SetNumStates.o
#        d:\Embedded\Projects\OpenSource\Multizone_temperature_sensor\MK66_Firmware\OUTPUT\Obj\CHECKBOX_SetSpacing.o
#        d:\Embedded\Projects\OpenSource\Multizone_temperature_sensor\MK66_Firmware\OUTPUT\Obj\CHECKBOX_SetState.o
#        d:\Embedded\Projects\OpenSource\Multizone_temperature_sensor\MK66_Firmware\OUTPUT\Obj\CHECKBOX_SetText.o
#        d:\Embedded\Projects\OpenSource\Multizone_temperature_sensor\MK66_Firmware\OUTPUT\Obj\CHECKBOX_SetTextAlign.o
#        d:\Embedded\Projects\OpenSource\Multizone_temperature_sensor\MK66_Firmware\OUTPUT\Obj\CHECKBOX_SetTextColor.o
#        d:\Embedded\Projects\OpenSource\Multizone_temperature_sensor\MK66_Firmware\OUTPUT\Obj\cm.o
#        d:\Embedded\Projects\OpenSource\Multizone_temperature_sensor\MK66_Firmware\OUTPUT\Obj\comp.o
#        d:\Embedded\Projects\OpenSource\Multizone_temperature_sensor\MK66_Firmware\OUTPUT\Obj\cortex.o
#        d:\Embedded\Projects\OpenSource\Multizone_temperature_sensor\MK66_Firmware\OUTPUT\Obj\CRC_utils.o
#        d:\Embedded\Projects\OpenSource\Multizone_temperature_sensor\MK66_Firmware\OUTPUT\Obj\Debug_io.o
#        d:\Embedded\Projects\OpenSource\Multizone_temperature_sensor\MK66_Firmware\OUTPUT\Obj\device_ehci_interface.o
#        d:\Embedded\Projects\OpenSource\Multizone_temperature_sensor\MK66_Firmware\OUTPUT\Obj\device_khci_interface.o
#        d:\Embedded\Projects\OpenSource\Multizone_temperature_sensor\MK66_Firmware\OUTPUT\Obj\DIALOG.o
#        d:\Embedded\Projects\OpenSource\Multizone_temperature_sensor\MK66_Firmware\OUTPUT\Obj\dir_read.o
#        d:\Embedded\Projects\OpenSource\Multizone_temperature_sensor\MK66_Firmware\OUTPUT\Obj\dispatch.o
#        d:\Embedded\Projects\OpenSource\Multizone_temperature_sensor\MK66_Firmware\OUTPUT\Obj\DROPDOWN.o
#        d:\Embedded\Projects\OpenSource\Multizone_temperature_sensor\MK66_Firmware\OUTPUT\Obj\DROPDOWN_Create.o
#        d:\Embedded\Projects\OpenSource\Multizone_temperature_sensor\MK66_Firmware\OUTPUT\Obj\DROPDOWN_CreateIndirect.o
#        d:\Embedded\Projects\OpenSource\Multizone_temperature_sensor\MK66_Firmware\OUTPUT\Obj\DROPDOWN_DeleteItem.o
#        d:\Embedded\Projects\OpenSource\Multizone_temperature_sensor\MK66_Firmware\OUTPUT\Obj\DROPDOWN_InsertString.o
#        d:\Embedded\Projects\OpenSource\Multizone_temperature_sensor\MK66_Firmware\OUTPUT\Obj\DROPDOWN_ItemSpacing.o
#        d:\Embedded\Projects\OpenSource\Multizone_temperature_sensor\MK66_Firmware\OUTPUT\Obj\DROPDOWN_SetAutoScroll.o
#        d:\Embedded\Projects\OpenSource\Multizone_temperature_sensor\MK66_Firmware\OUTPUT\Obj\DROPDOWN_SetTextAlign.o
#        d:\Embedded\Projects\OpenSource\Multizone_temperature_sensor\MK66_Firmware\OUTPUT\Obj\DROPDOWN_SetTextHeight.o
#        d:\Embedded\Projects\OpenSource\Multizone_temperature_sensor\MK66_Firmware\OUTPUT\Obj\EDIT.o
#        d:\Embedded\Projects\OpenSource\Multizone_temperature_sensor\MK66_Firmware\OUTPUT\Obj\EDIT_Create.o
#        d:\Embedded\Projects\OpenSource\Multizone_temperature_sensor\MK66_Firmware\OUTPUT\Obj\EDIT_CreateIndirect.o
#        d:\Embedded\Projects\OpenSource\Multizone_temperature_sensor\MK66_Firmware\OUTPUT\Obj\EDIT_Default.o
#        d:\Embedded\Projects\OpenSource\Multizone_temperature_sensor\MK66_Firmware\OUTPUT\Obj\EDIT_GetCursorPixelPos.o
#        d:\Embedded\Projects\OpenSource\Multizone_temperature_sensor\MK66_Firmware\OUTPUT\Obj\EDIT_GetCursorPos.o
#        d:\Embedded\Projects\OpenSource\Multizone_temperature_sensor\MK66_Firmware\OUTPUT\Obj\EDIT_GetNumChars.o
#        d:\Embedded\Projects\OpenSource\Multizone_temperature_sensor\MK66_Firmware\OUTPUT\Obj\EDIT_SetCursorAtChar.o
#        d:\Embedded\Projects\OpenSource\Multizone_temperature_sensor\MK66_Firmware\OUTPUT\Obj\EDIT_SetFocussable.o
#        d:\Embedded\Projects\OpenSource\Multizone_temperature_sensor\MK66_Firmware\OUTPUT\Obj\EDIT_SetInsertMode.o
#        d:\Embedded\Projects\OpenSource\Multizone_temperature_sensor\MK66_Firmware\OUTPUT\Obj\EDIT_SetpfAddKeyEx.o
#        d:\Embedded\Projects\OpenSource\Multizone_temperature_sensor\MK66_Firmware\OUTPUT\Obj\EDIT_SetpfUpdateBuffer.o
#        d:\Embedded\Projects\OpenSource\Multizone_temperature_sensor\MK66_Firmware\OUTPUT\Obj\EDIT_SetSel.o
#        d:\Embedded\Projects\OpenSource\Multizone_temperature_sensor\MK66_Firmware\OUTPUT\Obj\EDIT_SetTextMode.o
#        d:\Embedded\Projects\OpenSource\Multizone_temperature_sensor\MK66_Firmware\OUTPUT\Obj\EDITBin.o
#        d:\Embedded\Projects\OpenSource\Multizone_temperature_sensor\MK66_Firmware\OUTPUT\Obj\EDITDec.o
#        d:\Embedded\Projects\OpenSource\Multizone_temperature_sensor\MK66_Firmware\OUTPUT\Obj\EDITFloat.o
#        d:\Embedded\Projects\OpenSource\Multizone_temperature_sensor\MK66_Firmware\OUTPUT\Obj\EDITHex.o
#        d:\Embedded\Projects\OpenSource\Multizone_temperature_sensor\MK66_Firmware\OUTPUT\Obj\EDITUlong.o
#        d:\Embedded\Projects\OpenSource\Multizone_temperature_sensor\MK66_Firmware\OUTPUT\Obj\ehci_dev_main.o
#        d:\Embedded\Projects\OpenSource\Multizone_temperature_sensor\MK66_Firmware\OUTPUT\Obj\enaddr.o
#        d:\Embedded\Projects\OpenSource\Multizone_temperature_sensor\MK66_Firmware\OUTPUT\Obj\enclose.o
#        d:\Embedded\Projects\OpenSource\Multizone_temperature_sensor\MK66_Firmware\OUTPUT\Obj\enerr.o
#        d:\Embedded\Projects\OpenSource\Multizone_temperature_sensor\MK66_Firmware\OUTPUT\Obj\eninit.o
#        d:\Embedded\Projects\OpenSource\Multizone_temperature_sensor\MK66_Firmware\OUTPUT\Obj\enjoin.o
#        d:\Embedded\Projects\OpenSource\Multizone_temperature_sensor\MK66_Firmware\OUTPUT\Obj\enleave.o
#        d:\Embedded\Projects\OpenSource\Multizone_temperature_sensor\MK66_Firmware\OUTPUT\Obj\enmediactl.o
#        d:\Embedded\Projects\OpenSource\Multizone_temperature_sensor\MK66_Firmware\OUTPUT\Obj\enopen.o
#        d:\Embedded\Projects\OpenSource\Multizone_temperature_sensor\MK66_Firmware\OUTPUT\Obj\enrecv.o
#        d:\Embedded\Projects\OpenSource\Multizone_temperature_sensor\MK66_Firmware\OUTPUT\Obj\ensend.o
#        d:\Embedded\Projects\OpenSource\Multizone_temperature_sensor\MK66_Firmware\OUTPUT\Obj\enstat.o
#        d:\Embedded\Projects\OpenSource\Multizone_temperature_sensor\MK66_Firmware\OUTPUT\Obj\enstop.o
#        d:\Embedded\Projects\OpenSource\Multizone_temperature_sensor\MK66_Firmware\OUTPUT\Obj\enutil.o
#        d:\Embedded\Projects\OpenSource\Multizone_temperature_sensor\MK66_Firmware\OUTPUT\Obj\esdhc.o
#        d:\Embedded\Projects\OpenSource\Multizone_temperature_sensor\MK66_Firmware\OUTPUT\Obj\esdhc_mk65.o
#        d:\Embedded\Projects\OpenSource\Multizone_temperature_sensor\MK66_Firmware\OUTPUT\Obj\event.o
#        d:\Embedded\Projects\OpenSource\Multizone_temperature_sensor\MK66_Firmware\OUTPUT\Obj\F08_1.o
#        d:\Embedded\Projects\OpenSource\Multizone_temperature_sensor\MK66_Firmware\OUTPUT\Obj\F08_ASCII.o
#        d:\Embedded\Projects\OpenSource\Multizone_temperature_sensor\MK66_Firmware\OUTPUT\Obj\F10_1.o
#        d:\Embedded\Projects\OpenSource\Multizone_temperature_sensor\MK66_Firmware\OUTPUT\Obj\F10_ASCII.o
#        d:\Embedded\Projects\OpenSource\Multizone_temperature_sensor\MK66_Firmware\OUTPUT\Obj\F10S_1.o
#        d:\Embedded\Projects\OpenSource\Multizone_temperature_sensor\MK66_Firmware\OUTPUT\Obj\F10S_ASCII.o
#        d:\Embedded\Projects\OpenSource\Multizone_temperature_sensor\MK66_Firmware\OUTPUT\Obj\F13_1.o
#        d:\Embedded\Projects\OpenSource\Multizone_temperature_sensor\MK66_Firmware\OUTPUT\Obj\F13_ASCII.o
#        d:\Embedded\Projects\OpenSource\Multizone_temperature_sensor\MK66_Firmware\OUTPUT\Obj\F13B_1.o
#        d:\Embedded\Projects\OpenSource\Multizone_temperature_sensor\MK66_Firmware\OUTPUT\Obj\F13B_ASCII.o
#        d:\Embedded\Projects\OpenSource\Multizone_temperature_sensor\MK66_Firmware\OUTPUT\Obj\F13H_1.o
#        d:\Embedded\Projects\OpenSource\Multizone_temperature_sensor\MK66_Firmware\OUTPUT\Obj\F13H_ASCII.o
#        d:\Embedded\Projects\OpenSource\Multizone_temperature_sensor\MK66_Firmware\OUTPUT\Obj\F13HB_1.o
#        d:\Embedded\Projects\OpenSource\Multizone_temperature_sensor\MK66_Firmware\OUTPUT\Obj\F13HB_ASCII.o
#        d:\Embedded\Projects\OpenSource\Multizone_temperature_sensor\MK66_Firmware\OUTPUT\Obj\F16_1.o
#        d:\Embedded\Projects\OpenSource\Multizone_temperature_sensor\MK66_Firmware\OUTPUT\Obj\F16_1HK.o
#        d:\Embedded\Projects\OpenSource\Multizone_temperature_sensor\MK66_Firmware\OUTPUT\Obj\F16_ASCII.o
#        d:\Embedded\Projects\OpenSource\Multizone_temperature_sensor\MK66_Firmware\OUTPUT\Obj\F16_HK.o
#        d:\Embedded\Projects\OpenSource\Multizone_temperature_sensor\MK66_Firmware\OUTPUT\Obj\F16B_1.o
#        d:\Embedded\Projects\OpenSource\Multizone_temperature_sensor\MK66_Firmware\OUTPUT\Obj\F16B_ASCII.o
#        d:\Embedded\Projects\OpenSource\Multizone_temperature_sensor\MK66_Firmware\OUTPUT\Obj\F24_1.o
#        d:\Embedded\Projects\OpenSource\Multizone_temperature_sensor\MK66_Firmware\OUTPUT\Obj\F24_ASCII.o
#        d:\Embedded\Projects\OpenSource\Multizone_temperature_sensor\MK66_Firmware\OUTPUT\Obj\F24B_1.o
#        d:\Embedded\Projects\OpenSource\Multizone_temperature_sensor\MK66_Firmware\OUTPUT\Obj\F24B_ASCII.o
#        d:\Embedded\Projects\OpenSource\Multizone_temperature_sensor\MK66_Firmware\OUTPUT\Obj\F32_1.o
#        d:\Embedded\Projects\OpenSource\Multizone_temperature_sensor\MK66_Firmware\OUTPUT\Obj\F32_ASCII.o
#        d:\Embedded\Projects\OpenSource\Multizone_temperature_sensor\MK66_Firmware\OUTPUT\Obj\F32B_1.o
#        d:\Embedded\Projects\OpenSource\Multizone_temperature_sensor\MK66_Firmware\OUTPUT\Obj\F32B_ASCII.o
#        d:\Embedded\Projects\OpenSource\Multizone_temperature_sensor\MK66_Firmware\OUTPUT\Obj\F4x6.o
#        d:\Embedded\Projects\OpenSource\Multizone_temperature_sensor\MK66_Firmware\OUTPUT\Obj\F6x8.o
#        d:\Embedded\Projects\OpenSource\Multizone_temperature_sensor\MK66_Firmware\OUTPUT\Obj\F8x10_ASCII.o
#        d:\Embedded\Projects\OpenSource\Multizone_temperature_sensor\MK66_Firmware\OUTPUT\Obj\F8x12_ASCII.o
#        d:\Embedded\Projects\OpenSource\Multizone_temperature_sensor\MK66_Firmware\OUTPUT\Obj\F8x13_1.o
#        d:\Embedded\Projects\OpenSource\Multizone_temperature_sensor\MK66_Firmware\OUTPUT\Obj\F8x13_ASCII.o
#        d:\Embedded\Projects\OpenSource\Multizone_temperature_sensor\MK66_Firmware\OUTPUT\Obj\F8x15B_1.o
#        d:\Embedded\Projects\OpenSource\Multizone_temperature_sensor\MK66_Firmware\OUTPUT\Obj\F8x15B_ASCII.o
#        d:\Embedded\Projects\OpenSource\Multizone_temperature_sensor\MK66_Firmware\OUTPUT\Obj\F8x16.o
#        d:\Embedded\Projects\OpenSource\Multizone_temperature_sensor\MK66_Firmware\OUTPUT\Obj\F8x8.o
#        d:\Embedded\Projects\OpenSource\Multizone_temperature_sensor\MK66_Firmware\OUTPUT\Obj\FComic18B_1.o
#        d:\Embedded\Projects\OpenSource\Multizone_temperature_sensor\MK66_Firmware\OUTPUT\Obj\FComic18B_ASCII.o
#        d:\Embedded\Projects\OpenSource\Multizone_temperature_sensor\MK66_Firmware\OUTPUT\Obj\FComic24B_1.o
#        d:\Embedded\Projects\OpenSource\Multizone_temperature_sensor\MK66_Firmware\OUTPUT\Obj\FComic24B_ASCII.o
#        d:\Embedded\Projects\OpenSource\Multizone_temperature_sensor\MK66_Firmware\OUTPUT\Obj\FD24x32.o
#        d:\Embedded\Projects\OpenSource\Multizone_temperature_sensor\MK66_Firmware\OUTPUT\Obj\FD32.o
#        d:\Embedded\Projects\OpenSource\Multizone_temperature_sensor\MK66_Firmware\OUTPUT\Obj\FD36x48.o
#        d:\Embedded\Projects\OpenSource\Multizone_temperature_sensor\MK66_Firmware\OUTPUT\Obj\FD48.o
#        d:\Embedded\Projects\OpenSource\Multizone_temperature_sensor\MK66_Firmware\OUTPUT\Obj\FD48x64.o
#        d:\Embedded\Projects\OpenSource\Multizone_temperature_sensor\MK66_Firmware\OUTPUT\Obj\FD60x80.o
#        d:\Embedded\Projects\OpenSource\Multizone_temperature_sensor\MK66_Firmware\OUTPUT\Obj\FD64.o
#        d:\Embedded\Projects\OpenSource\Multizone_temperature_sensor\MK66_Firmware\OUTPUT\Obj\FD80.o
#        d:\Embedded\Projects\OpenSource\Multizone_temperature_sensor\MK66_Firmware\OUTPUT\Obj\FRAMEWIN.o
#        d:\Embedded\Projects\OpenSource\Multizone_temperature_sensor\MK66_Firmware\OUTPUT\Obj\FRAMEWIN__UpdateButtons.o
#        d:\Embedded\Projects\OpenSource\Multizone_temperature_sensor\MK66_Firmware\OUTPUT\Obj\FRAMEWIN_AddMenu.o
#        d:\Embedded\Projects\OpenSource\Multizone_temperature_sensor\MK66_Firmware\OUTPUT\Obj\FRAMEWIN_Button.o
#        d:\Embedded\Projects\OpenSource\Multizone_temperature_sensor\MK66_Firmware\OUTPUT\Obj\FRAMEWIN_ButtonClose.o
#        d:\Embedded\Projects\OpenSource\Multizone_temperature_sensor\MK66_Firmware\OUTPUT\Obj\FRAMEWIN_ButtonMax.o
#        d:\Embedded\Projects\OpenSource\Multizone_temperature_sensor\MK66_Firmware\OUTPUT\Obj\FRAMEWIN_ButtonMin.o
#        d:\Embedded\Projects\OpenSource\Multizone_temperature_sensor\MK66_Firmware\OUTPUT\Obj\FRAMEWIN_Create.o
#        d:\Embedded\Projects\OpenSource\Multizone_temperature_sensor\MK66_Firmware\OUTPUT\Obj\FRAMEWIN_CreateIndirect.o
#        d:\Embedded\Projects\OpenSource\Multizone_temperature_sensor\MK66_Firmware\OUTPUT\Obj\FRAMEWIN_Default.o
#        d:\Embedded\Projects\OpenSource\Multizone_temperature_sensor\MK66_Firmware\OUTPUT\Obj\FRAMEWIN_Get.o
#        d:\Embedded\Projects\OpenSource\Multizone_temperature_sensor\MK66_Firmware\OUTPUT\Obj\FRAMEWIN_IsMinMax.o
#        d:\Embedded\Projects\OpenSource\Multizone_temperature_sensor\MK66_Firmware\OUTPUT\Obj\FRAMEWIN_MinMaxRest.o
#        d:\Embedded\Projects\OpenSource\Multizone_temperature_sensor\MK66_Firmware\OUTPUT\Obj\FRAMEWIN_SetBorderSize.o
#        d:\Embedded\Projects\OpenSource\Multizone_temperature_sensor\MK66_Firmware\OUTPUT\Obj\FRAMEWIN_SetColors.o
#        d:\Embedded\Projects\OpenSource\Multizone_temperature_sensor\MK66_Firmware\OUTPUT\Obj\FRAMEWIN_SetFont.o
#        d:\Embedded\Projects\OpenSource\Multizone_temperature_sensor\MK66_Firmware\OUTPUT\Obj\FRAMEWIN_SetResizeable.o
#        d:\Embedded\Projects\OpenSource\Multizone_temperature_sensor\MK66_Firmware\OUTPUT\Obj\FRAMEWIN_SetTitleHeight.o
#        d:\Embedded\Projects\OpenSource\Multizone_temperature_sensor\MK66_Firmware\OUTPUT\Obj\FRAMEWIN_SetTitleVis.o
#        d:\Embedded\Projects\OpenSource\Multizone_temperature_sensor\MK66_Firmware\OUTPUT\Obj\freemaster_appcmd.o
#        d:\Embedded\Projects\OpenSource\Multizone_temperature_sensor\MK66_Firmware\OUTPUT\Obj\freemaster_os.o
#        d:\Embedded\Projects\OpenSource\Multizone_temperature_sensor\MK66_Firmware\OUTPUT\Obj\freemaster_pipes.o
#        d:\Embedded\Projects\OpenSource\Multizone_temperature_sensor\MK66_Firmware\OUTPUT\Obj\freemaster_protocol.o
#        d:\Embedded\Projects\OpenSource\Multizone_temperature_sensor\MK66_Firmware\OUTPUT\Obj\freemaster_rec.o
#        d:\Embedded\Projects\OpenSource\Multizone_temperature_sensor\MK66_Firmware\OUTPUT\Obj\freemaster_scope.o
#        d:\Embedded\Projects\OpenSource\Multizone_temperature_sensor\MK66_Firmware\OUTPUT\Obj\freemaster_serial.o
#        d:\Embedded\Projects\OpenSource\Multizone_temperature_sensor\MK66_Firmware\OUTPUT\Obj\freemaster_sfio.o
#        d:\Embedded\Projects\OpenSource\Multizone_temperature_sensor\MK66_Firmware\OUTPUT\Obj\freemaster_tsa.o
#        d:\Embedded\Projects\OpenSource\Multizone_temperature_sensor\MK66_Firmware\OUTPUT\Obj\GUI2DLib.o
#        d:\Embedded\Projects\OpenSource\Multizone_temperature_sensor\MK66_Firmware\OUTPUT\Obj\GUI__AddSpaceHex.o
#        d:\Embedded\Projects\OpenSource\Multizone_temperature_sensor\MK66_Firmware\OUTPUT\Obj\GUI__CalcTextRect.o
#        d:\Embedded\Projects\OpenSource\Multizone_temperature_sensor\MK66_Firmware\OUTPUT\Obj\GUI__DivideRound.o
#        d:\Embedded\Projects\OpenSource\Multizone_temperature_sensor\MK66_Firmware\OUTPUT\Obj\GUI__DivideRound32.o
#        d:\Embedded\Projects\OpenSource\Multizone_temperature_sensor\MK66_Firmware\OUTPUT\Obj\GUI__GetCursorPos.o
#        d:\Embedded\Projects\OpenSource\Multizone_temperature_sensor\MK66_Firmware\OUTPUT\Obj\GUI__GetFontSizeY.o
#        d:\Embedded\Projects\OpenSource\Multizone_temperature_sensor\MK66_Firmware\OUTPUT\Obj\GUI__GetNumChars.o
#        d:\Embedded\Projects\OpenSource\Multizone_temperature_sensor\MK66_Firmware\OUTPUT\Obj\GUI__HandleEOLine.o
#        d:\Embedded\Projects\OpenSource\Multizone_temperature_sensor\MK66_Firmware\OUTPUT\Obj\GUI__IntersectRect.o
#        d:\Embedded\Projects\OpenSource\Multizone_temperature_sensor\MK66_Firmware\OUTPUT\Obj\GUI__IntersectRects.o
#        d:\Embedded\Projects\OpenSource\Multizone_temperature_sensor\MK66_Firmware\OUTPUT\Obj\GUI__memset.o
#        d:\Embedded\Projects\OpenSource\Multizone_temperature_sensor\MK66_Firmware\OUTPUT\Obj\GUI__memset16.o
#        d:\Embedded\Projects\OpenSource\Multizone_temperature_sensor\MK66_Firmware\OUTPUT\Obj\GUI__Read.o
#        d:\Embedded\Projects\OpenSource\Multizone_temperature_sensor\MK66_Firmware\OUTPUT\Obj\GUI__ReduceRect.o
#        d:\Embedded\Projects\OpenSource\Multizone_temperature_sensor\MK66_Firmware\OUTPUT\Obj\GUI__SetText.o
#        d:\Embedded\Projects\OpenSource\Multizone_temperature_sensor\MK66_Firmware\OUTPUT\Obj\GUI__strcmp.o
#        d:\Embedded\Projects\OpenSource\Multizone_temperature_sensor\MK66_Firmware\OUTPUT\Obj\GUI__strlen.o
#        d:\Embedded\Projects\OpenSource\Multizone_temperature_sensor\MK66_Firmware\OUTPUT\Obj\GUI__Wrap.o
#        d:\Embedded\Projects\OpenSource\Multizone_temperature_sensor\MK66_Firmware\OUTPUT\Obj\GUI_AddBin.o
#        d:\Embedded\Projects\OpenSource\Multizone_temperature_sensor\MK66_Firmware\OUTPUT\Obj\GUI_AddDec.o
#        d:\Embedded\Projects\OpenSource\Multizone_temperature_sensor\MK66_Firmware\OUTPUT\Obj\GUI_AddDecMin.o
#        d:\Embedded\Projects\OpenSource\Multizone_temperature_sensor\MK66_Firmware\OUTPUT\Obj\GUI_AddDecShift.o
#        d:\Embedded\Projects\OpenSource\Multizone_temperature_sensor\MK66_Firmware\OUTPUT\Obj\GUI_AddHex.o
#        d:\Embedded\Projects\OpenSource\Multizone_temperature_sensor\MK66_Firmware\OUTPUT\Obj\GUI_AddKeyMsgHook.o
#        d:\Embedded\Projects\OpenSource\Multizone_temperature_sensor\MK66_Firmware\OUTPUT\Obj\GUI_ALLOC_AllocInit.o
#        d:\Embedded\Projects\OpenSource\Multizone_temperature_sensor\MK66_Firmware\OUTPUT\Obj\GUI_ALLOC_AllocZero.o
#        d:\Embedded\Projects\OpenSource\Multizone_temperature_sensor\MK66_Firmware\OUTPUT\Obj\GUI_ARRAY.o
#        d:\Embedded\Projects\OpenSource\Multizone_temperature_sensor\MK66_Firmware\OUTPUT\Obj\GUI_ARRAY_DeleteItem.o
#        d:\Embedded\Projects\OpenSource\Multizone_temperature_sensor\MK66_Firmware\OUTPUT\Obj\GUI_ARRAY_InsertItem.o
#        d:\Embedded\Projects\OpenSource\Multizone_temperature_sensor\MK66_Firmware\OUTPUT\Obj\GUI_ARRAY_ResizeItem.o
#        d:\Embedded\Projects\OpenSource\Multizone_temperature_sensor\MK66_Firmware\OUTPUT\Obj\GUI_BMP.o
#        d:\Embedded\Projects\OpenSource\Multizone_temperature_sensor\MK66_Firmware\OUTPUT\Obj\GUI_BMP_Serialize.o
#        d:\Embedded\Projects\OpenSource\Multizone_temperature_sensor\MK66_Firmware\OUTPUT\Obj\GUI_CalcColorDist.o
#        d:\Embedded\Projects\OpenSource\Multizone_temperature_sensor\MK66_Firmware\OUTPUT\Obj\GUI_ClearRectEx.o
#        d:\Embedded\Projects\OpenSource\Multizone_temperature_sensor\MK66_Firmware\OUTPUT\Obj\GUI_Color2VisColor.o
#        d:\Embedded\Projects\OpenSource\Multizone_temperature_sensor\MK66_Firmware\OUTPUT\Obj\GUI_CursorArrowL.o
#        d:\Embedded\Projects\OpenSource\Multizone_temperature_sensor\MK66_Firmware\OUTPUT\Obj\GUI_CursorArrowLI.o
#        d:\Embedded\Projects\OpenSource\Multizone_temperature_sensor\MK66_Firmware\OUTPUT\Obj\GUI_CursorArrowLPx.o
#        d:\Embedded\Projects\OpenSource\Multizone_temperature_sensor\MK66_Firmware\OUTPUT\Obj\GUI_CursorArrowM.o
#        d:\Embedded\Projects\OpenSource\Multizone_temperature_sensor\MK66_Firmware\OUTPUT\Obj\GUI_CursorArrowMI.o
#        d:\Embedded\Projects\OpenSource\Multizone_temperature_sensor\MK66_Firmware\OUTPUT\Obj\GUI_CursorArrowMPx.o
#        d:\Embedded\Projects\OpenSource\Multizone_temperature_sensor\MK66_Firmware\OUTPUT\Obj\GUI_CursorArrowS.o
#        d:\Embedded\Projects\OpenSource\Multizone_temperature_sensor\MK66_Firmware\OUTPUT\Obj\GUI_CursorArrowSI.o
#        d:\Embedded\Projects\OpenSource\Multizone_temperature_sensor\MK66_Firmware\OUTPUT\Obj\GUI_CursorArrowSPx.o
#        d:\Embedded\Projects\OpenSource\Multizone_temperature_sensor\MK66_Firmware\OUTPUT\Obj\GUI_CursorCrossL.o
#        d:\Embedded\Projects\OpenSource\Multizone_temperature_sensor\MK66_Firmware\OUTPUT\Obj\GUI_CursorCrossLI.o
#        d:\Embedded\Projects\OpenSource\Multizone_temperature_sensor\MK66_Firmware\OUTPUT\Obj\GUI_CursorCrossLPx.o
#        d:\Embedded\Projects\OpenSource\Multizone_temperature_sensor\MK66_Firmware\OUTPUT\Obj\GUI_CursorCrossM.o
#        d:\Embedded\Projects\OpenSource\Multizone_temperature_sensor\MK66_Firmware\OUTPUT\Obj\GUI_CursorCrossMI.o
#        d:\Embedded\Projects\OpenSource\Multizone_temperature_sensor\MK66_Firmware\OUTPUT\Obj\GUI_CursorCrossMPx.o
#        d:\Embedded\Projects\OpenSource\Multizone_temperature_sensor\MK66_Firmware\OUTPUT\Obj\GUI_CursorCrossS.o
#        d:\Embedded\Projects\OpenSource\Multizone_temperature_sensor\MK66_Firmware\OUTPUT\Obj\GUI_CursorCrossSI.o
#        d:\Embedded\Projects\OpenSource\Multizone_temperature_sensor\MK66_Firmware\OUTPUT\Obj\GUI_CursorCrossSPx.o
#        d:\Embedded\Projects\OpenSource\Multizone_temperature_sensor\MK66_Firmware\OUTPUT\Obj\GUI_CursorHeaderM.o
#        d:\Embedded\Projects\OpenSource\Multizone_temperature_sensor\MK66_Firmware\OUTPUT\Obj\GUI_CursorHeaderMI.o
#        d:\Embedded\Projects\OpenSource\Multizone_temperature_sensor\MK66_Firmware\OUTPUT\Obj\GUI_CursorHeaderMPx.o
#        d:\Embedded\Projects\OpenSource\Multizone_temperature_sensor\MK66_Firmware\OUTPUT\Obj\GUI_CursorPal.o
#        d:\Embedded\Projects\OpenSource\Multizone_temperature_sensor\MK66_Firmware\OUTPUT\Obj\GUI_CursorPalI.o
#        d:\Embedded\Projects\OpenSource\Multizone_temperature_sensor\MK66_Firmware\OUTPUT\Obj\GUI_DispBin.o
#        d:\Embedded\Projects\OpenSource\Multizone_temperature_sensor\MK66_Firmware\OUTPUT\Obj\GUI_DispCEOL.o
#        d:\Embedded\Projects\OpenSource\Multizone_temperature_sensor\MK66_Firmware\OUTPUT\Obj\GUI_DispChar.o
#        d:\Embedded\Projects\OpenSource\Multizone_temperature_sensor\MK66_Firmware\OUTPUT\Obj\GUI_DispChars.o
#        d:\Embedded\Projects\OpenSource\Multizone_temperature_sensor\MK66_Firmware\OUTPUT\Obj\GUI_DispHex.o
#        d:\Embedded\Projects\OpenSource\Multizone_temperature_sensor\MK66_Firmware\OUTPUT\Obj\GUI_DispString.o
#        d:\Embedded\Projects\OpenSource\Multizone_temperature_sensor\MK66_Firmware\OUTPUT\Obj\GUI_DispStringAt.o
#        d:\Embedded\Projects\OpenSource\Multizone_temperature_sensor\MK66_Firmware\OUTPUT\Obj\GUI_DispStringAtCEOL.o
#        d:\Embedded\Projects\OpenSource\Multizone_temperature_sensor\MK66_Firmware\OUTPUT\Obj\GUI_DispStringHCenter.o
#        d:\Embedded\Projects\OpenSource\Multizone_temperature_sensor\MK66_Firmware\OUTPUT\Obj\GUI_DispStringInRect.o
#        d:\Embedded\Projects\OpenSource\Multizone_temperature_sensor\MK66_Firmware\OUTPUT\Obj\GUI_DispStringInRectEx.o
#        d:\Embedded\Projects\OpenSource\Multizone_temperature_sensor\MK66_Firmware\OUTPUT\Obj\GUI_DispStringInRectMax.o
#        d:\Embedded\Projects\OpenSource\Multizone_temperature_sensor\MK66_Firmware\OUTPUT\Obj\GUI_DispStringInRectWrap.o
#        d:\Embedded\Projects\OpenSource\Multizone_temperature_sensor\MK66_Firmware\OUTPUT\Obj\GUI_DispStringLen.o
#        d:\Embedded\Projects\OpenSource\Multizone_temperature_sensor\MK66_Firmware\OUTPUT\Obj\GUI_DRAW.o
#        d:\Embedded\Projects\OpenSource\Multizone_temperature_sensor\MK66_Firmware\OUTPUT\Obj\GUI_DRAW_BITMAP.o
#        d:\Embedded\Projects\OpenSource\Multizone_temperature_sensor\MK66_Firmware\OUTPUT\Obj\GUI_DRAW_BMP.o
#        d:\Embedded\Projects\OpenSource\Multizone_temperature_sensor\MK66_Firmware\OUTPUT\Obj\GUI_DRAW_Self.o
#        d:\Embedded\Projects\OpenSource\Multizone_temperature_sensor\MK66_Firmware\OUTPUT\Obj\GUI_DRAW_STREAMED.o
#        d:\Embedded\Projects\OpenSource\Multizone_temperature_sensor\MK66_Firmware\OUTPUT\Obj\GUI_DrawBitmap.o
#        d:\Embedded\Projects\OpenSource\Multizone_temperature_sensor\MK66_Firmware\OUTPUT\Obj\GUI_DrawBitmapEx.o
#        d:\Embedded\Projects\OpenSource\Multizone_temperature_sensor\MK66_Firmware\OUTPUT\Obj\GUI_DrawBitmapExp.o
#        d:\Embedded\Projects\OpenSource\Multizone_temperature_sensor\MK66_Firmware\OUTPUT\Obj\GUI_DrawBitmapMag.o
#        d:\Embedded\Projects\OpenSource\Multizone_temperature_sensor\MK66_Firmware\OUTPUT\Obj\GUI_DrawFocusRect.o
#        d:\Embedded\Projects\OpenSource\Multizone_temperature_sensor\MK66_Firmware\OUTPUT\Obj\GUI_DrawGraph.o
#        d:\Embedded\Projects\OpenSource\Multizone_temperature_sensor\MK66_Firmware\OUTPUT\Obj\GUI_DrawHLine.o
#        d:\Embedded\Projects\OpenSource\Multizone_temperature_sensor\MK66_Firmware\OUTPUT\Obj\GUI_DrawPie.o
#        d:\Embedded\Projects\OpenSource\Multizone_temperature_sensor\MK66_Firmware\OUTPUT\Obj\GUI_DrawPixel.o
#        d:\Embedded\Projects\OpenSource\Multizone_temperature_sensor\MK66_Firmware\OUTPUT\Obj\GUI_DrawPolyline.o
#        d:\Embedded\Projects\OpenSource\Multizone_temperature_sensor\MK66_Firmware\OUTPUT\Obj\GUI_DrawRectEx.o
#        d:\Embedded\Projects\OpenSource\Multizone_temperature_sensor\MK66_Firmware\OUTPUT\Obj\GUI_DrawVLine.o
#        d:\Embedded\Projects\OpenSource\Multizone_temperature_sensor\MK66_Firmware\OUTPUT\Obj\GUI_EditBin.o
#        d:\Embedded\Projects\OpenSource\Multizone_temperature_sensor\MK66_Firmware\OUTPUT\Obj\GUI_EditDec.o
#        d:\Embedded\Projects\OpenSource\Multizone_temperature_sensor\MK66_Firmware\OUTPUT\Obj\GUI_EditFloat.o
#        d:\Embedded\Projects\OpenSource\Multizone_temperature_sensor\MK66_Firmware\OUTPUT\Obj\GUI_EditHex.o
#        d:\Embedded\Projects\OpenSource\Multizone_temperature_sensor\MK66_Firmware\OUTPUT\Obj\GUI_EditString.o
#        d:\Embedded\Projects\OpenSource\Multizone_temperature_sensor\MK66_Firmware\OUTPUT\Obj\GUI_ErrorOut.o
#        d:\Embedded\Projects\OpenSource\Multizone_temperature_sensor\MK66_Firmware\OUTPUT\Obj\GUI_Exec.o
#        d:\Embedded\Projects\OpenSource\Multizone_temperature_sensor\MK66_Firmware\OUTPUT\Obj\GUI_FillPolygon.o
#        d:\Embedded\Projects\OpenSource\Multizone_temperature_sensor\MK66_Firmware\OUTPUT\Obj\GUI_FillRect.o
#        d:\Embedded\Projects\OpenSource\Multizone_temperature_sensor\MK66_Firmware\OUTPUT\Obj\GUI_FillRectEx.o
#        d:\Embedded\Projects\OpenSource\Multizone_temperature_sensor\MK66_Firmware\OUTPUT\Obj\GUI_GetBitmapPixelColor.o
#        d:\Embedded\Projects\OpenSource\Multizone_temperature_sensor\MK66_Firmware\OUTPUT\Obj\GUI_GetBitmapPixelIndex.o
#        d:\Embedded\Projects\OpenSource\Multizone_temperature_sensor\MK66_Firmware\OUTPUT\Obj\GUI_GetClientRect.o
#        d:\Embedded\Projects\OpenSource\Multizone_temperature_sensor\MK66_Firmware\OUTPUT\Obj\GUI_GetColor.o
#        d:\Embedded\Projects\OpenSource\Multizone_temperature_sensor\MK66_Firmware\OUTPUT\Obj\GUI_GetDispPos.o
#        d:\Embedded\Projects\OpenSource\Multizone_temperature_sensor\MK66_Firmware\OUTPUT\Obj\GUI_GetFont.o
#        d:\Embedded\Projects\OpenSource\Multizone_temperature_sensor\MK66_Firmware\OUTPUT\Obj\GUI_GetFontInfo.o
#        d:\Embedded\Projects\OpenSource\Multizone_temperature_sensor\MK66_Firmware\OUTPUT\Obj\GUI_GetFontSizeY.o
#        d:\Embedded\Projects\OpenSource\Multizone_temperature_sensor\MK66_Firmware\OUTPUT\Obj\GUI_GetLineStyle.o
#        d:\Embedded\Projects\OpenSource\Multizone_temperature_sensor\MK66_Firmware\OUTPUT\Obj\GUI_GetStringDistX.o
#        d:\Embedded\Projects\OpenSource\Multizone_temperature_sensor\MK66_Firmware\OUTPUT\Obj\GUI_GetTextAlign.o
#        d:\Embedded\Projects\OpenSource\Multizone_temperature_sensor\MK66_Firmware\OUTPUT\Obj\GUI_GetTextExtend.o
#        d:\Embedded\Projects\OpenSource\Multizone_temperature_sensor\MK66_Firmware\OUTPUT\Obj\GUI_GetTextMode.o
#        d:\Embedded\Projects\OpenSource\Multizone_temperature_sensor\MK66_Firmware\OUTPUT\Obj\GUI_GetVersionString.o
#        d:\Embedded\Projects\OpenSource\Multizone_temperature_sensor\MK66_Firmware\OUTPUT\Obj\GUI_GetYSizeOfFont.o
#        d:\Embedded\Projects\OpenSource\Multizone_temperature_sensor\MK66_Firmware\OUTPUT\Obj\GUI_GIF.o
#        d:\Embedded\Projects\OpenSource\Multizone_temperature_sensor\MK66_Firmware\OUTPUT\Obj\GUI_Goto.o
#        d:\Embedded\Projects\OpenSource\Multizone_temperature_sensor\MK66_Firmware\OUTPUT\Obj\GUI_HOOK.o
#        d:\Embedded\Projects\OpenSource\Multizone_temperature_sensor\MK66_Firmware\OUTPUT\Obj\GUI_InitLUT.o
#        d:\Embedded\Projects\OpenSource\Multizone_temperature_sensor\MK66_Firmware\OUTPUT\Obj\GUI_InvertRect.o
#        d:\Embedded\Projects\OpenSource\Multizone_temperature_sensor\MK66_Firmware\OUTPUT\Obj\GUI_IsInFont.o
#        d:\Embedded\Projects\OpenSource\Multizone_temperature_sensor\MK66_Firmware\OUTPUT\Obj\GUI_JPEG.o
#        d:\Embedded\Projects\OpenSource\Multizone_temperature_sensor\MK66_Firmware\OUTPUT\Obj\GUI_Log.o
#        d:\Embedded\Projects\OpenSource\Multizone_temperature_sensor\MK66_Firmware\OUTPUT\Obj\GUI_MergeRect.o
#        d:\Embedded\Projects\OpenSource\Multizone_temperature_sensor\MK66_Firmware\OUTPUT\Obj\GUI_MOUSE.o
#        d:\Embedded\Projects\OpenSource\Multizone_temperature_sensor\MK66_Firmware\OUTPUT\Obj\GUI_MOUSE_DriverPS2.o
#        d:\Embedded\Projects\OpenSource\Multizone_temperature_sensor\MK66_Firmware\OUTPUT\Obj\GUI_MoveRect.o
#        d:\Embedded\Projects\OpenSource\Multizone_temperature_sensor\MK66_Firmware\OUTPUT\Obj\GUI_OnKey.o
#        d:\Embedded\Projects\OpenSource\Multizone_temperature_sensor\MK66_Firmware\OUTPUT\Obj\GUI_Pen.o
#        d:\Embedded\Projects\OpenSource\Multizone_temperature_sensor\MK66_Firmware\OUTPUT\Obj\GUI_PID.o
#        d:\Embedded\Projects\OpenSource\Multizone_temperature_sensor\MK66_Firmware\OUTPUT\Obj\GUI_RectsIntersect.o
#        d:\Embedded\Projects\OpenSource\Multizone_temperature_sensor\MK66_Firmware\OUTPUT\Obj\GUI_SaveContext.o
#        d:\Embedded\Projects\OpenSource\Multizone_temperature_sensor\MK66_Firmware\OUTPUT\Obj\GUI_ScreenSize.o
#        d:\Embedded\Projects\OpenSource\Multizone_temperature_sensor\MK66_Firmware\OUTPUT\Obj\GUI_SelectLayer.o
#        d:\Embedded\Projects\OpenSource\Multizone_temperature_sensor\MK66_Firmware\OUTPUT\Obj\GUI_SelectLCD.o
#        d:\Embedded\Projects\OpenSource\Multizone_temperature_sensor\MK66_Firmware\OUTPUT\Obj\GUI_SetClipRect.o
#        d:\Embedded\Projects\OpenSource\Multizone_temperature_sensor\MK66_Firmware\OUTPUT\Obj\GUI_SetColor.o
#        d:\Embedded\Projects\OpenSource\Multizone_temperature_sensor\MK66_Firmware\OUTPUT\Obj\GUI_SetColorIndex.o
#        d:\Embedded\Projects\OpenSource\Multizone_temperature_sensor\MK66_Firmware\OUTPUT\Obj\GUI_SetDecChar.o
#        d:\Embedded\Projects\OpenSource\Multizone_temperature_sensor\MK66_Firmware\OUTPUT\Obj\GUI_SetDefault.o
#        d:\Embedded\Projects\OpenSource\Multizone_temperature_sensor\MK66_Firmware\OUTPUT\Obj\GUI_SetDrawMode.o
#        d:\Embedded\Projects\OpenSource\Multizone_temperature_sensor\MK66_Firmware\OUTPUT\Obj\GUI_SetFont.o
#        d:\Embedded\Projects\OpenSource\Multizone_temperature_sensor\MK66_Firmware\OUTPUT\Obj\GUI_SetLBorder.o
#        d:\Embedded\Projects\OpenSource\Multizone_temperature_sensor\MK66_Firmware\OUTPUT\Obj\GUI_SetLineStyle.o
#        d:\Embedded\Projects\OpenSource\Multizone_temperature_sensor\MK66_Firmware\OUTPUT\Obj\GUI_SetLUTColor.o
#        d:\Embedded\Projects\OpenSource\Multizone_temperature_sensor\MK66_Firmware\OUTPUT\Obj\GUI_SetLUTColorEx.o
#        d:\Embedded\Projects\OpenSource\Multizone_temperature_sensor\MK66_Firmware\OUTPUT\Obj\GUI_SetLUTEntry.o
#        d:\Embedded\Projects\OpenSource\Multizone_temperature_sensor\MK66_Firmware\OUTPUT\Obj\GUI_SetOrg.o
#        d:\Embedded\Projects\OpenSource\Multizone_temperature_sensor\MK66_Firmware\OUTPUT\Obj\GUI_SetPixelIndex.o
#        d:\Embedded\Projects\OpenSource\Multizone_temperature_sensor\MK66_Firmware\OUTPUT\Obj\GUI_SetTextAlign.o
#        d:\Embedded\Projects\OpenSource\Multizone_temperature_sensor\MK66_Firmware\OUTPUT\Obj\GUI_SetTextMode.o
#        d:\Embedded\Projects\OpenSource\Multizone_temperature_sensor\MK66_Firmware\OUTPUT\Obj\GUI_SetTextStyle.o
#        d:\Embedded\Projects\OpenSource\Multizone_temperature_sensor\MK66_Firmware\OUTPUT\Obj\GUI_SIF.o
#        d:\Embedded\Projects\OpenSource\Multizone_temperature_sensor\MK66_Firmware\OUTPUT\Obj\GUI_SIF_Prop.o
#        d:\Embedded\Projects\OpenSource\Multizone_temperature_sensor\MK66_Firmware\OUTPUT\Obj\GUI_TOUCH.o
#        d:\Embedded\Projects\OpenSource\Multizone_temperature_sensor\MK66_Firmware\OUTPUT\Obj\GUI_TOUCH_DriverAnalog.o
#        d:\Embedded\Projects\OpenSource\Multizone_temperature_sensor\MK66_Firmware\OUTPUT\Obj\GUI_TOUCH_StoreState.o
#        d:\Embedded\Projects\OpenSource\Multizone_temperature_sensor\MK66_Firmware\OUTPUT\Obj\GUI_TOUCH_StoreUnstable.o
#        d:\Embedded\Projects\OpenSource\Multizone_temperature_sensor\MK66_Firmware\OUTPUT\Obj\GUI_UC.o
#        d:\Embedded\Projects\OpenSource\Multizone_temperature_sensor\MK66_Firmware\OUTPUT\Obj\GUI_UC_DispString.o
#        d:\Embedded\Projects\OpenSource\Multizone_temperature_sensor\MK66_Firmware\OUTPUT\Obj\GUI_UC_EncodeNone.o
#        d:\Embedded\Projects\OpenSource\Multizone_temperature_sensor\MK66_Firmware\OUTPUT\Obj\GUI_UC_EncodeUTF8.o
#        d:\Embedded\Projects\OpenSource\Multizone_temperature_sensor\MK66_Firmware\OUTPUT\Obj\GUI_WaitEvent.o
#        d:\Embedded\Projects\OpenSource\Multizone_temperature_sensor\MK66_Firmware\OUTPUT\Obj\GUI_WaitKey.o
#        d:\Embedded\Projects\OpenSource\Multizone_temperature_sensor\MK66_Firmware\OUTPUT\Obj\GUI_Warn.o
#        d:\Embedded\Projects\OpenSource\Multizone_temperature_sensor\MK66_Firmware\OUTPUT\Obj\GUI_X.o
#        d:\Embedded\Projects\OpenSource\Multizone_temperature_sensor\MK66_Firmware\OUTPUT\Obj\GUIAlloc.o
#        d:\Embedded\Projects\OpenSource\Multizone_temperature_sensor\MK66_Firmware\OUTPUT\Obj\GUIArc.o
#        d:\Embedded\Projects\OpenSource\Multizone_temperature_sensor\MK66_Firmware\OUTPUT\Obj\GUIChar.o
#        d:\Embedded\Projects\OpenSource\Multizone_temperature_sensor\MK66_Firmware\OUTPUT\Obj\GUICharLine.o
#        d:\Embedded\Projects\OpenSource\Multizone_temperature_sensor\MK66_Firmware\OUTPUT\Obj\GUICharM.o
#        d:\Embedded\Projects\OpenSource\Multizone_temperature_sensor\MK66_Firmware\OUTPUT\Obj\GUICharP.o
#        d:\Embedded\Projects\OpenSource\Multizone_temperature_sensor\MK66_Firmware\OUTPUT\Obj\GUICirc.o
#        d:\Embedded\Projects\OpenSource\Multizone_temperature_sensor\MK66_Firmware\OUTPUT\Obj\GUIColor2Index.o
#        d:\Embedded\Projects\OpenSource\Multizone_temperature_sensor\MK66_Firmware\OUTPUT\Obj\GUICore.o
#        d:\Embedded\Projects\OpenSource\Multizone_temperature_sensor\MK66_Firmware\OUTPUT\Obj\GUICurs.o
#        d:\Embedded\Projects\OpenSource\Multizone_temperature_sensor\MK66_Firmware\OUTPUT\Obj\GUIDEV.o
#        d:\Embedded\Projects\OpenSource\Multizone_temperature_sensor\MK66_Firmware\OUTPUT\Obj\GUIDEV_1.o
#        d:\Embedded\Projects\OpenSource\Multizone_temperature_sensor\MK66_Firmware\OUTPUT\Obj\GUIDEV_16.o
#        d:\Embedded\Projects\OpenSource\Multizone_temperature_sensor\MK66_Firmware\OUTPUT\Obj\GUIDEV_8.o
#        d:\Embedded\Projects\OpenSource\Multizone_temperature_sensor\MK66_Firmware\OUTPUT\Obj\GUIDEV_AA.o
#        d:\Embedded\Projects\OpenSource\Multizone_temperature_sensor\MK66_Firmware\OUTPUT\Obj\GUIDEV_Auto.o
#        d:\Embedded\Projects\OpenSource\Multizone_temperature_sensor\MK66_Firmware\OUTPUT\Obj\GUIDEV_Banding.o
#        d:\Embedded\Projects\OpenSource\Multizone_temperature_sensor\MK66_Firmware\OUTPUT\Obj\GUIDEV_Clear.o
#        d:\Embedded\Projects\OpenSource\Multizone_temperature_sensor\MK66_Firmware\OUTPUT\Obj\GUIDEV_CmpWithLCD.o
#        d:\Embedded\Projects\OpenSource\Multizone_temperature_sensor\MK66_Firmware\OUTPUT\Obj\GUIDEV_CopyFromLCD.o
#        d:\Embedded\Projects\OpenSource\Multizone_temperature_sensor\MK66_Firmware\OUTPUT\Obj\GUIDEV_CreateFixed.o
#        d:\Embedded\Projects\OpenSource\Multizone_temperature_sensor\MK66_Firmware\OUTPUT\Obj\GUIDEV_GetDataPtr.o
#        d:\Embedded\Projects\OpenSource\Multizone_temperature_sensor\MK66_Firmware\OUTPUT\Obj\GUIDEV_GetXSize.o
#        d:\Embedded\Projects\OpenSource\Multizone_temperature_sensor\MK66_Firmware\OUTPUT\Obj\GUIDEV_GetYSize.o
#        d:\Embedded\Projects\OpenSource\Multizone_temperature_sensor\MK66_Firmware\OUTPUT\Obj\GUIDEV_Measure.o
#        d:\Embedded\Projects\OpenSource\Multizone_temperature_sensor\MK66_Firmware\OUTPUT\Obj\GUIDEV_ReduceYSize.o
#        d:\Embedded\Projects\OpenSource\Multizone_temperature_sensor\MK66_Firmware\OUTPUT\Obj\GUIDEV_SetOrg.o
#        d:\Embedded\Projects\OpenSource\Multizone_temperature_sensor\MK66_Firmware\OUTPUT\Obj\GUIDEV_Usage.o
#        d:\Embedded\Projects\OpenSource\Multizone_temperature_sensor\MK66_Firmware\OUTPUT\Obj\GUIDEV_UsageBM.o
#        d:\Embedded\Projects\OpenSource\Multizone_temperature_sensor\MK66_Firmware\OUTPUT\Obj\GUIDEV_Write.o
#        d:\Embedded\Projects\OpenSource\Multizone_temperature_sensor\MK66_Firmware\OUTPUT\Obj\GUIDEV_WriteAlpha.o
#        d:\Embedded\Projects\OpenSource\Multizone_temperature_sensor\MK66_Firmware\OUTPUT\Obj\GUIDEV_WriteEx.o
#        d:\Embedded\Projects\OpenSource\Multizone_temperature_sensor\MK66_Firmware\OUTPUT\Obj\GUIDEV_XY2PTR.o
#        d:\Embedded\Projects\OpenSource\Multizone_temperature_sensor\MK66_Firmware\OUTPUT\Obj\GUIEncJS.o
#        d:\Embedded\Projects\OpenSource\Multizone_temperature_sensor\MK66_Firmware\OUTPUT\Obj\GUIIndex2Color.o
#        d:\Embedded\Projects\OpenSource\Multizone_temperature_sensor\MK66_Firmware\OUTPUT\Obj\GUIPolyE.o
#        d:\Embedded\Projects\OpenSource\Multizone_temperature_sensor\MK66_Firmware\OUTPUT\Obj\GUIPolyM.o
#        d:\Embedded\Projects\OpenSource\Multizone_temperature_sensor\MK66_Firmware\OUTPUT\Obj\GUIPolyR.o
#        d:\Embedded\Projects\OpenSource\Multizone_temperature_sensor\MK66_Firmware\OUTPUT\Obj\GUIRealloc.o
#        d:\Embedded\Projects\OpenSource\Multizone_temperature_sensor\MK66_Firmware\OUTPUT\Obj\GUIStream.o
#        d:\Embedded\Projects\OpenSource\Multizone_temperature_sensor\MK66_Firmware\OUTPUT\Obj\GUITask.o
#        d:\Embedded\Projects\OpenSource\Multizone_temperature_sensor\MK66_Firmware\OUTPUT\Obj\GUITime.o
#        d:\Embedded\Projects\OpenSource\Multizone_temperature_sensor\MK66_Firmware\OUTPUT\Obj\GUITimer.o
#        d:\Embedded\Projects\OpenSource\Multizone_temperature_sensor\MK66_Firmware\OUTPUT\Obj\GUIUC0.o
#        d:\Embedded\Projects\OpenSource\Multizone_temperature_sensor\MK66_Firmware\OUTPUT\Obj\GUIVal.o
#        d:\Embedded\Projects\OpenSource\Multizone_temperature_sensor\MK66_Firmware\OUTPUT\Obj\GUIValf.o
#        d:\Embedded\Projects\OpenSource\Multizone_temperature_sensor\MK66_Firmware\OUTPUT\Obj\HEADER.o
#        d:\Embedded\Projects\OpenSource\Multizone_temperature_sensor\MK66_Firmware\OUTPUT\Obj\HEADER__SetDrawObj.o
#        d:\Embedded\Projects\OpenSource\Multizone_temperature_sensor\MK66_Firmware\OUTPUT\Obj\HEADER_Bitmap.o
#        d:\Embedded\Projects\OpenSource\Multizone_temperature_sensor\MK66_Firmware\OUTPUT\Obj\HEADER_BMP.o
#        d:\Embedded\Projects\OpenSource\Multizone_temperature_sensor\MK66_Firmware\OUTPUT\Obj\HEADER_Create.o
#        d:\Embedded\Projects\OpenSource\Multizone_temperature_sensor\MK66_Firmware\OUTPUT\Obj\HEADER_CreateIndirect.o
#        d:\Embedded\Projects\OpenSource\Multizone_temperature_sensor\MK66_Firmware\OUTPUT\Obj\HEADER_StreamedBitmap.o
#        d:\Embedded\Projects\OpenSource\Multizone_temperature_sensor\MK66_Firmware\OUTPUT\Obj\hwtimer.o
#        d:\Embedded\Projects\OpenSource\Multizone_temperature_sensor\MK66_Firmware\OUTPUT\Obj\hwtimer_kinetis.o
#        d:\Embedded\Projects\OpenSource\Multizone_temperature_sensor\MK66_Firmware\OUTPUT\Obj\hwtimer_lpt.o
#        d:\Embedded\Projects\OpenSource\Multizone_temperature_sensor\MK66_Firmware\OUTPUT\Obj\hwtimer_pit.o
#        d:\Embedded\Projects\OpenSource\Multizone_temperature_sensor\MK66_Firmware\OUTPUT\Obj\hwtimer_systick.o
#        d:\Embedded\Projects\OpenSource\Multizone_temperature_sensor\MK66_Firmware\OUTPUT\Obj\idletask.o
#        d:\Embedded\Projects\OpenSource\Multizone_temperature_sensor\MK66_Firmware\OUTPUT\Obj\init_bsp.o
#        d:\Embedded\Projects\OpenSource\Multizone_temperature_sensor\MK66_Firmware\OUTPUT\Obj\init_enet.o
#        d:\Embedded\Projects\OpenSource\Multizone_temperature_sensor\MK66_Firmware\OUTPUT\Obj\init_esdhc.o
#        d:\Embedded\Projects\OpenSource\Multizone_temperature_sensor\MK66_Firmware\OUTPUT\Obj\init_gpio.o
#        d:\Embedded\Projects\OpenSource\Multizone_temperature_sensor\MK66_Firmware\OUTPUT\Obj\init_hw.o
#        d:\Embedded\Projects\OpenSource\Multizone_temperature_sensor\MK66_Firmware\OUTPUT\Obj\init_iodebug.o
#        d:\Embedded\Projects\OpenSource\Multizone_temperature_sensor\MK66_Firmware\OUTPUT\Obj\init_sci.o
#        d:\Embedded\Projects\OpenSource\Multizone_temperature_sensor\MK66_Firmware\OUTPUT\Obj\init_sdcard.o
#        d:\Embedded\Projects\OpenSource\Multizone_temperature_sensor\MK66_Firmware\OUTPUT\Obj\init_usb.o
#        d:\Embedded\Projects\OpenSource\Multizone_temperature_sensor\MK66_Firmware\OUTPUT\Obj\init_usb_dcd.o
#        d:\Embedded\Projects\OpenSource\Multizone_temperature_sensor\MK66_Firmware\OUTPUT\Obj\inittask.o
#        d:\Embedded\Projects\OpenSource\Multizone_temperature_sensor\MK66_Firmware\OUTPUT\Obj\Inputs_controller.o
#        d:\Embedded\Projects\OpenSource\Multizone_temperature_sensor\MK66_Firmware\OUTPUT\Obj\int.o
#        d:\Embedded\Projects\OpenSource\Multizone_temperature_sensor\MK66_Firmware\OUTPUT\Obj\int_gkis.o
#        d:\Embedded\Projects\OpenSource\Multizone_temperature_sensor\MK66_Firmware\OUTPUT\Obj\int_inst.o
#        d:\Embedded\Projects\OpenSource\Multizone_temperature_sensor\MK66_Firmware\OUTPUT\Obj\int_kisr.o
#        d:\Embedded\Projects\OpenSource\Multizone_temperature_sensor\MK66_Firmware\OUTPUT\Obj\int_pvta.o
#        d:\Embedded\Projects\OpenSource\Multizone_temperature_sensor\MK66_Firmware\OUTPUT\Obj\int_unx.o
#        d:\Embedded\Projects\OpenSource\Multizone_temperature_sensor\MK66_Firmware\OUTPUT\Obj\int_vtab.o
#        d:\Embedded\Projects\OpenSource\Multizone_temperature_sensor\MK66_Firmware\OUTPUT\Obj\int_xcpt.o
#        d:\Embedded\Projects\OpenSource\Multizone_temperature_sensor\MK66_Firmware\OUTPUT\Obj\io_clre.o
#        d:\Embedded\Projects\OpenSource\Multizone_temperature_sensor\MK66_Firmware\OUTPUT\Obj\io_dopr.o
#        d:\Embedded\Projects\OpenSource\Multizone_temperature_sensor\MK66_Firmware\OUTPUT\Obj\io_fclos.o
#        d:\Embedded\Projects\OpenSource\Multizone_temperature_sensor\MK66_Firmware\OUTPUT\Obj\io_feof.o
#        d:\Embedded\Projects\OpenSource\Multizone_temperature_sensor\MK66_Firmware\OUTPUT\Obj\io_ferr.o
#        d:\Embedded\Projects\OpenSource\Multizone_temperature_sensor\MK66_Firmware\OUTPUT\Obj\io_fflsh.o
#        d:\Embedded\Projects\OpenSource\Multizone_temperature_sensor\MK66_Firmware\OUTPUT\Obj\io_fgetc.o
#        d:\Embedded\Projects\OpenSource\Multizone_temperature_sensor\MK66_Firmware\OUTPUT\Obj\io_fgetl.o
#        d:\Embedded\Projects\OpenSource\Multizone_temperature_sensor\MK66_Firmware\OUTPUT\Obj\io_fgets.o
#        d:\Embedded\Projects\OpenSource\Multizone_temperature_sensor\MK66_Firmware\OUTPUT\Obj\io_fopen.o
#        d:\Embedded\Projects\OpenSource\Multizone_temperature_sensor\MK66_Firmware\OUTPUT\Obj\io_fp.o
#        d:\Embedded\Projects\OpenSource\Multizone_temperature_sensor\MK66_Firmware\OUTPUT\Obj\io_fprt.o
#        d:\Embedded\Projects\OpenSource\Multizone_temperature_sensor\MK66_Firmware\OUTPUT\Obj\io_fputc.o
#        d:\Embedded\Projects\OpenSource\Multizone_temperature_sensor\MK66_Firmware\OUTPUT\Obj\io_fputs.o
#        d:\Embedded\Projects\OpenSource\Multizone_temperature_sensor\MK66_Firmware\OUTPUT\Obj\io_fscan.o
#        d:\Embedded\Projects\OpenSource\Multizone_temperature_sensor\MK66_Firmware\OUTPUT\Obj\io_fseek.o
#        d:\Embedded\Projects\OpenSource\Multizone_temperature_sensor\MK66_Firmware\OUTPUT\Obj\io_fstat.o
#        d:\Embedded\Projects\OpenSource\Multizone_temperature_sensor\MK66_Firmware\OUTPUT\Obj\io_ftell.o
#        d:\Embedded\Projects\OpenSource\Multizone_temperature_sensor\MK66_Firmware\OUTPUT\Obj\io_fung.o
#        d:\Embedded\Projects\OpenSource\Multizone_temperature_sensor\MK66_Firmware\OUTPUT\Obj\io_ghand.o
#        d:\Embedded\Projects\OpenSource\Multizone_temperature_sensor\MK66_Firmware\OUTPUT\Obj\io_gpio.o
#        d:\Embedded\Projects\OpenSource\Multizone_temperature_sensor\MK66_Firmware\OUTPUT\Obj\io_gpio_kgpio.o
#        d:\Embedded\Projects\OpenSource\Multizone_temperature_sensor\MK66_Firmware\OUTPUT\Obj\io_init.o
#        d:\Embedded\Projects\OpenSource\Multizone_temperature_sensor\MK66_Firmware\OUTPUT\Obj\io_inst.o
#        d:\Embedded\Projects\OpenSource\Multizone_temperature_sensor\MK66_Firmware\OUTPUT\Obj\io_instx.o
#        d:\Embedded\Projects\OpenSource\Multizone_temperature_sensor\MK66_Firmware\OUTPUT\Obj\io_ioctl.o
#        d:\Embedded\Projects\OpenSource\Multizone_temperature_sensor\MK66_Firmware\OUTPUT\Obj\io_mem.o
#        d:\Embedded\Projects\OpenSource\Multizone_temperature_sensor\MK66_Firmware\OUTPUT\Obj\io_misc.o
#        d:\Embedded\Projects\OpenSource\Multizone_temperature_sensor\MK66_Firmware\OUTPUT\Obj\io_null.o
#        d:\Embedded\Projects\OpenSource\Multizone_temperature_sensor\MK66_Firmware\OUTPUT\Obj\io_pcb.o
#        d:\Embedded\Projects\OpenSource\Multizone_temperature_sensor\MK66_Firmware\OUTPUT\Obj\io_pcb2.o
#        d:\Embedded\Projects\OpenSource\Multizone_temperature_sensor\MK66_Firmware\OUTPUT\Obj\io_pipe.o
#        d:\Embedded\Projects\OpenSource\Multizone_temperature_sensor\MK66_Firmware\OUTPUT\Obj\io_pntf.o
#        d:\Embedded\Projects\OpenSource\Multizone_temperature_sensor\MK66_Firmware\OUTPUT\Obj\io_read.o
#        d:\Embedded\Projects\OpenSource\Multizone_temperature_sensor\MK66_Firmware\OUTPUT\Obj\io_scanf.o
#        d:\Embedded\Projects\OpenSource\Multizone_temperature_sensor\MK66_Firmware\OUTPUT\Obj\io_scanl.o
#        d:\Embedded\Projects\OpenSource\Multizone_temperature_sensor\MK66_Firmware\OUTPUT\Obj\io_shand.o
#        d:\Embedded\Projects\OpenSource\Multizone_temperature_sensor\MK66_Firmware\OUTPUT\Obj\io_sinit.o
#        d:\Embedded\Projects\OpenSource\Multizone_temperature_sensor\MK66_Firmware\OUTPUT\Obj\io_spr.o
#        d:\Embedded\Projects\OpenSource\Multizone_temperature_sensor\MK66_Firmware\OUTPUT\Obj\io_sscan.o
#        d:\Embedded\Projects\OpenSource\Multizone_temperature_sensor\MK66_Firmware\OUTPUT\Obj\io_uinst.o
#        d:\Embedded\Projects\OpenSource\Multizone_temperature_sensor\MK66_Firmware\OUTPUT\Obj\io_util.o
#        d:\Embedded\Projects\OpenSource\Multizone_temperature_sensor\MK66_Firmware\OUTPUT\Obj\io_vpr.o
#        d:\Embedded\Projects\OpenSource\Multizone_temperature_sensor\MK66_Firmware\OUTPUT\Obj\io_write.o
#        d:\Embedded\Projects\OpenSource\Multizone_temperature_sensor\MK66_Firmware\OUTPUT\Obj\iodebug.o
#        d:\Embedded\Projects\OpenSource\Multizone_temperature_sensor\MK66_Firmware\OUTPUT\Obj\iodebug_asm.o
#        d:\Embedded\Projects\OpenSource\Multizone_temperature_sensor\MK66_Firmware\OUTPUT\Obj\ipc.o
#        d:\Embedded\Projects\OpenSource\Multizone_temperature_sensor\MK66_Firmware\OUTPUT\Obj\ipsum.o
#        d:\Embedded\Projects\OpenSource\Multizone_temperature_sensor\MK66_Firmware\OUTPUT\Obj\jcomapi.o
#        d:\Embedded\Projects\OpenSource\Multizone_temperature_sensor\MK66_Firmware\OUTPUT\Obj\jdapimin.o
#        d:\Embedded\Projects\OpenSource\Multizone_temperature_sensor\MK66_Firmware\OUTPUT\Obj\jdapistd.o
#        d:\Embedded\Projects\OpenSource\Multizone_temperature_sensor\MK66_Firmware\OUTPUT\Obj\jdcoefct.o
#        d:\Embedded\Projects\OpenSource\Multizone_temperature_sensor\MK66_Firmware\OUTPUT\Obj\jdcolor.o
#        d:\Embedded\Projects\OpenSource\Multizone_temperature_sensor\MK66_Firmware\OUTPUT\Obj\jddctmgr.o
#        d:\Embedded\Projects\OpenSource\Multizone_temperature_sensor\MK66_Firmware\OUTPUT\Obj\jdhuff.o
#        d:\Embedded\Projects\OpenSource\Multizone_temperature_sensor\MK66_Firmware\OUTPUT\Obj\jdinput.o
#        d:\Embedded\Projects\OpenSource\Multizone_temperature_sensor\MK66_Firmware\OUTPUT\Obj\jdmainct.o
#        d:\Embedded\Projects\OpenSource\Multizone_temperature_sensor\MK66_Firmware\OUTPUT\Obj\jdmarker.o
#        d:\Embedded\Projects\OpenSource\Multizone_temperature_sensor\MK66_Firmware\OUTPUT\Obj\jdmaster.o
#        d:\Embedded\Projects\OpenSource\Multizone_temperature_sensor\MK66_Firmware\OUTPUT\Obj\jdmerge.o
#        d:\Embedded\Projects\OpenSource\Multizone_temperature_sensor\MK66_Firmware\OUTPUT\Obj\jdphuff.o
#        d:\Embedded\Projects\OpenSource\Multizone_temperature_sensor\MK66_Firmware\OUTPUT\Obj\jdpostct.o
#        d:\Embedded\Projects\OpenSource\Multizone_temperature_sensor\MK66_Firmware\OUTPUT\Obj\jdsample.o
#        d:\Embedded\Projects\OpenSource\Multizone_temperature_sensor\MK66_Firmware\OUTPUT\Obj\jdtrans.o
#        d:\Embedded\Projects\OpenSource\Multizone_temperature_sensor\MK66_Firmware\OUTPUT\Obj\jerror.o
#        d:\Embedded\Projects\OpenSource\Multizone_temperature_sensor\MK66_Firmware\OUTPUT\Obj\jfdctflt.o
#        d:\Embedded\Projects\OpenSource\Multizone_temperature_sensor\MK66_Firmware\OUTPUT\Obj\jfdctfst.o
#        d:\Embedded\Projects\OpenSource\Multizone_temperature_sensor\MK66_Firmware\OUTPUT\Obj\jfdctint.o
#        d:\Embedded\Projects\OpenSource\Multizone_temperature_sensor\MK66_Firmware\OUTPUT\Obj\jidctflt.o
#        d:\Embedded\Projects\OpenSource\Multizone_temperature_sensor\MK66_Firmware\OUTPUT\Obj\jidctfst.o
#        d:\Embedded\Projects\OpenSource\Multizone_temperature_sensor\MK66_Firmware\OUTPUT\Obj\jidctint.o
#        d:\Embedded\Projects\OpenSource\Multizone_temperature_sensor\MK66_Firmware\OUTPUT\Obj\jidctred.o
#        d:\Embedded\Projects\OpenSource\Multizone_temperature_sensor\MK66_Firmware\OUTPUT\Obj\jmemmgr.o
#        d:\Embedded\Projects\OpenSource\Multizone_temperature_sensor\MK66_Firmware\OUTPUT\Obj\jquant1.o
#        d:\Embedded\Projects\OpenSource\Multizone_temperature_sensor\MK66_Firmware\OUTPUT\Obj\jquant2.o
#        d:\Embedded\Projects\OpenSource\Multizone_temperature_sensor\MK66_Firmware\OUTPUT\Obj\jutils.o
#        d:\Embedded\Projects\OpenSource\Multizone_temperature_sensor\MK66_Firmware\OUTPUT\Obj\K66BLEZ1_ADC.o
#        d:\Embedded\Projects\OpenSource\Multizone_temperature_sensor\MK66_Firmware\OUTPUT\Obj\K66BLEZ1_CAN.o
#        d:\Embedded\Projects\OpenSource\Multizone_temperature_sensor\MK66_Firmware\OUTPUT\Obj\K66BLEZ1_DAC.o
#        d:\Embedded\Projects\OpenSource\Multizone_temperature_sensor\MK66_Firmware\OUTPUT\Obj\K66BLEZ1_DMA.o
#        d:\Embedded\Projects\OpenSource\Multizone_temperature_sensor\MK66_Firmware\OUTPUT\Obj\K66BLEZ1_FTM.o
#        d:\Embedded\Projects\OpenSource\Multizone_temperature_sensor\MK66_Firmware\OUTPUT\Obj\K66BLEZ1_I2C.o
#        d:\Embedded\Projects\OpenSource\Multizone_temperature_sensor\MK66_Firmware\OUTPUT\Obj\K66BLEZ1_INIT_SYS.o
#        d:\Embedded\Projects\OpenSource\Multizone_temperature_sensor\MK66_Firmware\OUTPUT\Obj\K66BLEZ1_MKW40_Channel.o
#        d:\Embedded\Projects\OpenSource\Multizone_temperature_sensor\MK66_Firmware\OUTPUT\Obj\K66BLEZ1_PINS.o
#        d:\Embedded\Projects\OpenSource\Multizone_temperature_sensor\MK66_Firmware\OUTPUT\Obj\K66BLEZ1_PIT.o
#        d:\Embedded\Projects\OpenSource\Multizone_temperature_sensor\MK66_Firmware\OUTPUT\Obj\K66BLEZ1_SPI.o
#        d:\Embedded\Projects\OpenSource\Multizone_temperature_sensor\MK66_Firmware\OUTPUT\Obj\K66BLEZ1_TPM.o
#        d:\Embedded\Projects\OpenSource\Multizone_temperature_sensor\MK66_Firmware\OUTPUT\Obj\K66BLEZ1_UART.o
#        d:\Embedded\Projects\OpenSource\Multizone_temperature_sensor\MK66_Firmware\OUTPUT\Obj\K66BLEZ1_VBAT_RAM.o
#        d:\Embedded\Projects\OpenSource\Multizone_temperature_sensor\MK66_Firmware\OUTPUT\Obj\k_assert.o
#        d:\Embedded\Projects\OpenSource\Multizone_temperature_sensor\MK66_Firmware\OUTPUT\Obj\kernel_symbols.o
#        d:\Embedded\Projects\OpenSource\Multizone_temperature_sensor\MK66_Firmware\OUTPUT\Obj\khci_dev.o
#        d:\Embedded\Projects\OpenSource\Multizone_temperature_sensor\MK66_Firmware\OUTPUT\Obj\kinetis_mpu.o
#        d:\Embedded\Projects\OpenSource\Multizone_temperature_sensor\MK66_Firmware\OUTPUT\Obj\klog.o
#        d:\Embedded\Projects\OpenSource\Multizone_temperature_sensor\MK66_Firmware\OUTPUT\Obj\krtc.o
#        d:\Embedded\Projects\OpenSource\Multizone_temperature_sensor\MK66_Firmware\OUTPUT\Obj\LCD.o
#        d:\Embedded\Projects\OpenSource\Multizone_temperature_sensor\MK66_Firmware\OUTPUT\Obj\LCD_API.o
#        d:\Embedded\Projects\OpenSource\Multizone_temperature_sensor\MK66_Firmware\OUTPUT\Obj\LCD_DrawBitmap_565.o
#        d:\Embedded\Projects\OpenSource\Multizone_temperature_sensor\MK66_Firmware\OUTPUT\Obj\LCD_DrawBitmap_M565.o
#        d:\Embedded\Projects\OpenSource\Multizone_temperature_sensor\MK66_Firmware\OUTPUT\Obj\LCD_DrawVLine.o
#        d:\Embedded\Projects\OpenSource\Multizone_temperature_sensor\MK66_Firmware\OUTPUT\Obj\LCD_GetColorIndex.o
#        d:\Embedded\Projects\OpenSource\Multizone_temperature_sensor\MK66_Firmware\OUTPUT\Obj\LCD_GetEx.o
#        d:\Embedded\Projects\OpenSource\Multizone_temperature_sensor\MK66_Firmware\OUTPUT\Obj\LCD_GetNumDisplays.o
#        d:\Embedded\Projects\OpenSource\Multizone_temperature_sensor\MK66_Firmware\OUTPUT\Obj\LCD_GetPixelColor.o
#        d:\Embedded\Projects\OpenSource\Multizone_temperature_sensor\MK66_Firmware\OUTPUT\Obj\LCD_Index2ColorEx.o
#        d:\Embedded\Projects\OpenSource\Multizone_temperature_sensor\MK66_Firmware\OUTPUT\Obj\LCD_L0_Generic.o
#        d:\Embedded\Projects\OpenSource\Multizone_temperature_sensor\MK66_Firmware\OUTPUT\Obj\LCD_Mirror.o
#        d:\Embedded\Projects\OpenSource\Multizone_temperature_sensor\MK66_Firmware\OUTPUT\Obj\LCD_MixColors256.o
#        d:\Embedded\Projects\OpenSource\Multizone_temperature_sensor\MK66_Firmware\OUTPUT\Obj\LCD_Rotate180.o
#        d:\Embedded\Projects\OpenSource\Multizone_temperature_sensor\MK66_Firmware\OUTPUT\Obj\LCD_RotateCCW.o
#        d:\Embedded\Projects\OpenSource\Multizone_temperature_sensor\MK66_Firmware\OUTPUT\Obj\LCD_RotateCW.o
#        d:\Embedded\Projects\OpenSource\Multizone_temperature_sensor\MK66_Firmware\OUTPUT\Obj\LCD_SelectLCD.o
#        d:\Embedded\Projects\OpenSource\Multizone_temperature_sensor\MK66_Firmware\OUTPUT\Obj\LCD_SetAPI.o
#        d:\Embedded\Projects\OpenSource\Multizone_temperature_sensor\MK66_Firmware\OUTPUT\Obj\LCD_SetClipRectEx.o
#        d:\Embedded\Projects\OpenSource\Multizone_temperature_sensor\MK66_Firmware\OUTPUT\Obj\LCD_UpdateColorIndices.o
#        d:\Embedded\Projects\OpenSource\Multizone_temperature_sensor\MK66_Firmware\OUTPUT\Obj\LCDAA.o
#        d:\Embedded\Projects\OpenSource\Multizone_temperature_sensor\MK66_Firmware\OUTPUT\Obj\LCDColor.o
#        d:\Embedded\Projects\OpenSource\Multizone_temperature_sensor\MK66_Firmware\OUTPUT\Obj\LCDGetP.o
#        d:\Embedded\Projects\OpenSource\Multizone_temperature_sensor\MK66_Firmware\OUTPUT\Obj\LCDInfo.o
#        d:\Embedded\Projects\OpenSource\Multizone_temperature_sensor\MK66_Firmware\OUTPUT\Obj\LCDInfo0.o
#        d:\Embedded\Projects\OpenSource\Multizone_temperature_sensor\MK66_Firmware\OUTPUT\Obj\LCDInfo1.o
#        d:\Embedded\Projects\OpenSource\Multizone_temperature_sensor\MK66_Firmware\OUTPUT\Obj\LCDL0Delta.o
#        d:\Embedded\Projects\OpenSource\Multizone_temperature_sensor\MK66_Firmware\OUTPUT\Obj\LCDL0Mag.o
#        d:\Embedded\Projects\OpenSource\Multizone_temperature_sensor\MK66_Firmware\OUTPUT\Obj\LCDP1.o
#        d:\Embedded\Projects\OpenSource\Multizone_temperature_sensor\MK66_Firmware\OUTPUT\Obj\LCDP565_Index2Color.o
#        d:\Embedded\Projects\OpenSource\Multizone_temperature_sensor\MK66_Firmware\OUTPUT\Obj\LCDPM565_Index2Color.o
#        d:\Embedded\Projects\OpenSource\Multizone_temperature_sensor\MK66_Firmware\OUTPUT\Obj\LCDRLE4.o
#        d:\Embedded\Projects\OpenSource\Multizone_temperature_sensor\MK66_Firmware\OUTPUT\Obj\LCDRLE8.o
#        d:\Embedded\Projects\OpenSource\Multizone_temperature_sensor\MK66_Firmware\OUTPUT\Obj\LED_control.o
#        d:\Embedded\Projects\OpenSource\Multizone_temperature_sensor\MK66_Firmware\OUTPUT\Obj\LISTBOX.o
#        d:\Embedded\Projects\OpenSource\Multizone_temperature_sensor\MK66_Firmware\OUTPUT\Obj\LISTBOX_Create.o
#        d:\Embedded\Projects\OpenSource\Multizone_temperature_sensor\MK66_Firmware\OUTPUT\Obj\LISTBOX_CreateIndirect.o
#        d:\Embedded\Projects\OpenSource\Multizone_temperature_sensor\MK66_Firmware\OUTPUT\Obj\LISTBOX_Default.o
#        d:\Embedded\Projects\OpenSource\Multizone_temperature_sensor\MK66_Firmware\OUTPUT\Obj\LISTBOX_DeleteItem.o
#        d:\Embedded\Projects\OpenSource\Multizone_temperature_sensor\MK66_Firmware\OUTPUT\Obj\LISTBOX_Font.o
#        d:\Embedded\Projects\OpenSource\Multizone_temperature_sensor\MK66_Firmware\OUTPUT\Obj\LISTBOX_GetItemText.o
#        d:\Embedded\Projects\OpenSource\Multizone_temperature_sensor\MK66_Firmware\OUTPUT\Obj\LISTBOX_GetNumItems.o
#        d:\Embedded\Projects\OpenSource\Multizone_temperature_sensor\MK66_Firmware\OUTPUT\Obj\LISTBOX_InsertString.o
#        d:\Embedded\Projects\OpenSource\Multizone_temperature_sensor\MK66_Firmware\OUTPUT\Obj\LISTBOX_ItemDisabled.o
#        d:\Embedded\Projects\OpenSource\Multizone_temperature_sensor\MK66_Firmware\OUTPUT\Obj\LISTBOX_ItemSpacing.o
#        d:\Embedded\Projects\OpenSource\Multizone_temperature_sensor\MK66_Firmware\OUTPUT\Obj\LISTBOX_MultiSel.o
#        d:\Embedded\Projects\OpenSource\Multizone_temperature_sensor\MK66_Firmware\OUTPUT\Obj\LISTBOX_ScrollStep.o
#        d:\Embedded\Projects\OpenSource\Multizone_temperature_sensor\MK66_Firmware\OUTPUT\Obj\LISTBOX_SetAutoScroll.o
#        d:\Embedded\Projects\OpenSource\Multizone_temperature_sensor\MK66_Firmware\OUTPUT\Obj\LISTBOX_SetBkColor.o
#        d:\Embedded\Projects\OpenSource\Multizone_temperature_sensor\MK66_Firmware\OUTPUT\Obj\LISTBOX_SetOwner.o
#        d:\Embedded\Projects\OpenSource\Multizone_temperature_sensor\MK66_Firmware\OUTPUT\Obj\LISTBOX_SetOwnerDraw.o
#        d:\Embedded\Projects\OpenSource\Multizone_temperature_sensor\MK66_Firmware\OUTPUT\Obj\LISTBOX_SetScrollbarWidth.o
#        d:\Embedded\Projects\OpenSource\Multizone_temperature_sensor\MK66_Firmware\OUTPUT\Obj\LISTBOX_SetString.o
#        d:\Embedded\Projects\OpenSource\Multizone_temperature_sensor\MK66_Firmware\OUTPUT\Obj\LISTBOX_SetTextColor.o
#        d:\Embedded\Projects\OpenSource\Multizone_temperature_sensor\MK66_Firmware\OUTPUT\Obj\LISTVIEW.o
#        d:\Embedded\Projects\OpenSource\Multizone_temperature_sensor\MK66_Firmware\OUTPUT\Obj\LISTVIEW_Create.o
#        d:\Embedded\Projects\OpenSource\Multizone_temperature_sensor\MK66_Firmware\OUTPUT\Obj\LISTVIEW_CreateIndirect.o
#        d:\Embedded\Projects\OpenSource\Multizone_temperature_sensor\MK66_Firmware\OUTPUT\Obj\LISTVIEW_Default.o
#        d:\Embedded\Projects\OpenSource\Multizone_temperature_sensor\MK66_Firmware\OUTPUT\Obj\LISTVIEW_DeleteColumn.o
#        d:\Embedded\Projects\OpenSource\Multizone_temperature_sensor\MK66_Firmware\OUTPUT\Obj\LISTVIEW_DeleteRow.o
#        d:\Embedded\Projects\OpenSource\Multizone_temperature_sensor\MK66_Firmware\OUTPUT\Obj\LISTVIEW_GetBkColor.o
#        d:\Embedded\Projects\OpenSource\Multizone_temperature_sensor\MK66_Firmware\OUTPUT\Obj\LISTVIEW_GetFont.o
#        d:\Embedded\Projects\OpenSource\Multizone_temperature_sensor\MK66_Firmware\OUTPUT\Obj\LISTVIEW_GetHeader.o
#        d:\Embedded\Projects\OpenSource\Multizone_temperature_sensor\MK66_Firmware\OUTPUT\Obj\LISTVIEW_GetNumColumns.o
#        d:\Embedded\Projects\OpenSource\Multizone_temperature_sensor\MK66_Firmware\OUTPUT\Obj\LISTVIEW_GetNumRows.o
#        d:\Embedded\Projects\OpenSource\Multizone_temperature_sensor\MK66_Firmware\OUTPUT\Obj\LISTVIEW_GetSel.o
#        d:\Embedded\Projects\OpenSource\Multizone_temperature_sensor\MK66_Firmware\OUTPUT\Obj\LISTVIEW_GetTextColor.o
#        d:\Embedded\Projects\OpenSource\Multizone_temperature_sensor\MK66_Firmware\OUTPUT\Obj\LISTVIEW_SetBkColor.o
#        d:\Embedded\Projects\OpenSource\Multizone_temperature_sensor\MK66_Firmware\OUTPUT\Obj\LISTVIEW_SetColumnWidth.o
#        d:\Embedded\Projects\OpenSource\Multizone_temperature_sensor\MK66_Firmware\OUTPUT\Obj\LISTVIEW_SetFont.o
#        d:\Embedded\Projects\OpenSource\Multizone_temperature_sensor\MK66_Firmware\OUTPUT\Obj\LISTVIEW_SetGridVis.o
#        d:\Embedded\Projects\OpenSource\Multizone_temperature_sensor\MK66_Firmware\OUTPUT\Obj\LISTVIEW_SetItemColor.o
#        d:\Embedded\Projects\OpenSource\Multizone_temperature_sensor\MK66_Firmware\OUTPUT\Obj\LISTVIEW_SetItemText.o
#        d:\Embedded\Projects\OpenSource\Multizone_temperature_sensor\MK66_Firmware\OUTPUT\Obj\LISTVIEW_SetLBorder.o
#        d:\Embedded\Projects\OpenSource\Multizone_temperature_sensor\MK66_Firmware\OUTPUT\Obj\LISTVIEW_SetRBorder.o
#        d:\Embedded\Projects\OpenSource\Multizone_temperature_sensor\MK66_Firmware\OUTPUT\Obj\LISTVIEW_SetRowHeight.o
#        d:\Embedded\Projects\OpenSource\Multizone_temperature_sensor\MK66_Firmware\OUTPUT\Obj\LISTVIEW_SetSel.o
#        d:\Embedded\Projects\OpenSource\Multizone_temperature_sensor\MK66_Firmware\OUTPUT\Obj\LISTVIEW_SetTextAlign.o
#        d:\Embedded\Projects\OpenSource\Multizone_temperature_sensor\MK66_Firmware\OUTPUT\Obj\LISTVIEW_SetTextColor.o
#        d:\Embedded\Projects\OpenSource\Multizone_temperature_sensor\MK66_Firmware\OUTPUT\Obj\log.o
#        d:\Embedded\Projects\OpenSource\Multizone_temperature_sensor\MK66_Firmware\OUTPUT\Obj\lwevent.o
#        d:\Embedded\Projects\OpenSource\Multizone_temperature_sensor\MK66_Firmware\OUTPUT\Obj\lwgpio.o
#        d:\Embedded\Projects\OpenSource\Multizone_temperature_sensor\MK66_Firmware\OUTPUT\Obj\lwgpio_kgpio.o
#        d:\Embedded\Projects\OpenSource\Multizone_temperature_sensor\MK66_Firmware\OUTPUT\Obj\lwlog.o
#        d:\Embedded\Projects\OpenSource\Multizone_temperature_sensor\MK66_Firmware\OUTPUT\Obj\lwmem.o
#        d:\Embedded\Projects\OpenSource\Multizone_temperature_sensor\MK66_Firmware\OUTPUT\Obj\lwmsgq.o
#        d:\Embedded\Projects\OpenSource\Multizone_temperature_sensor\MK66_Firmware\OUTPUT\Obj\lwsem.o
#        d:\Embedded\Projects\OpenSource\Multizone_temperature_sensor\MK66_Firmware\OUTPUT\Obj\lwtimer.o
#        d:\Embedded\Projects\OpenSource\Multizone_temperature_sensor\MK66_Firmware\OUTPUT\Obj\macnet_1588.o
#        d:\Embedded\Projects\OpenSource\Multizone_temperature_sensor\MK66_Firmware\OUTPUT\Obj\macnet_init.o
#        d:\Embedded\Projects\OpenSource\Multizone_temperature_sensor\MK66_Firmware\OUTPUT\Obj\macnet_join.o
#        d:\Embedded\Projects\OpenSource\Multizone_temperature_sensor\MK66_Firmware\OUTPUT\Obj\macnet_mii.o
#        d:\Embedded\Projects\OpenSource\Multizone_temperature_sensor\MK66_Firmware\OUTPUT\Obj\macnet_mk65.o
#        d:\Embedded\Projects\OpenSource\Multizone_temperature_sensor\MK66_Firmware\OUTPUT\Obj\macnet_receive.o
#        d:\Embedded\Projects\OpenSource\Multizone_temperature_sensor\MK66_Firmware\OUTPUT\Obj\macnet_rejoin.o
#        d:\Embedded\Projects\OpenSource\Multizone_temperature_sensor\MK66_Firmware\OUTPUT\Obj\macnet_send.o
#        d:\Embedded\Projects\OpenSource\Multizone_temperature_sensor\MK66_Firmware\OUTPUT\Obj\macnet_stop.o
#        d:\Embedded\Projects\OpenSource\Multizone_temperature_sensor\MK66_Firmware\OUTPUT\Obj\macnet_util.o
#        d:\Embedded\Projects\OpenSource\Multizone_temperature_sensor\MK66_Firmware\OUTPUT\Obj\Main.o
#        d:\Embedded\Projects\OpenSource\Multizone_temperature_sensor\MK66_Firmware\OUTPUT\Obj\mem.o
#        d:\Embedded\Projects\OpenSource\Multizone_temperature_sensor\MK66_Firmware\OUTPUT\Obj\mem_copy.o
#        d:\Embedded\Projects\OpenSource\Multizone_temperature_sensor\MK66_Firmware\OUTPUT\Obj\mem_zero.o
#        d:\Embedded\Projects\OpenSource\Multizone_temperature_sensor\MK66_Firmware\OUTPUT\Obj\MENU.o
#        d:\Embedded\Projects\OpenSource\Multizone_temperature_sensor\MK66_Firmware\OUTPUT\Obj\MENU__FindItem.o
#        d:\Embedded\Projects\OpenSource\Multizone_temperature_sensor\MK66_Firmware\OUTPUT\Obj\MENU_Attach.o
#        d:\Embedded\Projects\OpenSource\Multizone_temperature_sensor\MK66_Firmware\OUTPUT\Obj\MENU_CreateIndirect.o
#        d:\Embedded\Projects\OpenSource\Multizone_temperature_sensor\MK66_Firmware\OUTPUT\Obj\MENU_Default.o
#        d:\Embedded\Projects\OpenSource\Multizone_temperature_sensor\MK66_Firmware\OUTPUT\Obj\MENU_DeleteItem.o
#        d:\Embedded\Projects\OpenSource\Multizone_temperature_sensor\MK66_Firmware\OUTPUT\Obj\MENU_DisableItem.o
#        d:\Embedded\Projects\OpenSource\Multizone_temperature_sensor\MK66_Firmware\OUTPUT\Obj\MENU_EnableItem.o
#        d:\Embedded\Projects\OpenSource\Multizone_temperature_sensor\MK66_Firmware\OUTPUT\Obj\MENU_GetItem.o
#        d:\Embedded\Projects\OpenSource\Multizone_temperature_sensor\MK66_Firmware\OUTPUT\Obj\MENU_GetItemText.o
#        d:\Embedded\Projects\OpenSource\Multizone_temperature_sensor\MK66_Firmware\OUTPUT\Obj\MENU_GetNumItems.o
#        d:\Embedded\Projects\OpenSource\Multizone_temperature_sensor\MK66_Firmware\OUTPUT\Obj\MENU_InsertItem.o
#        d:\Embedded\Projects\OpenSource\Multizone_temperature_sensor\MK66_Firmware\OUTPUT\Obj\MENU_Popup.o
#        d:\Embedded\Projects\OpenSource\Multizone_temperature_sensor\MK66_Firmware\OUTPUT\Obj\MENU_SetBkColor.o
#        d:\Embedded\Projects\OpenSource\Multizone_temperature_sensor\MK66_Firmware\OUTPUT\Obj\MENU_SetBorderSize.o
#        d:\Embedded\Projects\OpenSource\Multizone_temperature_sensor\MK66_Firmware\OUTPUT\Obj\MENU_SetFont.o
#        d:\Embedded\Projects\OpenSource\Multizone_temperature_sensor\MK66_Firmware\OUTPUT\Obj\MENU_SetItem.o
#        d:\Embedded\Projects\OpenSource\Multizone_temperature_sensor\MK66_Firmware\OUTPUT\Obj\MENU_SetTextColor.o
#        d:\Embedded\Projects\OpenSource\Multizone_temperature_sensor\MK66_Firmware\OUTPUT\Obj\MESSAGEBOX.o
#        d:\Embedded\Projects\OpenSource\Multizone_temperature_sensor\MK66_Firmware\OUTPUT\Obj\mfs_attribute.o
#        d:\Embedded\Projects\OpenSource\Multizone_temperature_sensor\MK66_Firmware\OUTPUT\Obj\mfs_cache.o
#        d:\Embedded\Projects\OpenSource\Multizone_temperature_sensor\MK66_Firmware\OUTPUT\Obj\mfs_chain.o
#        d:\Embedded\Projects\OpenSource\Multizone_temperature_sensor\MK66_Firmware\OUTPUT\Obj\mfs_cluster.o
#        d:\Embedded\Projects\OpenSource\Multizone_temperature_sensor\MK66_Firmware\OUTPUT\Obj\mfs_delete.o
#        d:\Embedded\Projects\OpenSource\Multizone_temperature_sensor\MK66_Firmware\OUTPUT\Obj\mfs_dir_chain.o
#        d:\Embedded\Projects\OpenSource\Multizone_temperature_sensor\MK66_Firmware\OUTPUT\Obj\mfs_dir_entry.o
#        d:\Embedded\Projects\OpenSource\Multizone_temperature_sensor\MK66_Firmware\OUTPUT\Obj\mfs_directory.o
#        d:\Embedded\Projects\OpenSource\Multizone_temperature_sensor\MK66_Firmware\OUTPUT\Obj\mfs_fat.o
#        d:\Embedded\Projects\OpenSource\Multizone_temperature_sensor\MK66_Firmware\OUTPUT\Obj\mfs_find.o
#        d:\Embedded\Projects\OpenSource\Multizone_temperature_sensor\MK66_Firmware\OUTPUT\Obj\mfs_fio.o
#        d:\Embedded\Projects\OpenSource\Multizone_temperature_sensor\MK66_Firmware\OUTPUT\Obj\mfs_flush.o
#        d:\Embedded\Projects\OpenSource\Multizone_temperature_sensor\MK66_Firmware\OUTPUT\Obj\mfs_format.o
#        d:\Embedded\Projects\OpenSource\Multizone_temperature_sensor\MK66_Firmware\OUTPUT\Obj\mfs_globals.o
#        d:\Embedded\Projects\OpenSource\Multizone_temperature_sensor\MK66_Firmware\OUTPUT\Obj\mfs_handle.o
#        d:\Embedded\Projects\OpenSource\Multizone_temperature_sensor\MK66_Firmware\OUTPUT\Obj\mfs_ioctl.o
#        d:\Embedded\Projects\OpenSource\Multizone_temperature_sensor\MK66_Firmware\OUTPUT\Obj\mfs_lfn.o
#        d:\Embedded\Projects\OpenSource\Multizone_temperature_sensor\MK66_Firmware\OUTPUT\Obj\MFS_man.o
#        d:\Embedded\Projects\OpenSource\Multizone_temperature_sensor\MK66_Firmware\OUTPUT\Obj\mfs_misc.o
#        d:\Embedded\Projects\OpenSource\Multizone_temperature_sensor\MK66_Firmware\OUTPUT\Obj\mfs_mount.o
#        d:\Embedded\Projects\OpenSource\Multizone_temperature_sensor\MK66_Firmware\OUTPUT\Obj\mfs_open.o
#        d:\Embedded\Projects\OpenSource\Multizone_temperature_sensor\MK66_Firmware\OUTPUT\Obj\mfs_parse.o
#        d:\Embedded\Projects\OpenSource\Multizone_temperature_sensor\MK66_Firmware\OUTPUT\Obj\mfs_read.o
#        d:\Embedded\Projects\OpenSource\Multizone_temperature_sensor\MK66_Firmware\OUTPUT\Obj\mfs_rename.o
#        d:\Embedded\Projects\OpenSource\Multizone_temperature_sensor\MK66_Firmware\OUTPUT\Obj\mfs_rw.o
#        d:\Embedded\Projects\OpenSource\Multizone_temperature_sensor\MK66_Firmware\OUTPUT\Obj\mfs_search.o
#        d:\Embedded\Projects\OpenSource\Multizone_temperature_sensor\MK66_Firmware\OUTPUT\Obj\mfs_time.o
#        d:\Embedded\Projects\OpenSource\Multizone_temperature_sensor\MK66_Firmware\OUTPUT\Obj\mfs_unicode.o
#        d:\Embedded\Projects\OpenSource\Multizone_temperature_sensor\MK66_Firmware\OUTPUT\Obj\mfs_valdev.o
#        d:\Embedded\Projects\OpenSource\Multizone_temperature_sensor\MK66_Firmware\OUTPUT\Obj\mfs_write.o
#        d:\Embedded\Projects\OpenSource\Multizone_temperature_sensor\MK66_Firmware\OUTPUT\Obj\MKW40_Channel.o
#        d:\Embedded\Projects\OpenSource\Multizone_temperature_sensor\MK66_Firmware\OUTPUT\Obj\Modbus.o
#        d:\Embedded\Projects\OpenSource\Multizone_temperature_sensor\MK66_Firmware\OUTPUT\Obj\Modbus_bsp.o
#        d:\Embedded\Projects\OpenSource\Multizone_temperature_sensor\MK66_Firmware\OUTPUT\Obj\Modbus_data.o
#        d:\Embedded\Projects\OpenSource\Multizone_temperature_sensor\MK66_Firmware\OUTPUT\Obj\Modbus_master_core.o
#        d:\Embedded\Projects\OpenSource\Multizone_temperature_sensor\MK66_Firmware\OUTPUT\Obj\Modbus_os.o
#        d:\Embedded\Projects\OpenSource\Multizone_temperature_sensor\MK66_Firmware\OUTPUT\Obj\Modbus_util.o
#        d:\Embedded\Projects\OpenSource\Multizone_temperature_sensor\MK66_Firmware\OUTPUT\Obj\Monitor_serial_drv.o
#        d:\Embedded\Projects\OpenSource\Multizone_temperature_sensor\MK66_Firmware\OUTPUT\Obj\Monitor_usb_drv.o
#        d:\Embedded\Projects\OpenSource\Multizone_temperature_sensor\MK66_Firmware\OUTPUT\Obj\MonitorVT100.o
#        d:\Embedded\Projects\OpenSource\Multizone_temperature_sensor\MK66_Firmware\OUTPUT\Obj\mqx.o
#        d:\Embedded\Projects\OpenSource\Multizone_temperature_sensor\MK66_Firmware\OUTPUT\Obj\mqx_init.o
#        d:\Embedded\Projects\OpenSource\Multizone_temperature_sensor\MK66_Firmware\OUTPUT\Obj\mqx_main.o
#        d:\Embedded\Projects\OpenSource\Multizone_temperature_sensor\MK66_Firmware\OUTPUT\Obj\msg.o
#        d:\Embedded\Projects\OpenSource\Multizone_temperature_sensor\MK66_Firmware\OUTPUT\Obj\msgpool.o
#        d:\Embedded\Projects\OpenSource\Multizone_temperature_sensor\MK66_Firmware\OUTPUT\Obj\msgq.o
#        d:\Embedded\Projects\OpenSource\Multizone_temperature_sensor\MK66_Firmware\OUTPUT\Obj\MULTIEDIT.o
#        d:\Embedded\Projects\OpenSource\Multizone_temperature_sensor\MK66_Firmware\OUTPUT\Obj\MULTIEDIT_Create.o
#        d:\Embedded\Projects\OpenSource\Multizone_temperature_sensor\MK66_Firmware\OUTPUT\Obj\MULTIEDIT_CreateIndirect.o
#        d:\Embedded\Projects\OpenSource\Multizone_temperature_sensor\MK66_Firmware\OUTPUT\Obj\MULTIPAGE.o
#        d:\Embedded\Projects\OpenSource\Multizone_temperature_sensor\MK66_Firmware\OUTPUT\Obj\MULTIPAGE_Create.o
#        d:\Embedded\Projects\OpenSource\Multizone_temperature_sensor\MK66_Firmware\OUTPUT\Obj\MULTIPAGE_CreateIndirect.o
#        d:\Embedded\Projects\OpenSource\Multizone_temperature_sensor\MK66_Firmware\OUTPUT\Obj\MULTIPAGE_Default.o
#        d:\Embedded\Projects\OpenSource\Multizone_temperature_sensor\MK66_Firmware\OUTPUT\Obj\mutex.o
#        d:\Embedded\Projects\OpenSource\Multizone_temperature_sensor\MK66_Firmware\OUTPUT\Obj\MZTS_Analog_INs.o
#        d:\Embedded\Projects\OpenSource\Multizone_temperature_sensor\MK66_Firmware\OUTPUT\Obj\MZTS_CAN.o
#        d:\Embedded\Projects\OpenSource\Multizone_temperature_sensor\MK66_Firmware\OUTPUT\Obj\MZTS_DS1Wire.o
#        d:\Embedded\Projects\OpenSource\Multizone_temperature_sensor\MK66_Firmware\OUTPUT\Obj\MZTS_DS1Wire_Intf.o
#        d:\Embedded\Projects\OpenSource\Multizone_temperature_sensor\MK66_Firmware\OUTPUT\Obj\MZTS_Filters.o
#        d:\Embedded\Projects\OpenSource\Multizone_temperature_sensor\MK66_Firmware\OUTPUT\Obj\MZTS_FreeMaster_vars.o
#        d:\Embedded\Projects\OpenSource\Multizone_temperature_sensor\MK66_Firmware\OUTPUT\Obj\MZTS_FreeMaster_vars_map.o
#        d:\Embedded\Projects\OpenSource\Multizone_temperature_sensor\MK66_Firmware\OUTPUT\Obj\MZTS_FreemasterCmdMan.o
#        d:\Embedded\Projects\OpenSource\Multizone_temperature_sensor\MK66_Firmware\OUTPUT\Obj\MZTS_LSM6DSO32.o
#        d:\Embedded\Projects\OpenSource\Multizone_temperature_sensor\MK66_Firmware\OUTPUT\Obj\MZTS_outputs.o
#        d:\Embedded\Projects\OpenSource\Multizone_temperature_sensor\MK66_Firmware\OUTPUT\Obj\MZTS_Params.o
#        d:\Embedded\Projects\OpenSource\Multizone_temperature_sensor\MK66_Firmware\OUTPUT\Obj\MZTS_pins_config.o
#        d:\Embedded\Projects\OpenSource\Multizone_temperature_sensor\MK66_Firmware\OUTPUT\Obj\MZTS_Sound.o
#        d:\Embedded\Projects\OpenSource\Multizone_temperature_sensor\MK66_Firmware\OUTPUT\Obj\MZTS_SPI_bus.o
#        d:\Embedded\Projects\OpenSource\Multizone_temperature_sensor\MK66_Firmware\OUTPUT\Obj\MZTS_task.o
#        d:\Embedded\Projects\OpenSource\Multizone_temperature_sensor\MK66_Firmware\OUTPUT\Obj\MZTS_TFT_display_control.o
#        d:\Embedded\Projects\OpenSource\Multizone_temperature_sensor\MK66_Firmware\OUTPUT\Obj\name.o
#        d:\Embedded\Projects\OpenSource\Multizone_temperature_sensor\MK66_Firmware\OUTPUT\Obj\nvic.o
#        d:\Embedded\Projects\OpenSource\Multizone_temperature_sensor\MK66_Firmware\OUTPUT\Obj\Parameters.o
#        d:\Embedded\Projects\OpenSource\Multizone_temperature_sensor\MK66_Firmware\OUTPUT\Obj\part_mgr.o
#        d:\Embedded\Projects\OpenSource\Multizone_temperature_sensor\MK66_Firmware\OUTPUT\Obj\partition.o
#        d:\Embedded\Projects\OpenSource\Multizone_temperature_sensor\MK66_Firmware\OUTPUT\Obj\pcb_mqxa.o
#        d:\Embedded\Projects\OpenSource\Multizone_temperature_sensor\MK66_Firmware\OUTPUT\Obj\phy_ksz8041.o
#        d:\Embedded\Projects\OpenSource\Multizone_temperature_sensor\MK66_Firmware\OUTPUT\Obj\PROGBAR.o
#        d:\Embedded\Projects\OpenSource\Multizone_temperature_sensor\MK66_Firmware\OUTPUT\Obj\PROGBAR_Create.o
#        d:\Embedded\Projects\OpenSource\Multizone_temperature_sensor\MK66_Firmware\OUTPUT\Obj\PROGBAR_CreateIndirect.o
#        d:\Embedded\Projects\OpenSource\Multizone_temperature_sensor\MK66_Firmware\OUTPUT\Obj\psp_dati.o
#        d:\Embedded\Projects\OpenSource\Multizone_temperature_sensor\MK66_Firmware\OUTPUT\Obj\psp_gelms.o
#        d:\Embedded\Projects\OpenSource\Multizone_temperature_sensor\MK66_Firmware\OUTPUT\Obj\psp_hoti.o
#        d:\Embedded\Projects\OpenSource\Multizone_temperature_sensor\MK66_Firmware\OUTPUT\Obj\psp_iinit.o
#        d:\Embedded\Projects\OpenSource\Multizone_temperature_sensor\MK66_Firmware\OUTPUT\Obj\psp_mat1.o
#        d:\Embedded\Projects\OpenSource\Multizone_temperature_sensor\MK66_Firmware\OUTPUT\Obj\psp_mat2.o
#        d:\Embedded\Projects\OpenSource\Multizone_temperature_sensor\MK66_Firmware\OUTPUT\Obj\psp_mat3.o
#        d:\Embedded\Projects\OpenSource\Multizone_temperature_sensor\MK66_Firmware\OUTPUT\Obj\psp_miti.o
#        d:\Embedded\Projects\OpenSource\Multizone_temperature_sensor\MK66_Firmware\OUTPUT\Obj\psp_msti.o
#        d:\Embedded\Projects\OpenSource\Multizone_temperature_sensor\MK66_Firmware\OUTPUT\Obj\psp_mstiq.o
#        d:\Embedded\Projects\OpenSource\Multizone_temperature_sensor\MK66_Firmware\OUTPUT\Obj\psp_nsti.o
#        d:\Embedded\Projects\OpenSource\Multizone_temperature_sensor\MK66_Firmware\OUTPUT\Obj\psp_psti.o
[...]
msc_write_command       0x00025631    0x94  Code  Gb  usb_msc_scsi.o [2]
mutex                   0x20004a74    0x30  Data  Lc  MKW40_Channel.o [2]
ndigs                   0x0000efb8    0x28  Data  Lc  xstoul.o [3]
normalize               0x000024db    0x70  Code  Lc  time.o [2]
one_wire_baud_rate      0x20004ad8     0x4  Data  Gb  MZTS_DS1Wire.o [2]
one_wire_lwev           0x20004ae0    0x24  Data  Lc  MZTS_DS1Wire_Intf.o [2]
one_wire_recv_buf       0x200058c0     0x2  Data  Gb  MZTS_DS1Wire.o [2]
onewire_task_id         0x20004adc     0x4  Data  Lc  MZTS_DS1Wire.o [2]
out_buff                0x1fffe3c8    0x40  Data  Lc  freemaster_serial.o [2]
parmenu                 0x0002d84c    0x40  Data  Gb  MZTS_Params.o [2]
partition_handle        0x20004a38     0x4  Data  Gb  MFS_man.o [2]
pcm_bTrgVarSigned       0x200058d1     0x1  Data  Lc  freemaster_rec.o [2]
pcm_dwRecEndBuffPtr     0x1fff6640     0x4  Data  Gb  freemaster_rec.o [2]
pcm_dwRecWritePtr       0x1fff663c     0x4  Data  Gb  freemaster_rec.o [2]
pcm_nAppCmd             0x200058cb     0x1  Data  Lc  freemaster_appcmd.o [2]
pcm_nAppCmdLen          0x200058ac     0x2  Data  Lc  freemaster_appcmd.o [2]
pcm_nAppCmdResult       0x200058cc     0x1  Data  Lc  freemaster_appcmd.o [2]
pcm_nAppCmdResultDataLen
                        0x200058cd     0x1  Data  Lc  freemaster_appcmd.o [2]
pcm_nRecBuffAddr        0x1fff664c     0x4  Data  Lc  freemaster_rec.o [2]
pcm_nRecTriggerMode     0x200058ce     0x1  Data  Gb  freemaster_rec.o [2]
pcm_nRecVarCount        0x200058cf     0x1  Data  Gb  freemaster_rec.o [2]
pcm_nScopeVarCount      0x200058d2     0x1  Data  Lc  freemaster_scope.o [2]
pcm_nTrgVarAddr         0x1fff6644     0x4  Data  Lc  freemaster_rec.o [2]
pcm_nTrgVarSize         0x200058d0     0x1  Data  Lc  freemaster_rec.o [2]
pcm_nTsaBuffAddr        0x1fffe408     0x4  Data  Lc  freemaster_tsa.o [2]
pcm_nTsaTableIndex      0x200058bc     0x2  Data  Lc  freemaster_tsa.o [2]
pcm_pAppCmdBuff         0x1fff65bc    0x20  Data  Lc  freemaster_appcmd.o [2]
pcm_pAppCmdCallFunc     0x1fff65e8    0x28  Data  Lc  freemaster_appcmd.o [2]
pcm_pAppCmdCallId       0x1fff65dc     0xc  Data  Lc  freemaster_appcmd.o [2]
pcm_pCommBuffer         0x1fffe37c    0x40  Data  Lc  freemaster_serial.o [2]
pcm_pCompareFunc        0x1fff6650     0x4  Data  Lc  freemaster_rec.o [2]
pcm_pOwnRecBuffer       0x1fff6654  0x7d00  Data  Lc  freemaster_rec.o [2]
pcm_pRecVarAddr         0x1fff6610    0x20  Data  Gb  freemaster_rec.o [2]
pcm_pRecVarSize         0x1fff6630     0x8  Data  Gb  freemaster_rec.o [2]
pcm_pScopeVarAddr       0x1fffe354    0x20  Data  Lc  freemaster_scope.o [2]
pcm_pScopeVarSize       0x1fffe374     0x8  Data  Lc  freemaster_scope.o [2]
pcm_uTrgThreshold       0x1fff6648     0x4  Data  Lc  freemaster_rec.o [2]
pcm_wRecBuffStartIx     0x200058b8     0x2  Data  Gb  freemaster_rec.o [2]
pcm_wRecFlags           0x1fff6638     0x4  Data  Gb  freemaster_rec.o [2]
pcm_wRecPostTrigger     0x200058b0     0x2  Data  Gb  freemaster_rec.o [2]
pcm_wRecTimeDiv         0x200058b2     0x2  Data  Gb  freemaster_rec.o [2]
pcm_wRecTimeDivCtr      0x200058b4     0x2  Data  Gb  freemaster_rec.o [2]
pcm_wRecTotalSmps       0x200058ae     0x2  Data  Gb  freemaster_rec.o [2]
pcm_wStoprecCountDown   0x200058b6     0x2  Data  Gb  freemaster_rec.o [2]
pcm_wTsaBuffSize        0x200058ba     0x2  Data  Lc  freemaster_tsa.o [2]
pend_params_saving      0x200058ca     0x1  Data  Lc  App_logger.o [2]
pows                    0x00009828    0x48  Data  Lc  xdtento.o [4]
prd_step                0x20004b0c     0x4  Data  Lc  MZTS_DS1Wire_Intf.o [2]
process_mass_storage_command
                        0x0001f6cd    0xf2  Code  Gb  usb_msc.o [2]
ram_vector              0x1fff0000   0x400  Data  Gb  vectors.o [2]
recv_cnt                0x20004b08     0x4  Data  Lc  MZTS_DS1Wire_Intf.o [2]
ref_time                0x20004a04     0x4  Data  Gb  Main.o [2]
res_bank                0x200047c0     0x4  Data  Lc  K66BLEZ1_ADC.o [2]
results_string          0x20004cf4   0x100  Data  Gb  MZTS_task.o [2]
rx_buf                  0x20004b04     0x4  Data  Lc  MZTS_DS1Wire_Intf.o [2]
rx_buff                 0x1fffe3c4     0x4  Data  Lc  freemaster_serial.o [2]
rx_counter              0x200058d4     0x1  Data  Lc  freemaster_serial.o [2]
rx_csum                 0x200058d5     0x1  Data  Lc  freemaster_serial.o [2]
rx_mboxes               0x0002c200    0x60  Data  Gb  K66BLEZ1_CAN.o [2]
s_class_handle          0x1fff04fc     0x4  Data  Lc  usb_class.o [2]
s_composite_config_struct
                        0x200053c4    0x48  Data  Lc  usb_composite.o [2]
s_composite_device_struct
                        0x200053ac    0x18  Data  Lc  usb_composite.o [2]
s_usb_composite_info_struct
                        0x2000540c     0x8  Data  Lc  usb_composite.o [2]
screen_rect             0x20004dfc     0x8  Data  Gb  MZTS_TFT_display_control.o [2]
sensor_configs          0x20004c2c    0x40  Data  Gb  MZTS_task.o [2]
sensor_ids              0x1fff04cc    0x20  Data  Gb  MZTS_task.o [2]
setjmp                  0x00003ac1          Code  Gb  setjmp.o [4]
soc_get_usb_base_address
                        0x00009f5f    0x22  Code  Gb  adapter_mqx.o [2]
soc_get_usb_vector_number
                        0x00009f89    0x22  Code  Gb  adapter_mqx.o [2]
spi0_mutex              0x20004b1c    0x30  Data  Lc  MZTS_SPI_bus.o [2]
spi_cbl                 0x2000483c    0x84  Data  Gb  K66BLEZ1_SPI.o [2]
spi_errors              0x20004824    0x18  Data  Gb  K66BLEZ1_SPI.o [2]
spi_mods                0x0002c260    0x30  Data  Gb  K66BLEZ1_SPI.o [2]
strchr                  0x0000d945          Code  Gb  strchr.o [5]
strlen                  0x0000d719          Code  Gb  strlen.o [5]
strncmp                 0x00006627    0x2c  Code  Gb  strncmp.o [3]
strtol                  0x0000d7bb     0x6  Code  Gb  strtol.o [3]
sup_func                0x20005234     0x4  Data  Lc  Supervisor_task.o [2]
systick_devif           0x0002c13c    0x18  Data  Gb  hwtimer_systick.o [2]
systick_get_vector      0x00017365     0x4  Code  Gb  hwtimer_kinetis.o [2]
systimer                0x1fff09d0    0x40  Data  Gb  init_bsp.o [2]
terminal_task_id        0x20004a2c     0x4  Data  Gb  Main.o [2]
tlsf_clz                0x00009669          Code  Gb  support.o [2]
tolower                 0x0000f6e9    0x14  Code  Gb  tolower.o [3]
toolchain_startup       0x00000491     0x8  Code  Gb  comp.o [2]
toupper                 0x0000e1a5    0x18  Code  Gb  toupper.o [3]
tx_buff                 0x1fffe3c0     0x4  Data  Lc  freemaster_serial.o [2]
tx_counter              0x200058d3     0x1  Data  Lc  freemaster_serial.o [2]
upper_hex_string        0x0002c1c8    0x14  Data  Lc  io_dopr.o [2]
usb_class_object        0x2000538c    0x20  Data  Lc  usb_class.o [2]
usb_composite_info      0x1fff0578     0x8  Data  Lc  usb_device_descriptor.o [2]
usb_dci_usbhs_alloc_xd  0x00010897    0x48  Code  Gb  ehci_dev_main.o [2]
usb_dci_usbhs_cancel_transfer
                        0x0001056d   0x13c  Code  Gb  ehci_dev_main.o [2]
usb_dci_usbhs_deinit_endpoint
                        0x000104dd    0x72  Code  Gb  ehci_dev_main.o [2]
usb_dci_usbhs_get_endpoint_status
                        0x00010765    0x2e  Code  Gb  ehci_dev_main.o [2]
usb_dci_usbhs_get_setup_data
                        0x000103b9    0x64  Code  Gb  ehci_dev_main.o [2]
usb_dci_usbhs_get_status
                        0x00010825    0x72  Code  Gb  ehci_dev_main.o [2]
usb_dci_usbhs_get_transfer_status
                        0x0001054f    0x1e  Code  Gb  ehci_dev_main.o [2]
usb_dci_usbhs_init      0x0000fc1f    0xb4  Code  Gb  ehci_dev_main.o [2]
usb_dci_usbhs_init_endpoint
                        0x0001041d    0xc0  Code  Gb  ehci_dev_main.o [2]
usb_dci_usbhs_preinit   0x0000fb7f    0xa0  Code  Gb  ehci_dev_main.o [2]
usb_dci_usbhs_recv_data
                        0x0000ff87     0x8  Code  Gb  ehci_dev_main.o [2]
usb_dci_usbhs_send_data
                        0x0000ff7f     0x8  Code  Gb  ehci_dev_main.o [2]
usb_dci_usbhs_set_address
                        0x0001039b    0x1e  Code  Gb  ehci_dev_main.o [2]
usb_dci_usbhs_set_endpoint_status
                        0x00010793    0x40  Code  Gb  ehci_dev_main.o [2]
usb_dci_usbhs_set_status
                        0x000107d3    0x52  Code  Gb  ehci_dev_main.o [2]
usb_dci_usbhs_shutdown  0x000106a9    0x3e  Code  Gb  ehci_dev_main.o [2]
usb_dci_usbhs_stall_endpoint
                        0x000106f5    0x48  Code  Gb  ehci_dev_main.o [2]
usb_dci_usbhs_unstall_endpoint
                        0x0001073d    0x28  Code  Gb  ehci_dev_main.o [2]
usb_dec_class           0x1fff0560    0x18  Data  Lc  usb_device_descriptor.o [2]
usb_device_cancel_transfer
                        0x00010f83    0x4e  Code  Gb  usb_dev.o [2]
usb_device_deinit_endpoint
                        0x00010d63    0x46  Code  Gb  usb_dev.o [2]
usb_device_get_status   0x00010a7d    0x66  Code  Gb  usb_dev.o [2]
usb_device_init         0x00010b27   0x13c  Code  Gb  usb_dev.o [2]
usb_device_init_endpoint
                        0x00010c99    0x4e  Code  Gb  usb_dev.o [2]
usb_device_postinit     0x00010c63    0x1c  Code  Gb  usb_dev.o [2]
usb_device_recv_data    0x00010da9    0x9a  Code  Gb  usb_dev.o [2]
usb_device_register_application_notify
                        0x00010f4d    0x12  Code  Gb  usb_dev.o [2]
usb_device_register_desc_request_notify
                        0x00010f71    0x12  Code  Gb  usb_dev.o [2]
usb_device_register_service
                        0x00010ce7    0x7c  Code  Gb  usb_dev.o [2]
usb_device_register_vendor_class_request_notify
                        0x00010f5f    0x12  Code  Gb  usb_dev.o [2]
usb_device_reset        0x00010fd1    0x24  Code  Gb  usb_dev.o [2]
usb_device_send_data    0x00010e43    0x96  Code  Gb  usb_dev.o [2]
usb_device_set_address  0x00010a61    0x1c  Code  Gb  usb_dev.o [2]
usb_device_set_status   0x00010ae3    0x44  Code  Gb  usb_dev.o [2]
usb_device_stall_endpoint
                        0x00010f25    0x28  Code  Gb  usb_dev.o [2]
usb_device_unstall_endpoint
                        0x00010ed9    0x4c  Code  Gb  usb_dev.o [2]
usb_hal_echi_get_endpoint_status
                        0x0000f8cd     0x6  Code  Lc  ehci_dev_main.o [2]
usb_hal_ehci_clear_device_address
                        0x0000f8f3     0xe  Code  Lc  ehci_dev_main.o [2]
usb_hal_ehci_clear_dtd  0x0000faa7    0x1e  Code  Lc  ehci_dev_main.o [2]
usb_hal_ehci_clear_dtd_tripwire
                        0x0000f887     0xe  Code  Lc  ehci_dev_main.o [2]
usb_hal_ehci_clear_endpoint_stall
                        0x0000f997    0x40  Code  Lc  ehci_dev_main.o [2]
usb_hal_ehci_clear_ep_complete_status
                        0x0000f823     0x6  Code  Lc  ehci_dev_main.o [2]
usb_hal_ehci_clear_ep_setup_status
                        0x0000f801    0x10  Code  Lc  ehci_dev_main.o [2]
usb_hal_ehci_clear_ioc_reserved_fields
                        0x0000fa9d     0xa  Code  Lc  ehci_dev_main.o [2]
usb_hal_ehci_clear_max_packet_length
                        0x0000fa67     0x6  Code  Lc  ehci_dev_main.o [2]
usb_hal_ehci_clear_otg_interrupts
                        0x0000fb2f     0xc  Code  Lc  ehci_dev_main.o [2]
usb_hal_ehci_clear_qh_error_status
                        0x0000faf9     0xa  Code  Lc  ehci_dev_main.o [2]
usb_hal_ehci_clear_setup_stat_ep_num
                        0x0000f811     0x6  Code  Lc  ehci_dev_main.o [2]
usb_hal_ehci_clear_size_ioc_int_sts
                        0x0000fb0f     0x6  Code  Lc  ehci_dev_main.o [2]
usb_hal_ehci_clear_size_ioc_sts
                        0x0000fa97     0x6  Code  Lc  ehci_dev_main.o [2]
usb_hal_ehci_clear_usb_cmd_setup_trip_wire
                        0x0000f89f     0xe  Code  Lc  ehci_dev_main.o [2]
usb_hal_ehci_clear_usb_interrupt_status
                        0x0000f8ed     0x6  Code  Lc  ehci_dev_main.o [2]
usb_hal_ehci_disable_endpoint
                        0x0000f961    0x22  Code  Lc  ehci_dev_main.o [2]
usb_hal_ehci_disable_interrupts
                        0x0000f847     0xe  Code  Lc  ehci_dev_main.o [2]
usb_hal_ehci_disable_otg_interrupts
                        0x0000fb21     0xe  Code  Lc  ehci_dev_main.o [2]
usb_hal_ehci_disable_setup_lock
                        0x0000f7ed     0xe  Code  Lc  ehci_dev_main.o [2]
usb_hal_ehci_enable_endpoint
                        0x0000f901    0x60  Code  Lc  ehci_dev_main.o [2]
usb_hal_ehci_enable_interrupts
                        0x0000f83b     0xc  Code  Lc  ehci_dev_main.o [2]
usb_hal_ehci_enable_otg_interrupts
                        0x0000fb15     0xc  Code  Lc  ehci_dev_main.o [2]
usb_hal_ehci_flush_endpoint_buffer
                        0x0000f8d3     0x6  Code  Lc  ehci_dev_main.o [2]
usb_hal_ehci_get_dcc_params
                        0x0000f7fb     0x6  Code  Lc  ehci_dev_main.o [2]
usb_hal_ehci_get_dtd_error_status
                        0x0000faf1     0x8  Code  Lc  ehci_dev_main.o [2]
usb_hal_ehci_get_dtd_size_ioc_status
                        0x0000fae5     0x4  Code  Lc  ehci_dev_main.o [2]
usb_hal_ehci_get_endpoint_control
                        0x0000f983    0x14  Code  Lc  ehci_dev_main.o [2]
usb_hal_ehci_get_endpoint_prime
                        0x0000f8c7     0x6  Code  Lc  ehci_dev_main.o [2]
usb_hal_ehci_get_ep_complete_status
                        0x0000f81d     0x6  Code  Lc  ehci_dev_main.o [2]
usb_hal_ehci_get_ep_setup_status
                        0x0000f817     0x6  Code  Lc  ehci_dev_main.o [2]
usb_hal_ehci_get_eplist_address
                        0x0000f82f     0x6  Code  Lc  ehci_dev_main.o [2]
usb_hal_ehci_get_interrupt_enable_status
                        0x0000f835     0x6  Code  Lc  ehci_dev_main.o [2]
usb_hal_ehci_get_next_dtd_address
                        0x0000fae9     0x8  Code  Lc  ehci_dev_main.o [2]
usb_hal_ehci_get_otg_status
                        0x0000fb3b     0x6  Code  Lc  ehci_dev_main.o [2]
usb_hal_ehci_get_port_status
                        0x0000f8e1     0x6  Code  Lc  ehci_dev_main.o [2]
usb_hal_ehci_get_tr_packet_size
                        0x0000fb03     0x8  Code  Lc  ehci_dev_main.o [2]
usb_hal_ehci_get_usb_cmd
                        0x0000f8bb     0x6  Code  Lc  ehci_dev_main.o [2]
usb_hal_ehci_get_usb_interrupt_status
                        0x0000f8e7     0x6  Code  Lc  ehci_dev_main.o [2]
usb_hal_ehci_get_xd_for_this_dtd
                        0x0000fb0b     0x4  Code  Lc  ehci_dev_main.o [2]
usb_hal_ehci_initiate_attach_event
                        0x0000f855     0xe  Code  Lc  ehci_dev_main.o [2]
usb_hal_ehci_initiate_detach_event
                        0x0000f863     0xe  Code  Lc  ehci_dev_main.o [2]
usb_hal_ehci_is_endpoint_transfer_flushed
                        0x0000f8d9     0x8  Code  Lc  ehci_dev_main.o [2]
usb_hal_ehci_is_ios_set
                        0x0000fa75     0x8  Code  Lc  ehci_dev_main.o [2]
usb_hal_ehci_is_tripwire_set
                        0x0000f895     0xa  Code  Lc  ehci_dev_main.o [2]
usb_hal_ehci_phy_disable_pfd_clock_gate
                        0x0001157b     0xe  Code  Lc  usb_dev_bsp.o [2]
usb_hal_ehci_phy_disable_pulldown_resistor
                        0x0001156d     0xe  Code  Lc  usb_dev_bsp.o [2]
usb_hal_ehci_phy_enable_usb_clock
                        0x000114b9     0xe  Code  Lc  usb_dev_bsp.o [2]
usb_hal_ehci_phy_enable_utmi_level2
                        0x00011525     0xe  Code  Lc  usb_dev_bsp.o [2]
usb_hal_ehci_phy_enable_utmi_level3
                        0x00011533     0xe  Code  Lc  usb_dev_bsp.o [2]
usb_hal_ehci_phy_pll_clear_bypass
                        0x000114ab     0xe  Code  Lc  usb_dev_bsp.o [2]
usb_hal_ehci_phy_pll_enalbe_power_up
                        0x0001149d     0xe  Code  Lc  usb_dev_bsp.o [2]
usb_hal_ehci_phy_release_from_reset
                        0x00011509     0xe  Code  Lc  usb_dev_bsp.o [2]
usb_hal_ehci_phy_run_clock
                        0x00011517     0xe  Code  Lc  usb_dev_bsp.o [2]
usb_hal_ehci_phy_select_pfd_clock_divider
                        0x0001155b    0x12  Code  Lc  usb_dev_bsp.o [2]
usb_hal_ehci_phy_select_pll_reference_clock
                        0x000114c7    0x38  Code  Lc  usb_dev_bsp.o [2]
usb_hal_ehci_phy_set_pfd_frac_value
                        0x00011549    0x12  Code  Lc  usb_dev_bsp.o [2]
usb_hal_ehci_phy_set_power_state_to_normal
                        0x00011541     0x8  Code  Lc  usb_dev_bsp.o [2]
usb_hal_ehci_phy_trim_override_enable
                        0x00011495     0x8  Code  Lc  usb_dev_bsp.o [2]
usb_hal_ehci_phy_wait_pfd_stable
                        0x00011589     0xa  Code  Lc  usb_dev_bsp.o [2]
usb_hal_ehci_phy_wait_pll_lock
                        0x000114ff     0xa  Code  Lc  usb_dev_bsp.o [2]
usb_hal_ehci_reset_controller
                        0x0000f871     0x8  Code  Lc  ehci_dev_main.o [2]
usb_hal_ehci_reset_endpoint_data_toggle
                        0x0000f9d7    0x24  Code  Lc  ehci_dev_main.o [2]
usb_hal_ehci_set_controller_device_mode
                        0x0000f7cd    0x12  Code  Lc  ehci_dev_main.o [2]
usb_hal_ehci_set_device_address
                        0x0000fa5f     0x8  Code  Lc  ehci_dev_main.o [2]
usb_hal_ehci_set_dtd_buffer_address
                        0x0000fac5    0x1c  Code  Lc  ehci_dev_main.o [2]
usb_hal_ehci_set_dtd_next_tr_elem_ptr
                        0x0000fa89     0x4  Code  Lc  ehci_dev_main.o [2]
usb_hal_ehci_set_dtd_next_tr_elem_terminate
                        0x0000fa83     0x6  Code  Lc  ehci_dev_main.o [2]
usb_hal_ehci_set_dtd_size_ioc_status
                        0x0000fae1     0x4  Code  Lc  ehci_dev_main.o [2]
usb_hal_ehci_set_dtd_tripwire
                        0x0000f879     0xe  Code  Lc  ehci_dev_main.o [2]
usb_hal_ehci_set_endpoint_prime
                        0x0000f8c1     0x6  Code  Lc  ehci_dev_main.o [2]
usb_hal_ehci_set_eplist_address
                        0x0000f829     0x6  Code  Lc  ehci_dev_main.o [2]
usb_hal_ehci_set_little_endian
                        0x0000f7df     0xe  Code  Lc  ehci_dev_main.o [2]
usb_hal_ehci_set_max_packet_length
                        0x0000fa6d     0x4  Code  Lc  ehci_dev_main.o [2]
usb_hal_ehci_set_max_packet_length_for_non_iso
                        0x0000fa71     0x4  Code  Lc  ehci_dev_main.o [2]
usb_hal_ehci_set_next_dtd_invalid
                        0x0000fa91     0x6  Code  Lc  ehci_dev_main.o [2]
usb_hal_ehci_set_next_dtd_terminate
                        0x0000fa7d     0x6  Code  Lc  ehci_dev_main.o [2]
usb_hal_ehci_set_qh_next_dtd
                        0x0000fa8d     0x4  Code  Lc  ehci_dev_main.o [2]
usb_hal_ehci_set_usb_cmd_setup_trip_wire
                        0x0000f8ad     0xe  Code  Lc  ehci_dev_main.o [2]
usb_hal_ehci_stall_both_directions
                        0x0000f9fb    0x28  Code  Lc  ehci_dev_main.o [2]
usb_hal_ehci_stall_specific_direction
                        0x0000fa23    0x3c  Code  Lc  ehci_dev_main.o [2]
usb_lang                0x1fff0790     0xc  Data  Gb  usb_device_descriptor.o [2]
utf8_decode             0x00025b61    0xac  Code  Gb  mfs_unicode.o [2]
utf8_decode_r           0x00025c11   0x11e  Code  Gb  mfs_unicode.o [2]
utf8_encode             0x00025d2f    0x72  Code  Gb  mfs_unicode.o [2]
utf8_encode_r           0x00025da1    0x6e  Code  Gb  mfs_unicode.o [2]
vcom1_cbl               0x200057d4    0x6c  Data  Gb  USB_virtual_com1.o [2]
vcom2_cbl               0x20005840    0x6c  Data  Gb  USB_virtual_com2.o [2]
vcom_driver1            0x1fff0458    0x20  Data  Lc  Monitor_usb_drv.o [2]
vcom_driver2            0x1fff0478    0x20  Data  Lc  Monitor_usb_drv.o [2]
wvar                    0x2000490c    0xf8  Data  Gb  Main.o [2]


[1] = command line
[2] = d:\Embedded\Projects\OpenSource\Multizone_temperature_sensor\MK66_Firmware\OUTPUT\Obj
[3] = dl7M_tlf.a
[4] = m7M_tls.a
[5] = rt7M_tl.a

  158 438 bytes of readonly  code memory
   33 853 bytes of readonly  data memory
   88 290 bytes of readwrite data memory

Errors: none
Warnings: none
